07-16 13:37:59.052 11593 12828 W HttpCallTransport: Auth error getting auth token for CelloHttpCall{method=POST, url=https://play.googleapis.com/log, tags=Suppliers.memoize(jac@49b46ee), hasRequestBody=true, acceptHttpResponseGzipEncoding=true, failOnNonHttpsUrl=false, failOnCleartextPermitted=false, contextRequestHeaders=Content-Length : 73212,Content-Type : ,Host : play.googleapis.com,User-Agent : Cakemix/2.25.267.00.90 (walleye RP1A.201005.004.A1) Google.Drive/2.25.267.00.90 (OS=Android;OSVer=11;Manufacturer=Google;Model=Pixel 2;SyncEngine=Cello) Mozilla/5.0 (Linux; U; Android 11; en-us; Pixel 2 Build/RP1A.201005.004.A1) AppleWebKit/525.10+ (KHTML, like Gecko) Version/3.0.4 Mobile Safari/523.12.2,Accept-Encoding : gzip, additionalHeaders=}
07-16 13:37:59.052 11593 12828 W HttpCallTransport: android.accounts.AuthenticatorException: hre
07-16 13:37:59.052 11593 12828 W HttpCallTransport: 	at fih.h(PG:22)
07-16 13:37:59.052 11593 12828 W HttpCallTransport: 	at nkf.a(PG:25)
07-16 13:37:59.052 11593 12828 W HttpCallTransport: 	at nkh.b(PG:16)
07-16 13:37:59.052 11593 12828 W HttpCallTransport: 	at nkh.a(PG:15)
07-16 13:37:59.052 11593 12828 W HttpCallTransport: 	at ncq.run(PG:566)
07-16 13:37:59.052 11593 12828 W HttpCallTransport: 	at java.util.concurrent.ThreadPoolExecutor.runWorker(ThreadPoolExecutor.java:1167)
07-16 13:37:59.052 11593 12828 W HttpCallTransport: 	at java.util.concurrent.ThreadPoolExecutor$Worker.run(ThreadPoolExecutor.java:641)
07-16 13:37:59.052 11593 12828 W HttpCallTransport: 	at java.lang.Thread.run(Thread.java:923)
07-16 13:37:59.052 11593 12828 W HttpCallTransport: Caused by: hre
07-16 13:37:59.052 11593 12828 W HttpCallTransport: 	at gph.k(PG:271)
07-16 13:37:59.052 11593 12828 W HttpCallTransport: 	at fih.h(PG:14)
07-16 13:37:59.052 11593 12828 W HttpCallTransport: 	... 7 more
07-16 13:37:59.052 11593 12828 W HttpCallTransport: Auth error getting auth token for CelloHttpCall{method=POST, url=https://play.googleapis.com/log, tags=Suppliers.memoize(jac@49b46ee), hasRequestBody=true, acceptHttpResponseGzipEncoding=true, failOnNonHttpsUrl=false, failOnCleartextPermitted=false, contextRequestHeaders=Content-Length : 73212,Content-Type : ,Host : play.googleapis.com,User-Agent : Cakemix/2.25.267.00.90 (walleye RP1A.201005.004.A1) Google.Drive/2.25.267.00.90 (OS=Android;OSVer=11;Manufacturer=Google;Model=Pixel 2;SyncEngine=Cello) Mozilla/5.0 (Linux; U; Android 11; en-us; Pixel 2 Build/RP1A.201005.004.A1) AppleWebKit/525.10+ (KHTML, like Gecko) Version/3.0.4 Mobile Safari/523.12.2,Accept-Encoding : gzip, additionalHeaders=}
07-16 13:37:59.052 11593 12828 W HttpCallTransport: android.accounts.AuthenticatorException: hre
07-16 13:37:59.052 11593 12828 W HttpCallTransport: 	at fih.h(PG:22)
07-16 13:37:59.052 11593 12828 W HttpCallTransport: 	at nkf.a(PG:25)
07-16 13:37:59.052 11593 12828 W HttpCallTransport: 	at nkh.b(PG:16)
07-16 13:37:59.052 11593 12828 W HttpCallTransport: 	at nkh.a(PG:15)
07-16 13:37:59.052 11593 12828 W HttpCallTransport: 	at ncq.run(PG:566)
07-16 13:37:59.052 11593 12828 W HttpCallTransport: 	at java.util.concurrent.ThreadPoolExecutor.runWorker(ThreadPoolExecutor.java:1167)
07-16 13:37:59.052 11593 12828 W HttpCallTransport: 	at java.util.concurrent.ThreadPoolExecutor$Worker.run(ThreadPoolExecutor.java:641)
07-16 13:37:59.052 11593 12828 W HttpCallTransport: 	at java.lang.Thread.run(Thread.java:923)
07-16 13:37:59.052 11593 12828 W HttpCallTransport: Caused by: hre
07-16 13:37:59.052 11593 12828 W HttpCallTransport: 	at gph.k(PG:271)
07-16 13:37:59.052 11593 12828 W HttpCallTransport: 	at fih.h(PG:14)
07-16 13:37:59.052 11593 12828 W HttpCallTransport: 	... 7 more
07-16 13:37:59.053 11593 12564 E Cello   : [12564:NonCelloThread] drive_v2_cloud_store.cc:6971:DumpToLog Request 0x6f2ef9a690: 0 https://play.googleapis.com/log transport: drive::ds::Status::CANCELLED reader: drive::ds::Status::SUCCESS
07-16 13:37:59.053 11593 12564 E Cello   : [12564:NonCelloThread] drive_v2_cloud_store.cc:6971:DumpToLog req.hdr 0x6f2ef9a690: Content-Type=
07-16 13:37:59.053 11593 12564 E Cello   : [12564:NonCelloThread] drive_v2_cloud_store.cc:6971:DumpToLog Response body 0x6f2ef9a690: (no response body)
07-16 13:37:59.053 11593 12566 E Cello   : [12566:MetricsTransportThread-CELLO] metrics_transport.cc:242:SendRequest Request failed: drive::ds::Status::CANCELLED
07-16 13:37:59.053 11593 12566 I Cello   : [12566:MetricsTransportThread-CELLO] metrics_transport.cc:471:ProcessRequestsOnBackgroundThread Metrics failed to send, drive::ds::Status::CANCELLED
07-16 13:37:59.209  1863  2035 D bt_btif_config: btif_get_device_type: Device [4c:31:2d:15:ff:19] type 1
07-16 13:37:59.234 29762 30092 E AuthPII : [RequestTokenManager] getToken() -> BAD_AUTHENTICATION. App: com.google.android.apps.docs, Service: oauth2:https://www.googleapis.com/auth/drive https://www.googleapis.com/auth/drive.file https://www.googleapis.com/auth/drive.metadata.readonly https://www.googleapis.com/auth/drive.readonly https://docs.google.com/feeds https://docs.googleusercontent.com https://spreadsheets.google.com/feeds https://www.googleapis.com/auth/activity https://www.googleapis.com/auth/cloudprint https://www.googleapis.com/auth/discussions https://www.googleapis.com/auth/docs https://www.googleapis.com/auth/drive.apps https://www.googleapis.com/auth/drive.categories.readonly https://www.googleapis.com/auth/memento https://www.googleapis.com/auth/notifications https://www.googleapis.com/auth/spreadsheets https://www.googleapis.com/auth/vouchers https://www.googleapis.com/auth/gmail.readonly https://www.googleapis.com/auth/subscriptions https://www.googleapis.com/auth/peopleapi.readonly https://www.googleapis.com/auth/peopleapi.readwrite https://www.googleapis.com/auth/drive.activity.readonly https://www.googleapis.com/auth/cloud_search.query
07-16 13:37:59.234 29762 30092 E AuthPII : avtn: Long live credential not available.
07-16 13:37:59.234 29762 30092 E AuthPII : 	at aaud.a(:com.google.android.gms@252533022@25.25.33 (150400-781214296):1277)
07-16 13:37:59.234 29762 30092 E AuthPII : 	at aauj.b(:com.google.android.gms@252533022@25.25.33 (150400-781214296):30)
07-16 13:37:59.234 29762 30092 E AuthPII : 	at aauh.a(:com.google.android.gms@252533022@25.25.33 (150400-781214296):574)
07-16 13:37:59.234 29762 30092 E AuthPII : 	at aaug.b(:com.google.android.gms@252533022@25.25.33 (150400-781214296):115)
07-16 13:37:59.234 29762 30092 E AuthPII : 	at ulw.h(:com.google.android.gms@252533022@25.25.33 (150400-781214296):494)
07-16 13:37:59.234 29762 30092 E AuthPII : 	at ulw.d(:com.google.android.gms@252533022@25.25.33 (150400-781214296):150)
07-16 13:37:59.234 29762 30092 E AuthPII : 	at aanx.getAuthToken(:com.google.android.gms@252533022@25.25.33 (150400-781214296):410)
07-16 13:37:59.234 29762 30092 E AuthPII : 	at android.accounts.AbstractAccountAuthenticator$Transport.getAuthToken(AbstractAccountAuthenticator.java:244)
07-16 13:37:59.234 29762 30092 E AuthPII : 	at android.accounts.IAccountAuthenticator$Stub.onTransact(IAccountAuthenticator.java:282)
07-16 13:37:59.234 29762 30092 E AuthPII : 	at android.os.Binder.transact(Binder.java:1043)
07-16 13:37:59.234 29762 30092 E AuthPII : 	at bwua.onTransact(:com.google.android.gms@252533022@25.25.33 (150400-781214296):10)
07-16 13:37:59.234 29762 30092 E AuthPII : 	at android.os.Binder.transact(Binder.java:1043)
07-16 13:37:59.234 29762 30092 E AuthPII : 	at bncn.onTransact(:com.google.android.gms@252533022@25.25.33 (150400-781214296):157)
07-16 13:37:59.234 29762 30092 E AuthPII : 	at android.os.Binder.execTransactInternal(Binder.java:1159)
07-16 13:37:59.234 29762 30092 E AuthPII : 	at android.os.Binder.execTransact(Binder.java:1123)
07-16 13:37:59.235 29762 30092 E AuthPII : Message is Long live credential not available.
07-16 13:37:59.235 29762 30092 E AuthPII : avtn: Long live credential not available.
07-16 13:37:59.235 29762 30092 E AuthPII : 	at aaud.a(:com.google.android.gms@252533022@25.25.33 (150400-781214296):1277)
07-16 13:37:59.235 29762 30092 E AuthPII : 	at aauj.b(:com.google.android.gms@252533022@25.25.33 (150400-781214296):30)
07-16 13:37:59.235 29762 30092 E AuthPII : 	at aauh.a(:com.google.android.gms@252533022@25.25.33 (150400-781214296):574)
07-16 13:37:59.235 29762 30092 E AuthPII : 	at aaug.b(:com.google.android.gms@252533022@25.25.33 (150400-781214296):115)
07-16 13:37:59.235 29762 30092 E AuthPII : 	at ulw.h(:com.google.android.gms@252533022@25.25.33 (150400-781214296):494)
07-16 13:37:59.235 29762 30092 E AuthPII : 	at ulw.d(:com.google.android.gms@252533022@25.25.33 (150400-781214296):150)
07-16 13:37:59.235 29762 30092 E AuthPII : 	at aanx.getAuthToken(:com.google.android.gms@252533022@25.25.33 (150400-781214296):410)
07-16 13:37:59.235 29762 30092 E AuthPII : 	at android.accounts.AbstractAccountAuthenticator$Transport.getAuthToken(AbstractAccountAuthenticator.java:244)
07-16 13:37:59.235 29762 30092 E AuthPII : 	at android.accounts.IAccountAuthenticator$Stub.onTransact(IAccountAuthenticator.java:282)
07-16 13:37:59.235 29762 30092 E AuthPII : 	at android.os.Binder.transact(Binder.java:1043)
07-16 13:37:59.235 29762 30092 E AuthPII : 	at bwua.onTransact(:com.google.android.gms@252533022@25.25.33 (150400-781214296):10)
07-16 13:37:59.235 29762 30092 E AuthPII : 	at android.os.Binder.transact(Binder.java:1043)
07-16 13:37:59.235 29762 30092 E AuthPII : 	at bncn.onTransact(:com.google.android.gms@252533022@25.25.33 (150400-781214296):157)
07-16 13:37:59.235 29762 30092 E AuthPII : 	at android.os.Binder.execTransactInternal(Binder.java:1159)
07-16 13:37:59.235 29762 30092 E AuthPII : 	at android.os.Binder.execTransact(Binder.java:1123)
07-16 13:37:59.236 29762 30092 W Auth    : [GetToken] GetToken failed with status code: BadAuthentication  [CONTEXT service_id=343 ]
07-16 13:37:59.259 29762 30092 W GLSActivity: [GmsAccountAuthenticatorImpl] error status while fetching token:BadAuthentication
07-16 13:37:59.260  1863  2035 D bt_btif_config: btif_get_device_type: Device [44:37:0b:ce:8f:47] type 1
07-16 13:37:59.267 11593 12828 W HttpCallTransport: Auth error getting auth token for CelloHttpCall{method=POST, url=https://play.googleapis.com/log, tags=Suppliers.memoize(jac@a1bf852), hasRequestBody=true, acceptHttpResponseGzipEncoding=true, failOnNonHttpsUrl=false, failOnCleartextPermitted=false, contextRequestHeaders=Content-Length : 72065,Content-Type : ,Host : play.googleapis.com,User-Agent : Cakemix/2.25.267.00.90 (walleye RP1A.201005.004.A1) Google.Drive/2.25.267.00.90 (OS=Android;OSVer=11;Manufacturer=Google;Model=Pixel 2;SyncEngine=Cello) Mozilla/5.0 (Linux; U; Android 11; en-us; Pixel 2 Build/RP1A.201005.004.A1) AppleWebKit/525.10+ (KHTML, like Gecko) Version/3.0.4 Mobile Safari/523.12.2,Accept-Encoding : gzip, additionalHeaders=}
07-16 13:37:59.267 11593 12828 W HttpCallTransport: android.accounts.AuthenticatorException: hre
07-16 13:37:59.267 11593 12828 W HttpCallTransport: 	at fih.h(PG:22)
07-16 13:37:59.267 11593 12828 W HttpCallTransport: 	at nkf.a(PG:25)
07-16 13:37:59.267 11593 12828 W HttpCallTransport: 	at nkh.b(PG:16)
07-16 13:37:59.267 11593 12828 W HttpCallTransport: 	at nkh.a(PG:15)
07-16 13:37:59.267 11593 12828 W HttpCallTransport: 	at ncq.run(PG:566)
07-16 13:37:59.267 11593 12828 W HttpCallTransport: 	at java.util.concurrent.ThreadPoolExecutor.runWorker(ThreadPoolExecutor.java:1167)
07-16 13:37:59.267 11593 12828 W HttpCallTransport: 	at java.util.concurrent.ThreadPoolExecutor$Worker.run(ThreadPoolExecutor.java:641)
07-16 13:37:59.267 11593 12828 W HttpCallTransport: 	at java.lang.Thread.run(Thread.java:923)
07-16 13:37:59.267 11593 12828 W HttpCallTransport: Caused by: hre
07-16 13:37:59.267 11593 12828 W HttpCallTransport: 	at gph.k(PG:271)
07-16 13:37:59.267 11593 12828 W HttpCallTransport: 	at fih.h(PG:14)
07-16 13:37:59.267 11593 12828 W HttpCallTransport: 	... 7 more
07-16 13:37:59.267 11593 12828 W HttpCallTransport: Auth error getting auth token for CelloHttpCall{method=POST, url=https://play.googleapis.com/log, tags=Suppliers.memoize(jac@a1bf852), hasRequestBody=true, acceptHttpResponseGzipEncoding=true, failOnNonHttpsUrl=false, failOnCleartextPermitted=false, contextRequestHeaders=Content-Length : 72065,Content-Type : ,Host : play.googleapis.com,User-Agent : Cakemix/2.25.267.00.90 (walleye RP1A.201005.004.A1) Google.Drive/2.25.267.00.90 (OS=Android;OSVer=11;Manufacturer=Google;Model=Pixel 2;SyncEngine=Cello) Mozilla/5.0 (Linux; U; Android 11; en-us; Pixel 2 Build/RP1A.201005.004.A1) AppleWebKit/525.10+ (KHTML, like Gecko) Version/3.0.4 Mobile Safari/523.12.2,Accept-Encoding : gzip, additionalHeaders=}
07-16 13:37:59.267 11593 12828 W HttpCallTransport: android.accounts.AuthenticatorException: hre
07-16 13:37:59.267 11593 12828 W HttpCallTransport: 	at fih.h(PG:22)
07-16 13:37:59.267 11593 12828 W HttpCallTransport: 	at nkf.a(PG:25)
07-16 13:37:59.267 11593 12828 W HttpCallTransport: 	at nkh.b(PG:16)
07-16 13:37:59.267 11593 12828 W HttpCallTransport: 	at nkh.a(PG:15)
07-16 13:37:59.267 11593 12828 W HttpCallTransport: 	at ncq.run(PG:566)
07-16 13:37:59.267 11593 12828 W HttpCallTransport: 	at java.util.concurrent.ThreadPoolExecutor.runWorker(ThreadPoolExecutor.java:1167)
07-16 13:37:59.267 11593 12828 W HttpCallTransport: 	at java.util.concurrent.ThreadPoolExecutor$Worker.run(ThreadPoolExecutor.java:641)
07-16 13:37:59.267 11593 12828 W HttpCallTransport: 	at java.lang.Thread.run(Thread.java:923)
07-16 13:37:59.267 11593 12828 W HttpCallTransport: Caused by: hre
07-16 13:37:59.267 11593 12828 W HttpCallTransport: 	at gph.k(PG:271)
07-16 13:37:59.267 11593 12828 W HttpCallTransport: 	at fih.h(PG:14)
07-16 13:37:59.267 11593 12828 W HttpCallTransport: 	... 7 more
07-16 13:37:59.297 11593 12579 E Cello   : [12579:NonCelloThread] drive_v2_cloud_store.cc:6971:DumpToLog Request 0x6f2ef9a690: 0 https://play.googleapis.com/log transport: drive::ds::Status::CANCELLED reader: drive::ds::Status::SUCCESS
07-16 13:37:59.298 11593 12579 E Cello   : [12579:NonCelloThread] drive_v2_cloud_store.cc:6971:DumpToLog req.hdr 0x6f2ef9a690: Content-Type=
07-16 13:37:59.298 11593 12579 E Cello   : [12579:NonCelloThread] drive_v2_cloud_store.cc:6971:DumpToLog Response body 0x6f2ef9a690: (no response body)
07-16 13:37:59.301 11593 12581 E Cello   : [12581:MetricsTransportThread-CELLO] metrics_transport.cc:242:SendRequest Request failed: drive::ds::Status::CANCELLED
07-16 13:37:59.301 11593 12581 I Cello   : [12581:MetricsTransportThread-CELLO] metrics_transport.cc:471:ProcessRequestsOnBackgroundThread Metrics failed to send, drive::ds::Status::CANCELLED
07-16 13:37:59.324 29762 30707 E AuthPII : [RequestTokenManager] getToken() -> BAD_AUTHENTICATION. App: com.google.android.apps.docs, Service: oauth2:https://www.googleapis.com/auth/drive https://www.googleapis.com/auth/drive.file https://www.googleapis.com/auth/drive.metadata.readonly https://www.googleapis.com/auth/drive.readonly https://docs.google.com/feeds https://docs.googleusercontent.com https://spreadsheets.google.com/feeds https://www.googleapis.com/auth/activity https://www.googleapis.com/auth/cloudprint https://www.googleapis.com/auth/discussions https://www.googleapis.com/auth/docs https://www.googleapis.com/auth/drive.apps https://www.googleapis.com/auth/drive.categories.readonly https://www.googleapis.com/auth/memento https://www.googleapis.com/auth/notifications https://www.googleapis.com/auth/spreadsheets https://www.googleapis.com/auth/vouchers https://www.googleapis.com/auth/gmail.readonly https://www.googleapis.com/auth/subscriptions https://www.googleapis.com/auth/peopleapi.readonly https://www.googleapis.com/auth/peopleapi.readwrite https://www.googleapis.com/auth/drive.activity.readonly https://www.googleapis.com/auth/cloud_search.query
07-16 13:37:59.324 29762 30707 E AuthPII : avtn: Long live credential not available.
07-16 13:37:59.324 29762 30707 E AuthPII : 	at aaud.a(:com.google.android.gms@252533022@25.25.33 (150400-781214296):1277)
07-16 13:37:59.324 29762 30707 E AuthPII : 	at aauj.b(:com.google.android.gms@252533022@25.25.33 (150400-781214296):30)
07-16 13:37:59.324 29762 30707 E AuthPII : 	at aauh.a(:com.google.android.gms@252533022@25.25.33 (150400-781214296):574)
07-16 13:37:59.324 29762 30707 E AuthPII : 	at aaug.b(:com.google.android.gms@252533022@25.25.33 (150400-781214296):115)
07-16 13:37:59.324 29762 30707 E AuthPII : 	at ulw.h(:com.google.android.gms@252533022@25.25.33 (150400-781214296):494)
07-16 13:37:59.324 29762 30707 E AuthPII : 	at ulw.d(:com.google.android.gms@252533022@25.25.33 (150400-781214296):150)
07-16 13:37:59.324 29762 30707 E AuthPII : 	at aanx.getAuthToken(:com.google.android.gms@252533022@25.25.33 (150400-781214296):410)
07-16 13:37:59.324 29762 30707 E AuthPII : 	at android.accounts.AbstractAccountAuthenticator$Transport.getAuthToken(AbstractAccountAuthenticator.java:244)
07-16 13:37:59.324 29762 30707 E AuthPII : 	at android.accounts.IAccountAuthenticator$Stub.onTransact(IAccountAuthenticator.java:282)
07-16 13:37:59.324 29762 30707 E AuthPII : 	at android.os.Binder.transact(Binder.java:1043)
07-16 13:37:59.324 29762 30707 E AuthPII : 	at bwua.onTransact(:com.google.android.gms@252533022@25.25.33 (150400-781214296):10)
07-16 13:37:59.324 29762 30707 E AuthPII : 	at android.os.Binder.transact(Binder.java:1043)
07-16 13:37:59.324 29762 30707 E AuthPII : 	at bncn.onTransact(:com.google.android.gms@252533022@25.25.33 (150400-781214296):157)
07-16 13:37:59.324 29762 30707 E AuthPII : 	at android.os.Binder.execTransactInternal(Binder.java:1159)
07-16 13:37:59.324 29762 30707 E AuthPII : 	at android.os.Binder.execTransact(Binder.java:1123)
07-16 13:37:59.325 29762 30707 E AuthPII : Message is Long live credential not available.
07-16 13:37:59.325 29762 30707 E AuthPII : avtn: Long live credential not available.
07-16 13:37:59.325 29762 30707 E AuthPII : 	at aaud.a(:com.google.android.gms@252533022@25.25.33 (150400-781214296):1277)
07-16 13:37:59.325 29762 30707 E AuthPII : 	at aauj.b(:com.google.android.gms@252533022@25.25.33 (150400-781214296):30)
07-16 13:37:59.325 29762 30707 E AuthPII : 	at aauh.a(:com.google.android.gms@252533022@25.25.33 (150400-781214296):574)
07-16 13:37:59.325 29762 30707 E AuthPII : 	at aaug.b(:com.google.android.gms@252533022@25.25.33 (150400-781214296):115)
07-16 13:37:59.325 29762 30707 E AuthPII : 	at ulw.h(:com.google.android.gms@252533022@25.25.33 (150400-781214296):494)
07-16 13:37:59.325 29762 30707 E AuthPII : 	at ulw.d(:com.google.android.gms@252533022@25.25.33 (150400-781214296):150)
07-16 13:37:59.325 29762 30707 E AuthPII : 	at aanx.getAuthToken(:com.google.android.gms@252533022@25.25.33 (150400-781214296):410)
07-16 13:37:59.325 29762 30707 E AuthPII : 	at android.accounts.AbstractAccountAuthenticator$Transport.getAuthToken(AbstractAccountAuthenticator.java:244)
07-16 13:37:59.325 29762 30707 E AuthPII : 	at android.accounts.IAccountAuthenticator$Stub.onTransact(IAccountAuthenticator.java:282)
07-16 13:37:59.325 29762 30707 E AuthPII : 	at android.os.Binder.transact(Binder.java:1043)
07-16 13:37:59.325 29762 30707 E AuthPII : 	at bwua.onTransact(:com.google.android.gms@252533022@25.25.33 (150400-781214296):10)
07-16 13:37:59.325 29762 30707 E AuthPII : 	at android.os.Binder.transact(Binder.java:1043)
07-16 13:37:59.325 29762 30707 E AuthPII : 	at bncn.onTransact(:com.google.android.gms@252533022@25.25.33 (150400-781214296):157)
07-16 13:37:59.325 29762 30707 E AuthPII : 	at android.os.Binder.execTransactInternal(Binder.java:1159)
07-16 13:37:59.325 29762 30707 E AuthPII : 	at android.os.Binder.execTransact(Binder.java:1123)
07-16 13:37:59.325 29762 30707 W Auth    : [GetToken] GetToken failed with status code: BadAuthentication  [CONTEXT service_id=343 ]
07-16 13:37:59.351 29762 30707 W GLSActivity: [GmsAccountAuthenticatorImpl] error status while fetching token:BadAuthentication
07-16 13:37:59.364 11593 12802 W HttpCallTransport: Auth error getting auth token for CelloHttpCall{method=POST, url=https://play.googleapis.com/log, tags=Suppliers.memoize(jac@fecac76), hasRequestBody=true, acceptHttpResponseGzipEncoding=true, failOnNonHttpsUrl=false, failOnCleartextPermitted=false, contextRequestHeaders=Content-Length : 29384,Content-Type : ,Host : play.googleapis.com,User-Agent : Cakemix/2.25.267.00.90 (walleye RP1A.201005.004.A1) Google.Drive/2.25.267.00.90 (OS=Android;OSVer=11;Manufacturer=Google;Model=Pixel 2;SyncEngine=Cello) Mozilla/5.0 (Linux; U; Android 11; en-us; Pixel 2 Build/RP1A.201005.004.A1) AppleWebKit/525.10+ (KHTML, like Gecko) Version/3.0.4 Mobile Safari/523.12.2,Accept-Encoding : gzip, additionalHeaders=}
07-16 13:37:59.364 11593 12802 W HttpCallTransport: android.accounts.AuthenticatorException: hre
07-16 13:37:59.364 11593 12802 W HttpCallTransport: 	at fih.h(PG:22)
07-16 13:37:59.364 11593 12802 W HttpCallTransport: 	at nkf.a(PG:25)
07-16 13:37:59.364 11593 12802 W HttpCallTransport: 	at nkh.b(PG:16)
07-16 13:37:59.364 11593 12802 W HttpCallTransport: 	at nkh.a(PG:15)
07-16 13:37:59.364 11593 12802 W HttpCallTransport: 	at ncq.run(PG:566)
07-16 13:37:59.364 11593 12802 W HttpCallTransport: 	at java.util.concurrent.ThreadPoolExecutor.runWorker(ThreadPoolExecutor.java:1167)
07-16 13:37:59.364 11593 12802 W HttpCallTransport: 	at java.util.concurrent.ThreadPoolExecutor$Worker.run(ThreadPoolExecutor.java:641)
07-16 13:37:59.364 11593 12802 W HttpCallTransport: 	at java.lang.Thread.run(Thread.java:923)
07-16 13:37:59.364 11593 12802 W HttpCallTransport: Caused by: hre
07-16 13:37:59.364 11593 12802 W HttpCallTransport: 	at gph.k(PG:271)
07-16 13:37:59.364 11593 12802 W HttpCallTransport: 	at fih.h(PG:14)
07-16 13:37:59.364 11593 12802 W HttpCallTransport: 	... 7 more
07-16 13:37:59.364 11593 12802 W HttpCallTransport: Auth error getting auth token for CelloHttpCall{method=POST, url=https://play.googleapis.com/log, tags=Suppliers.memoize(jac@fecac76), hasRequestBody=true, acceptHttpResponseGzipEncoding=true, failOnNonHttpsUrl=false, failOnCleartextPermitted=false, contextRequestHeaders=Content-Length : 29384,Content-Type : ,Host : play.googleapis.com,User-Agent : Cakemix/2.25.267.00.90 (walleye RP1A.201005.004.A1) Google.Drive/2.25.267.00.90 (OS=Android;OSVer=11;Manufacturer=Google;Model=Pixel 2;SyncEngine=Cello) Mozilla/5.0 (Linux; U; Android 11; en-us; Pixel 2 Build/RP1A.201005.004.A1) AppleWebKit/525.10+ (KHTML, like Gecko) Version/3.0.4 Mobile Safari/523.12.2,Accept-Encoding : gzip, additionalHeaders=}
07-16 13:37:59.364 11593 12802 W HttpCallTransport: android.accounts.AuthenticatorException: hre
07-16 13:37:59.364 11593 12802 W HttpCallTransport: 	at fih.h(PG:22)
07-16 13:37:59.364 11593 12802 W HttpCallTransport: 	at nkf.a(PG:25)
07-16 13:37:59.364 11593 12802 W HttpCallTransport: 	at nkh.b(PG:16)
07-16 13:37:59.364 11593 12802 W HttpCallTransport: 	at nkh.a(PG:15)
07-16 13:37:59.364 11593 12802 W HttpCallTransport: 	at ncq.run(PG:566)
07-16 13:37:59.364 11593 12802 W HttpCallTransport: 	at java.util.concurrent.ThreadPoolExecutor.runWorker(ThreadPoolExecutor.java:1167)
07-16 13:37:59.364 11593 12802 W HttpCallTransport: 	at java.util.concurrent.ThreadPoolExecutor$Worker.run(ThreadPoolExecutor.java:641)
07-16 13:37:59.364 11593 12802 W HttpCallTransport: 	at java.lang.Thread.run(Thread.java:923)
07-16 13:37:59.364 11593 12802 W HttpCallTransport: Caused by: hre
07-16 13:37:59.364 11593 12802 W HttpCallTransport: 	at gph.k(PG:271)
07-16 13:37:59.364 11593 12802 W HttpCallTransport: 	at fih.h(PG:14)
07-16 13:37:59.364 11593 12802 W HttpCallTransport: 	... 7 more
07-16 13:37:59.365 11593 12594 E Cello   : [12594:NonCelloThread] drive_v2_cloud_store.cc:6971:DumpToLog Request 0x6f2ef85870: 0 https://play.googleapis.com/log transport: drive::ds::Status::CANCELLED reader: drive::ds::Status::SUCCESS
07-16 13:37:59.365 11593 12594 E Cello   : [12594:NonCelloThread] drive_v2_cloud_store.cc:6971:DumpToLog req.hdr 0x6f2ef85870: Content-Type=
07-16 13:37:59.365 11593 12594 E Cello   : [12594:NonCelloThread] drive_v2_cloud_store.cc:6971:DumpToLog Response body 0x6f2ef85870: (no response body)
07-16 13:37:59.365 11593 12596 E Cello   : [12596:MetricsTransportThread-CELLO] metrics_transport.cc:242:SendRequest Request failed: drive::ds::Status::CANCELLED
07-16 13:37:59.365 11593 12596 I Cello   : [12596:MetricsTransportThread-CELLO] metrics_transport.cc:471:ProcessRequestsOnBackgroundThread Metrics failed to send, drive::ds::Status::CANCELLED
07-16 13:37:59.490  1863  2035 D bt_btif_config: btif_get_device_type: Device [fc:70:2e:ad:f1:38] type 3
07-16 13:37:59.550  1863  2035 D bt_btif_config: btif_get_device_type: Device [4c:31:2d:15:ff:19] type 1
07-16 13:37:59.638  1863  2035 D bt_btif_config: btif_get_device_type: Device [63:2e:86:79:ac:35] type 2
07-16 13:37:59.653  1863  2035 D bt_btif_config: btif_get_device_type: Device [1c:ea:ac:73:0e:c7] type 3
07-16 13:37:59.746  1863  2035 D bt_btif_config: btif_get_device_type: Device [6c:85:98:2d:87:4a] type 2
07-16 13:37:59.757  1863  2035 D bt_btif_config: btif_get_device_type: Device [5c:e5:14:91:2a:d2] type 2
07-16 13:37:59.835  1863  2035 D bt_btif_config: btif_get_device_type: Device [4f:ad:60:d1:15:90] type 2
07-16 13:37:59.862  5174 11168 I PlayCommon: [3590] Preparing logs for uploading
07-16 13:37:59.887 29762 30152 E AuthPII : [RequestTokenManager] getToken() -> BAD_AUTHENTICATION. App: com.android.vending, Service: oauth2:https://www.googleapis.com/auth/googleplay
07-16 13:37:59.887 29762 30152 E AuthPII : avtn: Long live credential not available.
07-16 13:37:59.887 29762 30152 E AuthPII : 	at aaud.a(:com.google.android.gms@252533022@25.25.33 (150400-781214296):1277)
07-16 13:37:59.887 29762 30152 E AuthPII : 	at aauj.b(:com.google.android.gms@252533022@25.25.33 (150400-781214296):30)
07-16 13:37:59.887 29762 30152 E AuthPII : 	at aauh.a(:com.google.android.gms@252533022@25.25.33 (150400-781214296):574)
07-16 13:37:59.887 29762 30152 E AuthPII : 	at aaug.b(:com.google.android.gms@252533022@25.25.33 (150400-781214296):115)
07-16 13:37:59.887 29762 30152 E AuthPII : 	at ulw.h(:com.google.android.gms@252533022@25.25.33 (150400-781214296):494)
07-16 13:37:59.887 29762 30152 E AuthPII : 	at ulw.d(:com.google.android.gms@252533022@25.25.33 (150400-781214296):150)
07-16 13:37:59.887 29762 30152 E AuthPII : 	at aanx.getAuthToken(:com.google.android.gms@252533022@25.25.33 (150400-781214296):410)
07-16 13:37:59.887 29762 30152 E AuthPII : 	at android.accounts.AbstractAccountAuthenticator$Transport.getAuthToken(AbstractAccountAuthenticator.java:244)
07-16 13:37:59.887 29762 30152 E AuthPII : 	at android.accounts.IAccountAuthenticator$Stub.onTransact(IAccountAuthenticator.java:282)
07-16 13:37:59.887 29762 30152 E AuthPII : 	at android.os.Binder.transact(Binder.java:1043)
07-16 13:37:59.887 29762 30152 E AuthPII : 	at bwua.onTransact(:com.google.android.gms@252533022@25.25.33 (150400-781214296):10)
07-16 13:37:59.887 29762 30152 E AuthPII : 	at android.os.Binder.transact(Binder.java:1043)
07-16 13:37:59.887 29762 30152 E AuthPII : 	at bncn.onTransact(:com.google.android.gms@252533022@25.25.33 (150400-781214296):157)
07-16 13:37:59.887 29762 30152 E AuthPII : 	at android.os.Binder.execTransactInternal(Binder.java:1159)
07-16 13:37:59.887 29762 30152 E AuthPII : 	at android.os.Binder.execTransact(Binder.java:1123)
07-16 13:37:59.888 29762 30152 E AuthPII : Message is Long live credential not available.
07-16 13:37:59.888 29762 30152 E AuthPII : avtn: Long live credential not available.
07-16 13:37:59.888 29762 30152 E AuthPII : 	at aaud.a(:com.google.android.gms@252533022@25.25.33 (150400-781214296):1277)
07-16 13:37:59.888 29762 30152 E AuthPII : 	at aauj.b(:com.google.android.gms@252533022@25.25.33 (150400-781214296):30)
07-16 13:37:59.888 29762 30152 E AuthPII : 	at aauh.a(:com.google.android.gms@252533022@25.25.33 (150400-781214296):574)
07-16 13:37:59.888 29762 30152 E AuthPII : 	at aaug.b(:com.google.android.gms@252533022@25.25.33 (150400-781214296):115)
07-16 13:37:59.888 29762 30152 E AuthPII : 	at ulw.h(:com.google.android.gms@252533022@25.25.33 (150400-781214296):494)
07-16 13:37:59.888 29762 30152 E AuthPII : 	at ulw.d(:com.google.android.gms@252533022@25.25.33 (150400-781214296):150)
07-16 13:37:59.888 29762 30152 E AuthPII : 	at aanx.getAuthToken(:com.google.android.gms@252533022@25.25.33 (150400-781214296):410)
07-16 13:37:59.888 29762 30152 E AuthPII : 	at android.accounts.AbstractAccountAuthenticator$Transport.getAuthToken(AbstractAccountAuthenticator.java:244)
07-16 13:37:59.888 29762 30152 E AuthPII : 	at android.accounts.IAccountAuthenticator$Stub.onTransact(IAccountAuthenticator.java:282)
07-16 13:37:59.888 29762 30152 E AuthPII : 	at android.os.Binder.transact(Binder.java:1043)
07-16 13:37:59.888 29762 30152 E AuthPII : 	at bwua.onTransact(:com.google.android.gms@252533022@25.25.33 (150400-781214296):10)
07-16 13:37:59.888 29762 30152 E AuthPII : 	at android.os.Binder.transact(Binder.java:1043)
07-16 13:37:59.888 29762 30152 E AuthPII : 	at bncn.onTransact(:com.google.android.gms@252533022@25.25.33 (150400-781214296):157)
07-16 13:37:59.888 29762 30152 E AuthPII : 	at android.os.Binder.execTransactInternal(Binder.java:1159)
07-16 13:37:59.888 29762 30152 E AuthPII : 	at android.os.Binder.execTransact(Binder.java:1123)
07-16 13:37:59.888 29762 30152 W Auth    : [GetToken] GetToken failed with status code: BadAuthentication  [CONTEXT service_id=343 ]
07-16 13:37:59.914 29762 30152 W GLSActivity: [GmsAccountAuthenticatorImpl] error status while fetching token:BadAuthentication
07-16 13:37:59.924  5174 11168 W PlayCommon: [3590] Deferring log upload because couldn't retrieve auth token
07-16 13:38:00.011  1863  2035 D bt_btif_config: btif_get_device_type: Device [fc:70:2e:c2:ae:62] type 1
07-16 13:38:00.063   972   972 I android.hardware.health@2.0-service.wahoo: SRAM data: 2443000
07-16 13:38:00.075  1863  2035 D bt_btif_config: btif_get_device_type: Device [fc:70:2e:ad:f1:b8] type 3
07-16 13:38:00.092  1884  9939 D PowerUI : can't show warning due to - plugged: true status unknown: false
07-16 13:38:00.247  1863  2035 D bt_btif_config: btif_get_device_type: Device [4c:31:2d:16:06:59] type 3
07-16 13:38:00.294  1863  2035 D bt_btif_config: btif_get_device_type: Device [e0:e0:fc:47:9e:b9] type 1
07-16 13:38:00.439  1863  2035 D bt_btif_config: btif_get_device_type: Device [9c:12:21:8d:24:02] type 3
07-16 13:38:00.500  1863  2035 D bt_btif_config: btif_get_device_type: Device [28:3d:e8:70:56:ca] type 1
07-16 13:38:00.549  1863  2035 D bt_btif_config: btif_get_device_type: Device [9c:12:21:35:76:42] type 3
07-16 13:38:00.639  1863  2035 D bt_btif_config: btif_get_device_type: Device [9c:12:21:47:14:29] type 1
07-16 13:38:00.716  1863  2035 D bt_btif_config: btif_get_device_type: Device [4c:31:2d:16:06:59] type 3
07-16 13:38:00.935   963   963 D audio_hw_primary: disable_audio_route: usecase(1) reset and update mixer path: low-latency-playback speaker
07-16 13:38:00.938   963   963 D audio_hw_primary: disable_snd_device: snd_device(2: speaker)
07-16 13:38:00.946  1427  1725 I system_server: oneway function results will be dropped but finished with status OK and parcel size 4
07-16 13:38:00.994   676  2416 I BpBinder: onLastStrongRef automatically unlinking death recipients: <uncached descriptor>
07-16 13:38:01.322  1863  2035 D bt_btif_config: btif_get_device_type: Device [50:08:1a:ea:9b:22] type 2
07-16 13:38:01.382  1863  2035 D bt_btif_config: btif_get_device_type: Device [1d:17:92:6a:cc:cf] type 2
07-16 13:38:01.396  1863  2035 D bt_btif_config: btif_get_device_type: Device [61:8f:49:04:fa:c0] type 2
07-16 13:38:01.550  1863  2035 D bt_btif_config: btif_get_device_type: Device [77:64:5f:28:89:82] type 2
07-16 13:38:01.607  1863  2035 D bt_btif_config: btif_get_device_type: Device [b8:41:d9:7e:e1:45] type 1
07-16 13:38:01.779  1863  2035 D bt_btif_config: btif_get_device_type: Device [44:37:0b:ce:8f:1d] type 1
07-16 13:38:02.029  1863  2035 D bt_btif_config: btif_get_device_type: Device [44:37:0b:ce:cf:f9] type 1
07-16 13:38:02.401  1863  2035 D bt_btif_config: btif_get_device_type: Device [b8:41:d9:7e:d1:2f] type 1
07-16 13:38:02.548  1863  2035 D bt_btif_config: btif_get_device_type: Device [fc:70:2e:ad:f2:e0] type 3
07-16 13:38:02.856   963  4105 D audio_hw_primary: enable_snd_device: snd_device(2: speaker)
07-16 13:38:02.857   963  4105 D audio_route: Apply path: speaker
07-16 13:38:02.858   963  4105 D ACDB-LOADER: ACDB -> send_audio_cal, acdb_id = 15, path = 0, app id = 0x11130, sample rate = 48000
07-16 13:38:02.858   963  4105 D ACDB-LOADER: ACDB -> ACDB_CMD_GET_AUDPROC_GAIN_DEP_STEP_TABLE, vol index 0
07-16 13:38:02.858   963  4105 D ACDB-LOADER: ACDB -> GET_AFE_TOPOLOGY_ID for adcd_id 15, Topology Id 112fc
07-16 13:38:02.858   963  4105 D android.hardware.audio.service: Failed to fetch the lookup information of the device 0000000F 
07-16 13:38:02.858   963  4105 D ACDB-LOADER: Error: ACDB AFE returned = -19
07-16 13:38:02.858   963  4105 D audio_hw_primary: enable_audio_route: usecase(1) apply and update mixer path: low-latency-playback speaker
07-16 13:38:02.858   963  4105 D audio_route: Apply path: low-latency-playback speaker
07-16 13:38:02.861   675   675 D android.hardware.power@1.3-service.pixel-libperfmgr: AUDIO_STREAMING: 1
07-16 13:38:02.881  1863  2035 D bt_btif_config: btif_get_device_type: Device [69:b6:f1:06:15:52] type 2
07-16 13:38:02.887  1427  1725 I system_server: oneway function results will be dropped but finished with status OK and parcel size 4
07-16 13:38:02.890  1427  1725 I system_server: oneway function results will be dropped but finished with status OK and parcel size 4
07-16 13:38:02.895   963  4105 D audio_hw_primary: out_write: retry previous failed cal level set
07-16 13:38:02.895   675   675 D android.hardware.power@1.3-service.pixel-libperfmgr: AUDIO_STREAMING: 0
07-16 13:38:03.013 30184 30184 W ThreadPoolForeg: type=1400 audit(0.0:4404): avc: denied { write } for name="traced_producer" dev="tmpfs" ino=20829 scontext=u:r:gmscore_app:s0:c512,c768 tcontext=u:object_r:traced_producer_socket:s0 tclass=sock_file permissive=0 app=com.google.android.gms
07-16 13:38:03.050  1427  1725 I system_server: oneway function results will be dropped but finished with status OK and parcel size 4
07-16 13:38:03.379 29293 29293 I GoogleInputMethodService: GoogleInputMethodService.onFinishInput():1984 
07-16 13:38:03.381 29293 29293 I Module  : DeviceLockedStatusModuleProvider$Module.updateDeviceLockedStatus():100 repeatCheckTimes = 0, locked = false
07-16 13:38:03.382 29293 29293 I GoogleInputMethodService: GoogleInputMethodService.onStartInput():1248 onStartInput(EditorInfo{EditorInfo{packageName=com.google.android.videos, inputType=20001, inputTypeString=Normal[MultiLine], enableLearning=true, autoCorrection=true, autoComplete=true, imeOptions=40000006, privateImeOptions=null, actionName=DONE, actionLabel=null, initialSelStart=0, initialSelEnd=0, initialCapsMode=0, label=null, fieldId=2131428856, fieldName=null, extras=null, hintText=null, hintLocales=[]}}, false)
07-16 13:38:03.383 29293 29293 I Module  : DeviceLockedStatusModuleProvider$Module.updateDeviceLockedStatus():100 repeatCheckTimes = 1, locked = false
07-16 13:38:03.393 29293 29293 I GoogleInputMethodService: GoogleInputMethodService.onStartInputView():1343 onStartInputView(EditorInfo{EditorInfo{packageName=com.google.android.videos, inputType=20001, inputTypeString=Normal[MultiLine], enableLearning=true, autoCorrection=true, autoComplete=true, imeOptions=40000006, privateImeOptions=null, actionName=DONE, actionLabel=null, initialSelStart=0, initialSelEnd=0, initialCapsMode=0, label=null, fieldId=2131428856, fieldName=null, extras=null, hintText=null, hintLocales=[]}}, false)
07-16 13:38:03.399 29293 29293 W ModuleManager: ModuleManager.loadModule():547 Module mup is not available
07-16 13:38:03.400 29293 29293 I KeyboardHeightUtil: KeyboardHeightUtil.getOemKeyboardHeightRatio():108 systemKeyboardHeightRatio:1.000000.
07-16 13:38:03.407 29293 29293 I AndroidIME: InputBundleManager.loadActiveInputBundleId():490 loadActiveInputBundleId: en-US, ime_english_united_states
07-16 13:38:03.408 29293 29293 I AndroidIME: AbstractIme.onActivate():96 LatinIme.onActivate() : EditorInfo = EditorInfo{packageName=com.google.android.videos, inputType=20001, inputTypeString=Normal[MultiLine], enableLearning=true, autoCorrection=true, autoComplete=true, imeOptions=40000006, privateImeOptions=null, actionName=DONE, actionLabel=null, initialSelStart=0, initialSelEnd=0, initialCapsMode=0, label=null, fieldId=2131428856, fieldName=null, extras=null, hintText=null, hintLocales=[]}, IncognitoMode = false, DeviceLocked = false
07-16 13:38:03.411 29293 29293 I InputBundle: InputBundle.consumeEvent():947 Skip consuming an event as keyboard status is 0
07-16 13:38:03.414 29293 29293 I Delight5Facilitator: Delight5Facilitator.initializeForIme():729 initializeForIme() : Locale = [en_US], layout = qwerty
07-16 13:38:03.427 29293 29293 I LatinIme: LatinIme.updateEnableInlineSuggestionsOnDecoderSideFlags():1253 inline flag updated to:false
07-16 13:38:03.436 29293 29293 I LatinIme: LatinIme.updateEnableInlineSuggestionsOnDecoderSideFlags():1253 inline flag updated to:false
07-16 13:38:03.449 29293 29293 I InputBundle: InputBundle.consumeEvent():947 Skip consuming an event as keyboard status is 0
07-16 13:38:03.449 29293 29293 I InputBundle: InputBundle.consumeEvent():947 Skip consuming an event as keyboard status is 0
07-16 13:38:03.450  7006  7006 W IInputConnectionWrapper: requestCursorAnchorInfo on inactive InputConnection
07-16 13:38:03.452 29293 29293 I KeyboardWrapper: KeyboardWrapper.activateKeyboard():563 activateKeyboard(): type=prime, status=0, imeDef=lxb{stringId=ime_english_united_states, language=en-US, languageTag=en-US, processedConditions={enable_number_row=false, device=phone, enable_pk_simulator=false}, className=com.google.android.libraries.inputmethod.ime.experiment.ExperimentImeWrapper, label=0, keyEventInterpreter=null, inlineComposing=true, autoCapital=true, announceAutoSelectedCandidate=true, statusIcon=0, indicatorIcon=0, indicatorLabel=US, displayAppCompletions=true, extraValues=lwu{#0x7f0b025a=TypedValue{t=0x3/d=0x0 "writing_helper_enable_by_word_revert=false"}, #0x7f0b0260=TypedValue{t=0x3/d=0x0 "com.google.android.apps.inputmethod.libs.latin5.LatinIme"}, #0x7f0b0261=TypedValue{t=0x3/d=0x0 "com.google.android.apps.inputmethod.libs.edittracker.EditTrackingImeWrapper"}, #0x7f0b0262=TypedValue{t=0x3/d=0x0 "com.google.android.apps.inputmethod.libs.latin5.LatinIme"}}, processors=lyt@691766b, unacceptableMetaKeys=4098, languageSpecificSettings=0, asciiCapable=true, alwaysShowSuggestions=false, useAsciiPasswordKeyboard=false, keyboardGroupDef=lyc@19e52b9, phenotypeFlagId=0, localizationLanguageTag=null, supportsInlineSuggestion=true}
07-16 13:38:03.452 29293 29293 I KeyboardManager: KeyboardManager.requestKeyboard():248 Creating keyboard prime, imeId=ime_english_united_states, cacheKey=theme,BORDERLESS,EXPRESSION_PREMIUM_INPUT_V1,FLAVOR_DPI=XXHDPI,GOOGLE_ICONS,IS_LIGHT,KEYBOARD_WIDTH_CATEGORY=NORMAL,KEY_BORDER_SHAPE=0,LIGHT_THEME=true,PHYSICAL_DIAGONAL=5.1148095,POPUP,SCREEN_SHORTEST_WIDTH=411,SCREEN_SHORTEST_WIDTH_NO_SCALE=411,SW400DP,XXHDPI,builtin_google_blue_light.binarypb,enable_google_fonts_icons=true,enable_popup_on_keypress=true
07-16 13:38:03.455 29293 29293 I KeyboardWrapper: KeyboardWrapper.onKeyboardReady():217 onKeyboardReady(): type=prime(prime), kb=com.google.android.apps.inputmethod.latin.keyboard.LatinPrimeKeyboard@6a14e5f
07-16 13:38:03.455 29293 29293 I KeyboardWrapper: KeyboardWrapper.doActivateKeyboard():590 doActivateKeyboard(): prime
07-16 13:38:03.467 29293 29293 I KeyboardViewHelper: KeyboardViewHelper.getView():178 Get view with height ratio:1.000000
07-16 13:38:03.505 29293 29293 I KeyboardHeightUtil: KeyboardHeightUtil.calculateMaxKeyboardBodyHeight():50 leave 281 height for app when ime window height:1731, header height:116 and isFullscreenMode:false, so the max keyboard body height is:1334
07-16 13:38:03.505 29293 29293 I GlobeKeyExtension: GlobeKeyExtension.getKeyboardInitialStates():175 
07-16 13:38:03.506 29293 29293 W Keyboard: Keyboard.getKeyboardViewHelper():597 null helper is returned: keyboardDef=lxw{processedConditions={enable_more_candidates_view_for_multilingual=false, layout_9key_split=false, enable_secondary_symbols=false, language=en-US, deprecate_long_press_space_for_ime_picker=false, expressions=normal, show_comma_period_keys=true, enable_flick_symbols=false, variant=qwerty, device=phone, keyboard_mode=normal, show_secondary_digits=true, enable_preemptive_decode=true, rtl_layout=false, bottom_period_popup_slash=false}, globalConditions={global_theme_key=theme,BORDERLESS,EXPRESSION_PREMIUM_INPUT_V1,FLAVOR_DPI=XXHDPI,GOOGLE_ICONS,IS_LIGHT,KEYBOARD_WIDTH_CATEGORY=NORMAL,KEY_BORDER_SHAPE=0,LIGHT_THEME=true,PHYSICAL_DIAGONAL=5.1148095,POPUP,SCREEN_SHORTEST_WIDTH=411,SCREEN_SHORTEST_WIDTH_NO_SCALE=411,SW400DP,XXHDPI,builtin_google_blue_light.binarypb,enable_google_fonts_icons=true,enable_popup_on_keypress=true, global_locale=en_US, global_density_dpi=420, global_orientation=1}, className=.latin.keyboard.LatinPrimeKeyboard, resourceIds=[#0x7f1705f1, #0x7f17086d], initialStates=0, keyboardViewDefs=[lyk{direction=null, id=#0x7f0b019f, isScalable=true, layoutId=#0x7f0e0352, type=BODY, touchable=true, defaultShow=true}, lyk{direction=null, id=#0x7f0b019f, isScalable=false, layoutId=#0x7f0e01e7, type=FLOATING_CANDIDATES, touchable=false, defaultShow=false}, lyk{direction=LOCALE, id=#0x7f0b019f, isScalable=false, layoutId=#0x7f0e04ee, type=HEADER, touchable=true, defaultShow=true}], persistentStates=0, persistentStatesPrefKey=null, popupBubbleLayoutId=#0x7f0e05cb, recentKeyLayoutId=0, recentKeyPopupLayoutId=0, recentKeyType=null, rememberRecentKey=NONE, sessionStates=17592186044419}, type=WIDGET, helpersCreated=[ljh@71668a3, ljh@97e67a0, ljh@4250f59, null], context.getResources().getConfiguration(): {1.0 ?mcc?mnc [en_US,zh_CN_#Hans] ldltr sw411dp w411dp h691dp 420dpi nrml long port finger -keyb/v/h -nav/h winConfig={ mBounds=Rect(0, 0 - 1080, 1920) mAppBounds=Rect(0, 0 - 1080, 1878) mWindowingMode=fullscreen mDisplayWindowingMode=fullscreen mActivityType=undefined mAlwaysOnTop=undefined mRotation=ROTATION_0} s.43}
07-16 13:38:03.507 29293 29293 I KeyboardHeightUtil: KeyboardHeightUtil.calculateMaxKeyboardBodyHeight():50 leave 281 height for app when ime window height:1731, header height:116 and isFullscreenMode:false, so the max keyboard body height is:1334
07-16 13:38:03.520 29293 29293 I AndroidIME: InputBundleManager.startInput():355 startInput() with lyg[keyboardType=prime, payload=null]
07-16 13:38:03.521 29293 29293 I GlobeKeyExtension: GlobeKeyExtension.onActivate():120 
07-16 13:38:03.523 29293 29293 I HardKeyTracker: HardKeyTracker.unregisterKeySequence():182 Unregister key sequence msm{labelResId=2132020317, callback=cer@a2b702d, lastModifier=2, keyCodes=[56], actions=[0]}
07-16 13:38:03.523 29293 29293 I HardKeyTracker: HardKeyTracker.registerKeySequence():138 Register key sequence msm{labelResId=2132020317, callback=cer@6d00613, lastModifier=2, keyCodes=[56], actions=[0]}
07-16 13:38:03.525 29293 29293 I VoiceInputManagerWrapper: VoiceInputManagerWrapper.cancelShutdown():109 cancelShutdown()
07-16 13:38:03.525 29293 29293 I VoiceInputManagerWrapper: VoiceInputManagerWrapper.syncLanguagePacks():121 syncLanguagePacks()
07-16 13:38:03.526 29293 29293 I VoiceInputManager: VoiceInputManager.onKeyboardActivated():1038 onKeyboardActivated() [UD]
07-16 13:38:03.526 29293  5644 I SpeechFactory: SpeechRecognitionFactory.maybeScheduleAutoPackDownloadForFallback():193 maybeScheduleAutoPackDownloadForFallback()
07-16 13:38:03.526 29293  5644 I FallbackOnDeviceRecognitionProvider: FallbackOnDeviceRecognitionProvider.maybeScheduleAutoPackDownload():198 maybeScheduleAutoPackDownload() for language tag en-US
07-16 13:38:03.527 29293  5644 I SpeechPackManager: SpeechPackManager.isPackAvailableToDownload():226 isPackAvailableToDownload() : LanguageTag = en-US : ManifestUrl = https://dl.google.com/android/voice/gboard/terse/superpacks-manifest-20210519.json
07-16 13:38:03.527 29293 29293 I PkModeUpdater: PkModeUpdater.onActivate():76 onActivate false true
07-16 13:38:03.528 29293 29293 I AccessoryInputModeManager: AccessoryInputModeManager.onModeStarted():337 Accessory input mode started: null
07-16 13:38:03.528 29293 29293 W SupplementaryKeyboardsWrapper: SupplementaryKeyboardsWrapper.deactivateKeyboard():160 keyboard accessory_candidates_consumer is not activated before!
07-16 13:38:03.530 29293 12833 I FallbackOnDeviceRecognitionProvider: FallbackOnDeviceRecognitionProvider$1.onSuccess():206 auto download packs.
07-16 13:38:03.530 29293 12833 I SpeechPackManager: SpeechPackManager.syncPacks():345 syncPacks()
07-16 13:38:03.530 29293 12833 I SpeechPackManager: SpeechPackManager.isPackAvailableOnDisk():207 isPackAvailableOnDisk() : LanguageTag = zh-CN
07-16 13:38:03.530 29293 12833 I SpeechPackManager: SpeechPackManager.registerManifest():511 registerManifest() : https://dl.google.com/android/voice/gboard/terse/superpacks-manifest-20210519.json
07-16 13:38:03.531 29293 12833 I SpeechPackManager: SpeechPackManager.registerManifest():518 registerManifest() : Reusing hash 1327534105
07-16 13:38:03.534 29293 29369 I SpeechPackSlicingStrategy: SpeechPackSlicingStrategy.getSlices():52 getSlices() : ForceUpdates = false : LanguageTags = [en-US]
07-16 13:38:03.535 29293 29369 I SpeechPackSlicingStrategy: SpeechPackSlicingStrategy.getSlices():66 getSlices(): slicing result: {slices=[{gboard-small-speech-packs:en-US-small-rnnt, W:C:*:*, bg}], last batch=true, sync metadata=false}
07-16 13:38:03.535 29293 29369 I SP      : Syncing gboard-small-speech-packs (1327534105) with slices: [{en-US-small-rnnt, W:C:*:*, bg}], metadata: false
07-16 13:38:03.552 29293 29293 I KeyboardModeUtils: KeyboardModeUtils.getKeyboardBottomOffset():433 inch: 0.000000 ydpi: 443.345001 adjustKeyboardBottomByDisplaySize: false currentDensityDpi: 420 defaultDensityDpi: 420 keyboardBottomToScreenPx: 0 keyboardBottomToNavBarPx: -126 navBarHeight: 126
07-16 13:38:03.552 29293 29293 I KeyboardHeightUtil: KeyboardHeightUtil.calculateMaxKeyboardBodyHeight():50 leave 281 height for app when ime window height:1731, header height:116 and isFullscreenMode:false, so the max keyboard body height is:1334
07-16 13:38:03.552 29293 29293 I chatty  : uid=10160(com.google.android.inputmethod.latin) identical 2 lines
07-16 13:38:03.552 29293 29293 I KeyboardHeightUtil: KeyboardHeightUtil.calculateMaxKeyboardBodyHeight():50 leave 281 height for app when ime window height:1731, header height:116 and isFullscreenMode:false, so the max keyboard body height is:1334
07-16 13:38:03.552 29293 29293 W ExtensionWrapper: ExtensionWrapper.setExtensionViewVisibility():793 interface lmt is not activate
07-16 13:38:03.555 29293 29293 I Module  : DeviceLockedStatusModuleProvider$Module.updateDeviceLockedStatus():100 repeatCheckTimes = 1, locked = false
07-16 13:38:03.555 29293 29293 I HardKeyTracker: HardKeyTracker.unregisterKeySequence():182 Unregister key sequence msm{labelResId=2132020317, callback=cer@7eb3b27, lastModifier=2, keyCodes=[56], actions=[0]}
07-16 13:38:03.555 29293 29293 I HardKeyTracker: HardKeyTracker.registerKeySequence():138 Register key sequence msm{labelResId=2132020317, callback=cer@3804741, lastModifier=2, keyCodes=[56], actions=[0]}
07-16 13:38:03.556 29293 29293 I HardKeyTracker: HardKeyTracker.unregisterKeySequence():182 Unregister key sequence msm{labelResId=2132020321, callback=cer@9e1a740, lastModifier=2, keyCodes=[48], actions=[0]}
07-16 13:38:03.556 29293 29293 I HardKeyTracker: HardKeyTracker.registerKeySequence():138 Register key sequence msm{labelResId=2132020321, callback=cer@226d972, lastModifier=2, keyCodes=[48], actions=[0]}
07-16 13:38:03.556 29293 29293 I HardKeyTracker: HardKeyTracker.unregisterKeySequence():182 Unregister key sequence msm{labelResId=2132020321, callback=cer@eb97135, lastModifier=2, keyCodes=[48], actions=[0]}
07-16 13:38:03.556 29293 29293 I HardKeyTracker: HardKeyTracker.registerKeySequence():138 Register key sequence msm{labelResId=2132020321, callback=cer@4c6771f, lastModifier=2, keyCodes=[48], actions=[0]}
07-16 13:38:03.557 29293 29293 I HardKeyTracker: HardKeyTracker.registerKeySequence():138 Register key sequence msm{labelResId=2132020322, callback=cer@f424ca, lastModifier=2, keyCodes=[32], actions=[0]}
07-16 13:38:03.560 29293 29293 I HardKeyTracker: HardKeyTracker.unregisterKeySequence():182 Unregister key sequence msm{labelResId=2132020322, callback=cer@67582b3, lastModifier=2, keyCodes=[32], actions=[0]}
07-16 13:38:03.561 29293 29293 I HardKeyTracker: HardKeyTracker.registerKeySequence():138 Register key sequence msm{labelResId=2132020322, callback=cer@d2c61b3, lastModifier=2, keyCodes=[32], actions=[0]}
07-16 13:38:03.561 29293 29293 I VoiceImeExtension: VoiceImeExtension.shouldStartVoiceInputAutomaticallyInCurrentInputBox():535 No private IME option set to start voice input.
07-16 13:38:03.564 29293 29293 I GoogleInputMethodService: GoogleInputMethodService.onStartInput():1248 onStartInput(EditorInfo{EditorInfo{packageName=com.google.android.videos, inputType=1, inputTypeString=Normal[], enableLearning=true, autoCorrection=true, autoComplete=true, imeOptions=6, privateImeOptions=null, actionName=DONE, actionLabel=null, initialSelStart=0, initialSelEnd=0, initialCapsMode=0, label=null, fieldId=2131428856, fieldName=null, extras=null, hintText=null, hintLocales=[]}}, true)
07-16 13:38:03.564 29293 29293 W SessionManager: SessionManager.beginSession():53 Try to begin an already begun session [INPUT_SESSION], end it first
