07-16 10:30:15.897   589  1707 I TEMP_CTL: Device_Fan_New_MCU setSpeed = 88
07-16 10:30:15.932   589  1751 I PlatformSys: getCpuTempterature:50
07-16 10:30:15.994   589  1722 I TEMP_CTL: [EN_SPEED_AUTO]--tempInc:40.000--fan_speed:88.000--target:45.000--current:41.000--env:25.000--minspeed:88--maxspeed:108
07-16 10:30:15.994   589  1722 I TEMP_CTL: Device_Fan_New_MCU setSpeed = 88
07-16 10:30:16.093   589  1744 I TEMP_CTL: [EN_SPEED_AUTO]--tempInc:40.000--fan_speed:88.000--target:45.000--current:41.000--env:25.000--minspeed:88--maxspeed:108
07-16 10:30:16.093   589  1744 I TEMP_CTL: Device_Fan_New_MCU setSpeed = 88
07-16 10:30:16.133   589  1751 I PlatformSys: getCpuTempterature:50
07-16 10:30:16.308     0     0 I [    C3] [wlan][0]asicConnac2xRxPerfIndProcessRXV: (SW4 WARN) u4RxVector0 is 0
07-16 10:30:16.316     0     0 I [    C3] [wlan][0]asicConnac2xRxPerfIndProcessRXV: (SW4 WARN) u4RxVector0 is 0
07-16 10:30:16.334   589  1751 I PlatformSys: getCpuTempterature:50
07-16 10:30:16.335   589  1751 I TEMP_CTL: [run:1108]factory mode:1
07-16 10:30:16.396   589  1216 D XGIMI_RADAR_CTL: checkScanResult[271]:radarDistance:143
07-16 10:30:16.459   589  1243 D GM_DISP_CTRL: [UpdateTempLumesCfg:10508]Wait time to update TempCfg: LastDetectTime=7578540
07-16 10:30:16.499   589  1707 I TEMP_CTL: [EN_SPEED_AUTO]--tempInc:40.000--fan_speed:88.000--target:45.000--current:41.000--env:25.000--minspeed:88--maxspeed:108
07-16 10:30:16.499   589  1707 I TEMP_CTL: Device_Fan_New_MCU setSpeed = 88
07-16 10:30:16.515     0     0 I [    C3] [wlan][0]asicConnac2xRxPerfIndProcessRXV: (SW4 WARN) u4RxVector0 is 0
07-16 10:30:16.518   443   443 I [HAL_AUDIO_DumpDspInfo][14520][07579458]ADEC0 ESID: 00, FF|ES=0000(0000),PCM=0000|Type=<00,0>|play=0:<1194>,State=0,0(0)|frmCnt:0000,0000(0000),00,00,00,00,00|tag:000,000|AvDly=140(ext offset:0),STC=0,PTS=0,cPTS=0,|Td=0
07-16 10:30:16.518   443   443 I         : mute(0,0),acmode(5),ch_map(0x0)smp_rate(48000),bit_rate(0)
07-16 10:30:16.518   443   443 I         : SND vol mch:0x800000,ch5:0x800000,ch6:0x800000,ch7:0x800000,ch8:0x800000
07-16 10:30:16.536   589  1751 D TEMP_CTL: get fan speed success :air_intake_fan:[1150][1150] air_out_fan[1150][0] dedust_DMD_fan[0][0]
07-16 10:30:16.538   589  1751 D TEMP_CTL: get fan speed success :air_intake_fan:[1150][1150] air_out_fan[1150][0] dedust_DMD_fan[0][0]
07-16 10:30:16.539   589  1751 D TEMP_CTL: get fan speed success :air_intake_fan:[1150][1150] air_out_fan[1150][0] dedust_DMD_fan[0][0]
07-16 10:30:16.596   589  1722 I TEMP_CTL: [EN_SPEED_AUTO]--tempInc:40.000--fan_speed:88.000--target:45.000--current:41.000--env:25.000--minspeed:88--maxspeed:108
07-16 10:30:16.596   589  1722 I TEMP_CTL: Device_Fan_New_MCU setSpeed = 88
07-16 10:30:16.616     0     0 I [    C3] [wlan][0]asicConnac2xRxPerfIndProcessRXV: (SW4 WARN) u4RxVector0 is 0
07-16 10:30:16.619     0     0 I [    C3] [wlan][0]asicConnac2xRxPerfIndProcessRXV: (SW4 WARN) u4RxVector0 is 0
07-16 10:30:16.651   589  1751 I PlatformSys: getCpuTempterature:48
07-16 10:30:16.695   589  1744 I TEMP_CTL: [EN_SPEED_AUTO]--tempInc:40.000--fan_speed:88.000--target:45.000--current:41.000--env:25.000--minspeed:88--maxspeed:108
07-16 10:30:16.695   589  1744 I TEMP_CTL: Device_Fan_New_MCU setSpeed = 88
07-16 10:30:16.717     0     0 I [    C3] [wlan][0]asicConnac2xRxPerfIndProcessRXV: (SW4 WARN) u4RxVector0 is 0
07-16 10:30:16.720     0     0 I [    C3] [wlan][0]asicConnac2xRxPerfIndProcessRXV: (SW4 WARN) u4RxVector0 is 0
07-16 10:30:16.723     0     0 I [    C3] [wlan][0]asicConnac2xRxPerfIndProcessRXV: (SW4 WARN) u4RxVector0 is 0
07-16 10:30:16.726     0     0 I [    C3] [wlan][0]asicConnac2xRxPerfIndProcessRXV: (SW4 WARN) u4RxVector0 is 0
07-16 10:30:16.830     0     0 I [    C3] [wlan][0]asicConnac2xRxPerfIndProcessRXV: (SW4 WARN) u4RxVector0 is 0
07-16 10:30:16.831     0     0 I [    C3] [wlan][1561]asicConnac2xRxPerfIndProcessRXV: (SW4 WARN) u4RxVector0 is 0
07-16 10:30:16.834     0     0 I [    C3] [wlan][0]asicConnac2xRxPerfIndProcessRXV: (SW4 WARN) u4RxVector0 is 0
07-16 10:30:16.837     0     0 I [    C3] [wlan][0]asicConnac2xRxPerfIndProcessRXV: (SW4 WARN) u4RxVector0 is 0
07-16 10:30:16.839     0     0 I [    C3] [wlan][0]asicConnac2xRxPerfIndProcessRXV: (SW4 WARN) u4RxVector0 is 0
07-16 10:30:16.841     0     0 I [    C3] [wlan][0]asicConnac2xRxPerfIndProcessRXV: (SW4 WARN) u4RxVector0 is 0
07-16 10:30:16.853   589  1751 I PlatformSys: getCpuTempterature:50
07-16 10:30:16.845     0     0 I [    C3] [wlan][0]asicConnac2xRxPerfIndProcessRXV: (SW4 WARN) u4RxVector0 is 0
07-16 10:30:16.878   589  1667 D XlabControl: xlabDaemonThread:1500 --- xlabDaemonThread start!
07-16 10:30:16.896   589  1216 D XGIMI_RADAR_CTL: checkScanResult[271]:radarDistance:143
07-16 10:30:16.915  1048  1048 I [wlan][1048]mtk_cfg_get_txpower: (REQ WARN) STA doesn't support this function
07-16 10:30:16.975   589  1696 D Motion_det_ctl: (type:2:1)(0 0 0) (0 -8 -1)
07-16 10:30:16.975   589  1696 D Motion_det_ctl: Ang Gyr Adjust Err cur:(-8 0 0) 
07-16 10:30:17.054   589  1751 I PlatformSys: getCpuTempterature:50
07-16 10:30:17.101   589  1707 I TEMP_CTL: [EN_SPEED_AUTO]--tempInc:40.000--fan_speed:88.000--target:45.000--current:41.000--env:25.000--minspeed:88--maxspeed:108
07-16 10:30:17.101   589  1707 I TEMP_CTL: Device_Fan_New_MCU setSpeed = 88
07-16 10:30:17.198   589  1722 I TEMP_CTL: [EN_SPEED_AUTO]--tempInc:40.000--fan_speed:88.000--target:45.000--current:41.000--env:25.000--minspeed:88--maxspeed:108
07-16 10:30:17.198   589  1722 I TEMP_CTL: Device_Fan_New_MCU setSpeed = 88
07-16 10:30:17.255   589  1751 I PlatformSys: getCpuTempterature:50
07-16 10:30:17.297   589  1744 I TEMP_CTL: [EN_SPEED_AUTO]--tempInc:40.000--fan_speed:88.000--target:45.000--current:41.000--env:25.000--minspeed:88--maxspeed:108
07-16 10:30:17.297   589  1744 I TEMP_CTL: Device_Fan_New_MCU setSpeed = 88
07-16 10:30:17.397   589  1216 D XGIMI_RADAR_CTL: checkScanResult[271]:radarDistance:143
07-16 10:30:17.457   589  1751 I PlatformSys: getCpuTempterature:50
07-16 10:30:17.457   589  1751 I TEMP_CTL: [run:1108]factory mode:1
07-16 10:30:17.608   443   443 I [HAL_AUDIO_DumpDspInfo][14520][07580549]ADEC0 ESID: 00, FF|ES=0000(0000),PCM=0000|Type=<00,0>|play=0:<1194>,State=0,0(0)|frmCnt:0000,0000(0000),00,00,00,00,00|tag:000,000|AvDly=140(ext offset:0),STC=0,PTS=0,cPTS=0,|Td=0
07-16 10:30:17.608   443   443 I         : mute(0,0),acmode(5),ch_map(0x0)smp_rate(48000),bit_rate(0)
07-16 10:30:17.608   443   443 I         : SND vol mch:0x800000,ch5:0x800000,ch6:0x800000,ch7:0x800000,ch8:0x800000
07-16 10:30:17.659   589  1751 D TEMP_CTL: get fan speed success :air_intake_fan:[1150][1150] air_out_fan[1150][0] dedust_DMD_fan[0][0]
07-16 10:30:17.660   589  1751 D TEMP_CTL: get fan speed success :air_intake_fan:[1150][1150] air_out_fan[1150][0] dedust_DMD_fan[0][0]
07-16 10:30:17.662   589  1751 D TEMP_CTL: get fan speed success :air_intake_fan:[1150][1150] air_out_fan[1150][0] dedust_DMD_fan[0][0]
07-16 10:30:17.703   589  1707 I TEMP_CTL: [EN_SPEED_AUTO]--tempInc:40.000--fan_speed:88.000--target:45.000--current:41.000--env:25.000--minspeed:88--maxspeed:108
07-16 10:30:17.703   589  1707 I TEMP_CTL: Device_Fan_New_MCU setSpeed = 88
07-16 10:30:17.734  1409  1519 D MtkLog  : off
07-16 10:30:17.740  1166  1259 D MtkLog  : off
07-16 10:30:17.772   589  1751 I TEMP_CTL: [run:1061]TempSensor[11] temperature:36
07-16 10:30:17.773   589  1751 I PlatformSys: getCpuTempterature:48
07-16 10:30:17.800   589  1722 I TEMP_CTL: [EN_SPEED_AUTO]--tempInc:40.000--fan_speed:88.000--target:45.000--current:41.000--env:25.000--minspeed:88--maxspeed:108
07-16 10:30:17.800   589  1722 I TEMP_CTL: Device_Fan_New_MCU setSpeed = 88
07-16 10:30:17.878   589  1667 D XlabControl: xlabDaemonThread:1500 --- xlabDaemonThread start!
07-16 10:30:17.897   589  1216 D XGIMI_RADAR_CTL: checkScanResult[271]:radarDistance:143
07-16 10:30:17.899   589  1744 I TEMP_CTL: [EN_SPEED_AUTO]--tempInc:40.000--fan_speed:88.000--target:45.000--current:41.000--env:25.000--minspeed:88--maxspeed:108
07-16 10:30:17.899   589  1744 I TEMP_CTL: Device_Fan_New_MCU setSpeed = 88
07-16 10:30:17.975   589  1751 I PlatformSys: getCpuTempterature:50
07-16 10:30:18.176   589  1751 I PlatformSys: getCpuTempterature:50
07-16 10:30:18.305   589  1707 I TEMP_CTL: [EN_SPEED_AUTO]--tempInc:40.000--fan_speed:88.000--target:45.000--current:41.000--env:25.000--minspeed:88--maxspeed:108
07-16 10:30:18.305   589  1707 I TEMP_CTL: Device_Fan_New_MCU setSpeed = 88
07-16 10:30:18.377   589  1751 I PlatformSys: getCpuTempterature:50
07-16 10:30:18.397   589  1216 D XGIMI_RADAR_CTL: checkScanResult[271]:radarDistance:143
07-16 10:30:18.402   589  1722 I TEMP_CTL: [EN_SPEED_AUTO]--tempInc:40.000--fan_speed:88.000--target:45.000--current:41.000--env:25.000--minspeed:88--maxspeed:108
07-16 10:30:18.402   589  1722 I TEMP_CTL: Device_Fan_New_MCU setSpeed = 88
07-16 10:30:18.501   589  1744 I TEMP_CTL: [EN_SPEED_AUTO]--tempInc:40.000--fan_speed:88.000--target:45.000--current:41.000--env:25.000--minspeed:88--maxspeed:108
07-16 10:30:18.501   589  1744 I TEMP_CTL: Device_Fan_New_MCU setSpeed = 88
07-16 10:30:18.579   589  1751 I PlatformSys: getCpuTempterature:50
07-16 10:30:18.579   589  1751 I TEMP_CTL: [run:1108]factory mode:1
07-16 10:30:18.701   443   443 I [HAL_AUDIO_DumpDspInfo][14520][07581641]ADEC0 ESID: 00, FF|ES=0000(0000),PCM=0000|Type=<00,0>|play=0:<1194>,State=0,0(0)|frmCnt:0000,0000(0000),00,00,00,00,00|tag:000,000|AvDly=140(ext offset:0),STC=0,PTS=0,cPTS=0,|Td=0
07-16 10:30:18.701   443   443 I         : mute(0,0),acmode(5),ch_map(0x0)smp_rate(48000),bit_rate(0)
07-16 10:30:18.701   443   443 I         : SND vol mch:0x800000,ch5:0x800000,ch6:0x800000,ch7:0x800000,ch8:0x800000
07-16 10:30:18.781   589  1751 D TEMP_CTL: get fan speed success :air_intake_fan:[1150][1150] air_out_fan[1150][0] dedust_DMD_fan[0][0]
07-16 10:30:18.782   589  1751 D TEMP_CTL: get fan speed success :air_intake_fan:[1150][1150] air_out_fan[1150][0] dedust_DMD_fan[0][0]
07-16 10:30:18.784   589  1751 D TEMP_CTL: get fan speed success :air_intake_fan:[1150][1150] air_out_fan[1150][0] dedust_DMD_fan[0][0]
07-16 10:30:18.878   589  1667 D XlabControl: xlabDaemonThread:1500 --- xlabDaemonThread start!
07-16 10:30:18.893   589  1706 D MCU_BUS : m_SystemMode:7
07-16 10:30:18.894   589  1706 D MCU_BUS : m_SystemMode:7
07-16 10:30:18.894   589  1706 D IOT_CTRL: setIotProjectorStatus: 7
07-16 10:30:18.896   589  1751 I PlatformSys: getCpuTempterature:50
07-16 10:30:18.897   589  1216 D XGIMI_RADAR_CTL: checkScanResult[271]:radarDistance:143
07-16 10:30:18.907   589  1707 I TEMP_CTL: [EN_SPEED_AUTO]--tempInc:40.000--fan_speed:88.000--target:45.000--current:41.000--env:25.000--minspeed:88--maxspeed:108
07-16 10:30:18.908   589  1707 I TEMP_CTL: Device_Fan_New_MCU setSpeed = 88
07-16 10:30:19.004   589  1722 I TEMP_CTL: [EN_SPEED_AUTO]--tempInc:40.000--fan_speed:88.000--target:45.000--current:41.000--env:25.000--minspeed:88--maxspeed:108
07-16 10:30:19.004   589  1722 I TEMP_CTL: Device_Fan_New_MCU setSpeed = 88
07-16 10:30:19.069   589  1696 D Motion_det_ctl: (type:2:1)(0 0 0) (-2 -8 0)
07-16 10:30:19.069   589  1696 D Motion_det_ctl: Ang Gyr Adjust Ing 0:(-8 -2 0)
07-16 10:30:19.097   589  1751 I PlatformSys: getCpuTempterature:50
07-16 10:30:19.103   589  1744 I TEMP_CTL: [EN_SPEED_AUTO]--tempInc:40.000--fan_speed:88.000--target:45.000--current:41.000--env:25.000--minspeed:88--maxspeed:108
07-16 10:30:19.103   589  1744 I TEMP_CTL: Device_Fan_New_MCU setSpeed = 88
07-16 10:30:19.180     0     0 I [    C3] [wlan][0]asicConnac2xRxPerfIndProcessRXV: (SW4 WARN) u4RxVector0 is 0
07-16 10:30:19.221   589   716 D GM_DISP_TEMPCOLOR: [TempColorThreadRun:389]wait timeout, ready=1, m_bMonitorEnable=1, m_WhiteBalanceState=0
07-16 10:30:19.298   589  1751 I PlatformSys: getCpuTempterature:50
07-16 10:30:19.397   589  1216 D XGIMI_RADAR_CTL: checkScanResult[271]:radarDistance:143
07-16 10:30:19.500   589  1751 I PlatformSys: getCpuTempterature:50
07-16 10:30:19.510   589  1707 I TEMP_CTL: [EN_SPEED_AUTO]--tempInc:40.000--fan_speed:88.000--target:45.000--current:41.000--env:25.000--minspeed:88--maxspeed:108
07-16 10:30:19.510   589  1707 I TEMP_CTL: Device_Fan_New_MCU setSpeed = 88
07-16 10:30:19.606   589  1722 I TEMP_CTL: [EN_SPEED_AUTO]--tempInc:40.000--fan_speed:88.000--target:45.000--current:41.000--env:25.000--minspeed:88--maxspeed:108
07-16 10:30:19.606   589  1722 I TEMP_CTL: Device_Fan_New_MCU setSpeed = 88
07-16 10:30:19.701   589  1751 I PlatformSys: getCpuTempterature:48
07-16 10:30:19.701   589  1751 I TEMP_CTL: [run:1108]factory mode:1
07-16 10:30:19.705   589  1744 I TEMP_CTL: [EN_SPEED_AUTO]--tempInc:40.000--fan_speed:88.000--target:45.000--current:41.000--env:25.000--minspeed:88--maxspeed:108
07-16 10:30:19.705   589  1744 I TEMP_CTL: Device_Fan_New_MCU setSpeed = 88
07-16 10:30:19.797   443   443 I [HAL_AUDIO_DumpDspInfo][14520][07582737]ADEC0 ESID: 00, FF|ES=0000(0000),PCM=0000|Type=<00,0>|play=0:<1194>,State=0,0(0)|frmCnt:0000,0000(0000),00,00,00,00,00|tag:000,000|AvDly=140(ext offset:0),STC=0,PTS=0,cPTS=0,|Td=0
07-16 10:30:19.797   443   443 I         : mute(0,0),acmode(5),ch_map(0x0)smp_rate(48000),bit_rate(0)
07-16 10:30:19.797   443   443 I         : SND vol mch:0x800000,ch5:0x800000,ch6:0x800000,ch7:0x800000,ch8:0x800000
07-16 10:30:19.878   589  1667 D XlabControl: xlabDaemonThread:1500 --- xlabDaemonThread start!
07-16 10:30:19.897   589  1216 D XGIMI_RADAR_CTL: checkScanResult[271]:radarDistance:143
07-16 10:30:19.903   589  1751 D TEMP_CTL: get fan speed success :air_intake_fan:[1150][1100] air_out_fan[1150][0] dedust_DMD_fan[0][0]
07-16 10:30:19.904   589  1751 D TEMP_CTL: get fan speed success :air_intake_fan:[1150][1100] air_out_fan[1150][0] dedust_DMD_fan[0][0]
07-16 10:30:19.906   589  1751 D TEMP_CTL: get fan speed success :air_intake_fan:[1150][1100] air_out_fan[1150][0] dedust_DMD_fan[0][0]
07-16 10:30:19.923  1048  1048 I [wlan][1048]mtk_cfg_get_txpower: (REQ WARN) STA doesn't support this function
07-16 10:30:19.961   589  1751 I TEMP_CTL: [run:1061]TempSensor[1] temperature:26
07-16 10:30:19.983  1048  1048 I wpa_supplicant: wlan0: WNM: Preferred List Available
07-16 10:30:19.984   518  1040 D WifiHAL : event received NL80211_CMD_VENDOR, vendor_id = 0xce7, subcmd = 0xc
07-16 10:30:19.984   518  1040 D WifiHAL : event received NL80211_CMD_VENDOR, vendor_id = 0xce7, subcmd = 0x99
07-16 10:30:19.985   518  1040 D WifiHAL : event received NL80211_CMD_TRIGGER_SCAN
07-16 10:30:19.976  1048  1048 I [wlan][1048]mtk_cfg80211_scan: (REQ STATE) i=0, wildcard scan
07-16 10:30:19.976   844   844 I [wlan][844]aisFsmSteps: (AIS STATE) [AIS0] TRANSITION: [NORMAL_TR] -> [ONLINE_SCAN]
07-16 10:30:19.976   844   844 I [wlan][844]scnFsmSteps: (SCN STATE) [SCAN]TRANSITION: [IDLE] -> [SCANNING]
07-16 10:30:19.976  1048  1048 I [wlan][1048]mtk_cfg_get_txpower: (REQ WARN) STA doesn't support this function
07-16 10:30:19.977  1048  1048 I [wlan][1048]mtk_cfg_get_txpower: (REQ WARN) STA doesn't support this function
07-16 10:30:20.018   589  1751 I PlatformSys: getCpuTempterature:48
07-16 10:30:20.112   589  1707 I TEMP_CTL: [EN_SPEED_AUTO]--tempInc:40.000--fan_speed:89.000--target:45.000--current:41.000--env:26.000--minspeed:89--maxspeed:109
07-16 10:30:20.112   589  1707 I TEMP_CTL: Device_Fan_New_MCU setSpeed = 89
07-16 10:30:20.149   589  1761 E ds_camera_daemon: [Unknown maybe init] [HandleEventLoop:154] camera 0 idle count is too large, switch to default business
07-16 10:30:20.150   589  1761 E ds_camera_daemon: [Unknown maybe init] [HandleEventLoop:154] camera 1 idle count is too large, switch to default business
07-16 10:30:20.208   589  1722 I TEMP_CTL: [EN_SPEED_AUTO]--tempInc:40.000--fan_speed:89.000--target:45.000--current:41.000--env:26.000--minspeed:89--maxspeed:109
07-16 10:30:20.208   589  1722 I TEMP_CTL: Device_Fan_New_MCU setSpeed = 89
07-16 10:30:20.219   589  1751 I PlatformSys: getCpuTempterature:50
07-16 10:30:20.287  1048  1048 I wpa_supplicant: wlan0: WNM: Preferred List Available
07-16 10:30:20.307   589  1744 I TEMP_CTL: [EN_SPEED_AUTO]--tempInc:40.000--fan_speed:89.000--target:45.000--current:41.000--env:26.000--minspeed:89--maxspeed:109
07-16 10:30:20.307   589  1744 I TEMP_CTL: Device_Fan_New_MCU setSpeed = 89
07-16 10:30:20.397   589  1216 D XGIMI_RADAR_CTL: checkScanResult[271]:radarDistance:143
07-16 10:30:20.420   589  1751 I PlatformSys: getCpuTempterature:50
07-16 10:30:20.619   589  1243 D GM_DISP_CTRL: [DlpLumensAdjust:10809]AdjState:3,Lock:0,Page/tbl=0,0,IntCfg:0->0,Condition:-1 0 -1,EnvTemp=255,Mode=0,Lvl=10 10 10 10,CustLvlType=0
07-16 10:30:20.622   589  1751 I PlatformSys: getCpuTempterature:50
07-16 10:30:20.655   838   838 V HotPlugDetectionAction: Poll all devices.
07-16 10:30:20.714   589  1707 I TEMP_CTL: [EN_SPEED_AUTO]--tempInc:40.000--fan_speed:89.000--target:45.000--current:41.000--env:26.000--minspeed:89--maxspeed:109
07-16 10:30:20.714   589  1707 I TEMP_CTL: Device_Fan_New_MCU setSpeed = 89
07-16 10:30:20.810   589  1722 I TEMP_CTL: [EN_SPEED_AUTO]--tempInc:40.000--fan_speed:89.000--target:45.000--current:41.000--env:26.000--minspeed:89--maxspeed:109
07-16 10:30:20.810   589  1722 I TEMP_CTL: Device_Fan_New_MCU setSpeed = 89
07-16 10:30:20.823   589  1751 I PlatformSys: getCpuTempterature:50
07-16 10:30:20.823   589  1751 I TEMP_CTL: [run:1108]factory mode:1
07-16 10:30:20.878   589  1667 D XlabControl: xlabDaemonThread:1500 --- xlabDaemonThread start!
07-16 10:30:20.898   589  1216 D XGIMI_RADAR_CTL: checkScanResult[271]:radarDistance:143
07-16 10:30:20.887   443   443 I [HAL_AUDIO_DumpDspInfo][14520][07583828]ADEC0 ESID: 00, FF|ES=0000(0000),PCM=0000|Type=<00,0>|play=0:<1194>,State=0,0(0)|frmCnt:0000,0000(0000),00,00,00,00,00|tag:000,000|AvDly=140(ext offset:0),STC=0,PTS=0,cPTS=0,|Td=0
07-16 10:30:20.887   443   443 I         : mute(0,0),acmode(5),ch_map(0x0)smp_rate(48000),bit_rate(0)
07-16 10:30:20.887   443   443 I         : SND vol mch:0x800000,ch5:0x800000,ch6:0x800000,ch7:0x800000,ch8:0x800000
07-16 10:30:20.909   589  1744 I TEMP_CTL: [EN_SPEED_AUTO]--tempInc:40.000--fan_speed:89.000--target:45.000--current:41.000--env:26.000--minspeed:89--maxspeed:109
07-16 10:30:20.909   589  1744 I TEMP_CTL: Device_Fan_New_MCU setSpeed = 89
07-16 10:30:21.025   589  1751 D TEMP_CTL: get fan speed success :air_intake_fan:[1150][1100] air_out_fan[1150][0] dedust_DMD_fan[0][0]
07-16 10:30:21.026   589  1751 D TEMP_CTL: get fan speed success :air_intake_fan:[1150][1100] air_out_fan[1150][0] dedust_DMD_fan[0][0]
07-16 10:30:21.028   589  1751 D TEMP_CTL: get fan speed success :air_intake_fan:[1150][1100] air_out_fan[1150][0] dedust_DMD_fan[0][0]
07-16 10:30:21.085   589  1751 I TEMP_CTL: [run:1061]TempSensor[1] temperature:25
07-16 10:30:21.142   589  1751 I PlatformSys: getCpuTempterature:50
07-16 10:30:21.164   589  1696 D Motion_det_ctl: (type:2:1)(0 0 0) (0 -9 0)
07-16 10:30:21.164   589  1696 D Motion_det_ctl: Ang Gyr Adjust Ing 1:(-9 0 0)
07-16 10:30:21.273   838   838 D HDMI    : [P]:AllocatedAddress=[]
07-16 10:30:21.274   838   838 V HotPlugDetectionAction: Finish poll all devices.
07-16 10:30:21.316   589  1707 I TEMP_CTL: [EN_SPEED_AUTO]--tempInc:40.000--fan_speed:88.000--target:45.000--current:41.000--env:25.000--minspeed:88--maxspeed:108
07-16 10:30:21.316   589  1707 I TEMP_CTL: Device_Fan_New_MCU setSpeed = 88
07-16 10:30:21.343   589  1751 I PlatformSys: getCpuTempterature:50
07-16 10:30:21.398   589  1216 D XGIMI_RADAR_CTL: checkScanResult[271]:radarDistance:143
07-16 10:30:21.412   589  1722 I TEMP_CTL: [EN_SPEED_AUTO]--tempInc:40.000--fan_speed:88.000--target:45.000--current:41.000--env:25.000--minspeed:88--maxspeed:108
07-16 10:30:21.412   589  1722 I TEMP_CTL: Device_Fan_New_MCU setSpeed = 88
07-16 10:30:21.485     0     0 I         : [    C3] [wlan]NAdv Flag [60] [R(0)\S(1)\O(1)]
07-16 10:30:21.502 21752 21784 D TrafficStats: tagSocket(87) with statsTag=0xffffffff, statsUid=-1
07-16 10:30:21.502 21752 21784 I AtvRemote.TcpWakePortServer: Knock knock on wake port: 192.168.3.98
07-16 10:30:21.503 21752 21784 D AtvRemote.ConnectedClients: Client 192.168.3.98:40305 connecting
07-16 10:30:21.504 21752 21784 I AtvRemote.TcpWakePortServer: Client 192.168.3.98:40305 connecting
07-16 10:30:21.504 21752 21784 I AtvRemote.TcpWakePortServer: Adding wake lock
07-16 10:30:21.505 21752 23072 I AtvRemote.PacketReaderThread: Communication starting with 192.168.3.98:40305
07-16 10:30:21.511   589  1744 I TEMP_CTL: [EN_SPEED_AUTO]--tempInc:40.000--fan_speed:88.000--target:45.000--current:41.000--env:25.000--minspeed:88--maxspeed:108
07-16 10:30:21.511   589  1744 I TEMP_CTL: Device_Fan_New_MCU setSpeed = 88
07-16 10:30:21.544   589  1751 I PlatformSys: getCpuTempterature:50
07-16 10:30:21.745   589  1751 I PlatformSys: getCpuTempterature:50
07-16 10:30:21.879   589  1667 D XlabControl: xlabDaemonThread:1500 --- xlabDaemonThread start!
07-16 10:30:21.898   589  1216 D XGIMI_RADAR_CTL: checkScanResult[271]:radarDistance:143
07-16 10:30:21.918   589  1707 I TEMP_CTL: [EN_SPEED_AUTO]--tempInc:40.000--fan_speed:88.000--target:45.000--current:41.000--env:25.000--minspeed:88--maxspeed:108
07-16 10:30:21.918   589  1707 I TEMP_CTL: Device_Fan_New_MCU setSpeed = 88
07-16 10:30:21.946   589  1751 I PlatformSys: getCpuTempterature:50
07-16 10:30:21.946   589  1751 I TEMP_CTL: [run:1108]factory mode:1
07-16 10:30:21.982   443   443 I [HAL_AUDIO_DumpDspInfo][14520][07584922]ADEC0 ESID: 00, FF|ES=0000(0000),PCM=0000|Type=<00,0>|play=0:<1194>,State=0,0(0)|frmCnt:0000,0000(0000),00,00,00,00,00|tag:000,000|AvDly=140(ext offset:0),STC=0,PTS=0,cPTS=0,|Td=0
07-16 10:30:21.982   443   443 I         : mute(0,0),acmode(5),ch_map(0x0)smp_rate(48000),bit_rate(0)
07-16 10:30:21.982   443   443 I         : SND vol mch:0x800000,ch5:0x800000,ch6:0x800000,ch7:0x800000,ch8:0x800000
07-16 10:30:22.014   589  1722 I TEMP_CTL: [EN_SPEED_AUTO]--tempInc:40.000--fan_speed:88.000--target:45.000--current:41.000--env:25.000--minspeed:88--maxspeed:108
07-16 10:30:22.014   589  1722 I TEMP_CTL: Device_Fan_New_MCU setSpeed = 88
07-16 10:30:22.113   589  1744 I TEMP_CTL: [EN_SPEED_AUTO]--tempInc:40.000--fan_speed:88.000--target:45.000--current:41.000--env:25.000--minspeed:88--maxspeed:108
07-16 10:30:22.113   589  1744 I TEMP_CTL: Device_Fan_New_MCU setSpeed = 88
07-16 10:30:22.148   589  1751 D TEMP_CTL: get fan speed success :air_intake_fan:[1150][1150] air_out_fan[1150][0] dedust_DMD_fan[0][0]
07-16 10:30:22.149   589  1751 D TEMP_CTL: get fan speed success :air_intake_fan:[1150][1150] air_out_fan[1150][0] dedust_DMD_fan[0][0]
07-16 10:30:22.151   589  1751 D TEMP_CTL: get fan speed success :air_intake_fan:[1150][1150] air_out_fan[1150][0] dedust_DMD_fan[0][0]
07-16 10:30:22.262   589  1751 I PlatformSys: getCpuTempterature:50
07-16 10:30:22.262   589  1751 I TEMP_CTL: [run:1094]CPU temperature:50
07-16 10:30:22.398   589  1216 D XGIMI_RADAR_CTL: checkScanResult[271]:radarDistance:143
07-16 10:30:22.463   589  1751 I PlatformSys: getCpuTempterature:50
07-16 10:30:22.520   589  1707 I TEMP_CTL: [EN_SPEED_AUTO]--tempInc:40.000--fan_speed:88.000--target:45.000--current:41.000--env:25.000--minspeed:88--maxspeed:108
07-16 10:30:22.520   589  1707 I TEMP_CTL: Device_Fan_New_MCU setSpeed = 88
07-16 10:30:22.616   589  1722 I TEMP_CTL: [EN_SPEED_AUTO]--tempInc:40.000--fan_speed:88.000--target:45.000--current:41.000--env:25.000--minspeed:88--maxspeed:108
07-16 10:30:22.616   589  1722 I TEMP_CTL: Device_Fan_New_MCU setSpeed = 88
07-16 10:30:22.665   589  1751 I PlatformSys: getCpuTempterature:50
07-16 10:30:22.715   589  1744 I TEMP_CTL: [EN_SPEED_AUTO]--tempInc:40.000--fan_speed:88.000--target:45.000--current:41.000--env:25.000--minspeed:88--maxspeed:108
07-16 10:30:22.716   589  1744 I TEMP_CTL: Device_Fan_New_MCU setSpeed = 88
07-16 10:30:22.738   518  1040 D WifiHAL : event received NL80211_CMD_VENDOR, vendor_id = 0xce7, subcmd = 0x99
07-16 10:30:22.739   518  1040 D WifiHAL : event received NL80211_CMD_VENDOR, vendor_id = 0xce7, subcmd = 0xc
07-16 10:30:22.739   518  1040 D WifiHAL : event received NL80211_CMD_NEW_SCAN_RESULTS
07-16 10:30:22.739   668   668 I wificond: Received external scan result notification from kernel.
07-16 10:30:22.739   838  2617 D WifiNl80211Manager: Scan result ready event
07-16 10:30:22.739   838  2617 D WifiNative: Scan result ready event
07-16 10:30:22.740  1182  1561 D IpClient/wlan0: interfaceLinkStateChanged: ifindex 16 up
07-16 10:30:22.741   384   423 I netd    : interfaceGetCfg(wlan0) -> {InterfaceConfigurationParcel{ifName: wlan0, hwAddr: c2:3a:93:ff:4b:ec, ipv4Addr: 192.168.3.222, prefixLength: 24, flags: [up, broadcast, running, multicast]}} <0.23ms>
07-16 10:30:22.730   844   844 I [wlan][844]scnFsmSteps: (SCN STATE) [SCAN]TRANSITION: [SCANNING] -> [IDLE]
07-16 10:30:22.730  1048  1048 I [wlan][1048]mtk_cfg_get_txpower: (REQ WARN) STA doesn't support this function
07-16 10:30:22.731   844   844 I [wlan][844]aisFsmSteps: (AIS STATE) [AIS0] TRANSITION: [ONLINE_SCAN] -> [NORMAL_TR]
07-16 10:30:22.731  1048  1048 I [wlan][1048]mtk_cfg_get_txpower: (REQ WARN) STA doesn't support this function
07-16 10:30:22.750   518  1040 D WifiHAL : event received NL80211_CMD_VENDOR, vendor_id = 0xce7, subcmd = 0xc
07-16 10:30:22.750   518  1040 D WifiHAL : event received NL80211_CMD_VENDOR, vendor_id = 0xce7, subcmd = 0x99
07-16 10:30:22.750   518  1040 D WifiHAL : event received NL80211_CMD_TRIGGER_SCAN
07-16 10:30:22.742   668   668 I [wlan][668]mtk_cfg80211_scan: (REQ STATE) i=0, wildcard scan
07-16 10:30:22.742   844   844 I [wlan][844]aisFsmSteps: (AIS STATE) [AIS0] TRANSITION: [NORMAL_TR] -> [ONLINE_SCAN]
07-16 10:30:22.742   844   844 I [wlan][844]scnFsmSteps: (SCN STATE) [SCAN]TRANSITION: [IDLE] -> [SCANNING]
07-16 10:30:22.742  1048  1048 I [wlan][1048]mtk_cfg_get_txpower: (REQ WARN) STA doesn't support this function
07-16 10:30:22.742  1048  1048 I [wlan][1048]mtk_cfg_get_txpower: (REQ WARN) STA doesn't support this function
07-16 10:30:22.768   518  1040 D WifiHAL : event received NL80211_CMD_FRAME_TX_STATUS
07-16 10:30:22.759   844   844 I [wlan][844]aisFsmRunEventMgmtFrameTxDone: (AIS ERROR) Mgmt Frame TX Fail, Status:5.
07-16 10:30:22.866   589  1751 I PlatformSys: getCpuTempterature:50
07-16 10:30:22.879   589  1667 D XlabControl: xlabDaemonThread:1500 --- xlabDaemonThread start!
07-16 10:30:22.894   589  1706 D MCU_BUS : m_SystemMode:7
07-16 10:30:22.895   589  1706 D MCU_BUS : m_SystemMode:7
07-16 10:30:22.895   589  1706 D IOT_CTRL: setIotProjectorStatus: 7
07-16 10:30:22.898   589  1216 D XGIMI_RADAR_CTL: checkScanResult[271]:radarDistance:143
07-16 10:30:22.914     0     0 I [    C3] [wlan][0]asicConnac2xRxPerfIndProcessRXV: (SW4 WARN) u4RxVector0 is 0
07-16 10:30:22.916     0     0 I [    C3] [wlan][0]asicConnac2xRxPerfIndProcessRXV: (SW4 WARN) u4RxVector0 is 0
07-16 10:30:22.925 17088 17149 I cast_shell: [0716/103022.925486:INFO:mdns_app_filter.cc(3358)] MdnsAppFilter: responses sent in 33 seconds: 38
07-16 10:30:22.929  1048  1048 I [wlan][1048]mtk_cfg_get_txpower: (REQ WARN) STA doesn't support this function
07-16 10:30:22.967     0     0 I [    C3] [wlan][0]asicConnac2xRxPerfIndProcessRXV: (SW4 WARN) u4RxVector0 is 0
07-16 10:30:22.971     0     0 I [    C3] [wlan][0]asicConnac2xRxPerfIndProcessRXV: (SW4 WARN) u4RxVector0 is 0
07-16 10:30:23.037     0     0 I [    C3] [wlan][0]asicConnac2xRxPerfIndProcessRXV: (SW4 WARN) u4RxVector0 is 0
07-16 10:30:23.067   589  1751 I PlatformSys: getCpuTempterature:50
07-16 10:30:23.067   589  1751 I TEMP_CTL: [run:1108]factory mode:1
07-16 10:30:23.078   443   443 I [HAL_AUDIO_DumpDspInfo][14520][07586018]ADEC0 ESID: 00, FF|ES=0000(0000),PCM=0000|Type=<00,0>|play=0:<1194>,State=0,0(0)|frmCnt:0000,0000(0000),00,00,00,00,00|tag:000,000|AvDly=140(ext offset:0),STC=0,PTS=0,cPTS=0,|Td=0
07-16 10:30:23.078   443   443 I         : mute(0,0),acmode(5),ch_map(0x0)smp_rate(48000),bit_rate(0)
07-16 10:30:23.078   443   443 I         : SND vol mch:0x800000,ch5:0x800000,ch6:0x800000,ch7:0x800000,ch8:0x800000
07-16 10:30:23.122   589  1707 I TEMP_CTL: [EN_SPEED_AUTO]--tempInc:40.000--fan_speed:88.000--target:45.000--current:41.000--env:25.000--minspeed:88--maxspeed:108
07-16 10:30:23.122   589  1707 I TEMP_CTL: Device_Fan_New_MCU setSpeed = 88
07-16 10:30:23.180   589  1669 D GM_DISP_SCENE_V3: [_switchHlightTestMode:3019]LumensMode:0, BCLMode:18, bEnterBCL:0
07-16 10:30:23.218   589  1722 I TEMP_CTL: [EN_SPEED_AUTO]--tempInc:40.000--fan_speed:88.000--target:45.000--current:41.000--env:25.000--minspeed:88--maxspeed:108
07-16 10:30:23.218   589  1722 I TEMP_CTL: Device_Fan_New_MCU setSpeed = 88
07-16 10:30:23.259   589  1696 D Motion_det_ctl: (type:2:1)(0 0 0) (0 -8 -1)
07-16 10:30:23.259   589  1696 D Motion_det_ctl: Ang Gyr Adjust Ing 2:(-8 0 -1)
07-16 10:30:23.269   589  1751 D TEMP_CTL: get fan speed success :air_intake_fan:[1150][1150] air_out_fan[1100][0] dedust_DMD_fan[0][0]
07-16 10:30:23.270   589  1751 D TEMP_CTL: get fan speed success :air_intake_fan:[1150][1150] air_out_fan[1100][0] dedust_DMD_fan[0][0]
07-16 10:30:23.272   589  1751 D TEMP_CTL: get fan speed success :air_intake_fan:[1150][1150] air_out_fan[1100][0] dedust_DMD_fan[0][0]
07-16 10:30:23.318   589  1744 I TEMP_CTL: [EN_SPEED_AUTO]--tempInc:40.000--fan_speed:88.000--target:45.000--current:41.000--env:25.000--minspeed:88--maxspeed:108
07-16 10:30:23.318   589  1744 I TEMP_CTL: Device_Fan_New_MCU setSpeed = 88
07-16 10:30:23.385   589  1751 I PlatformSys: getCpuTempterature:50
07-16 10:30:23.398   589  1216 D XGIMI_RADAR_CTL: checkScanResult[271]:radarDistance:143
07-16 10:30:23.587   589  1751 I PlatformSys: getCpuTempterature:50
07-16 10:30:23.724   589  1707 I TEMP_CTL: [EN_SPEED_AUTO]--tempInc:40.000--fan_speed:88.000--target:45.000--current:41.000--env:25.000--minspeed:88--maxspeed:108
07-16 10:30:23.724   589  1707 I TEMP_CTL: Device_Fan_New_MCU setSpeed = 88
07-16 10:30:23.788   589  1751 I PlatformSys: getCpuTempterature:50
07-16 10:30:23.811 21752 23072 W AtvRemote.TcpWakePortClient: Incoming connection for WakePortClient from unknown device 192.168.3.98:40305
07-16 10:30:23.811 21752 23072 W AtvRemote.PacketReaderThread: Failed to prepare input stream for 192.168.3.98:40305
07-16 10:30:23.811 21752 23071 W AtvRemote.ConnectedClients: Client 192.168.3.98:40305 connecting failure
07-16 10:30:23.820   589  1722 I TEMP_CTL: [EN_SPEED_AUTO]--tempInc:40.000--fan_speed:88.000--target:45.000--current:41.000--env:25.000--minspeed:88--maxspeed:108
07-16 10:30:23.820   589  1722 I TEMP_CTL: Device_Fan_New_MCU setSpeed = 88
07-16 10:30:23.879   589  1667 D XlabControl: xlabDaemonThread:1500 --- xlabDaemonThread start!
07-16 10:30:23.899   589  1216 D XGIMI_RADAR_CTL: checkScanResult[271]:radarDistance:143
07-16 10:30:23.920   589  1744 I TEMP_CTL: [EN_SPEED_AUTO]--tempInc:40.000--fan_speed:88.000--target:45.000--current:41.000--env:25.000--minspeed:88--maxspeed:108
07-16 10:30:23.920   589  1744 I TEMP_CTL: Device_Fan_New_MCU setSpeed = 88
07-16 10:30:23.989   589  1751 I PlatformSys: getCpuTempterature:50
07-16 10:30:24.174   443   443 I [HAL_AUDIO_DumpDspInfo][14520][07587114]ADEC0 ESID: 00, FF|ES=0000(0000),PCM=0000|Type=<00,0>|play=0:<1194>,State=0,0(0)|frmCnt:0000,0000(0000),00,00,00,00,00|tag:000,000|AvDly=140(ext offset:0),STC=0,PTS=0,cPTS=0,|Td=0
07-16 10:30:24.174   443   443 I         : mute(0,0),acmode(5),ch_map(0x0)smp_rate(48000),bit_rate(0)
07-16 10:30:24.174   443   443 I         : SND vol mch:0x800000,ch5:0x800000,ch6:0x800000,ch7:0x800000,ch8:0x800000
07-16 10:30:24.190   589  1751 I PlatformSys: getCpuTempterature:50
07-16 10:30:24.190   589  1751 I TEMP_CTL: [run:1108]factory mode:1
07-16 10:30:24.326   589  1707 I TEMP_CTL: [EN_SPEED_AUTO]--tempInc:40.000--fan_speed:88.000--target:45.000--current:41.000--env:25.000--minspeed:88--maxspeed:108
07-16 10:30:24.326   589  1707 I TEMP_CTL: Device_Fan_New_MCU setSpeed = 88
07-16 10:30:24.392   589  1751 D TEMP_CTL: get fan speed success :air_intake_fan:[1150][1150] air_out_fan[1150][0] dedust_DMD_fan[0][0]
07-16 10:30:24.394   589  1751 D TEMP_CTL: get fan speed success :air_intake_fan:[1150][1150] air_out_fan[1150][0] dedust_DMD_fan[0][0]
07-16 10:30:24.395   589  1751 D TEMP_CTL: get fan speed success :air_intake_fan:[1150][1150] air_out_fan[1150][0] dedust_DMD_fan[0][0]
07-16 10:30:24.399   589  1216 D XGIMI_RADAR_CTL: checkScanResult[271]:radarDistance:143
07-16 10:30:24.422   589  1722 I TEMP_CTL: [EN_SPEED_AUTO]--tempInc:40.000--fan_speed:88.000--target:45.000--current:41.000--env:25.000--minspeed:88--maxspeed:108
07-16 10:30:24.423   589  1722 I TEMP_CTL: Device_Fan_New_MCU setSpeed = 88
07-16 10:30:24.507   589  1751 I PlatformSys: getCpuTempterature:50
07-16 10:30:24.522   589  1744 I TEMP_CTL: [EN_SPEED_AUTO]--tempInc:40.000--fan_speed:88.000--target:45.000--current:41.000--env:25.000--minspeed:88--maxspeed:108
07-16 10:30:24.522   589  1744 I TEMP_CTL: Device_Fan_New_MCU setSpeed = 88
07-16 10:30:24.709   589  1751 I PlatformSys: getCpuTempterature:50
07-16 10:30:24.775   589  1243 D GM_DISP_CTRL: [DlpLumensAdjust:10809]AdjState:3,Lock:0,Page/tbl=0,0,IntCfg:0->0,Condition:-1 0 -1,EnvTemp=255,Mode=0,Lvl=10 10 10 10,CustLvlType=0
07-16 10:30:24.879   589  1667 D XlabControl: xlabDaemonThread:1500 --- xlabDaemonThread start!
07-16 10:30:24.899   589  1216 D XGIMI_RADAR_CTL: checkScanResult[271]:radarDistance:143
07-16 10:30:24.910   589  1751 I PlatformSys: getCpuTempterature:50
07-16 10:30:24.928   589  1707 I TEMP_CTL: [EN_SPEED_AUTO]--tempInc:40.000--fan_speed:88.000--target:45.000--current:41.000--env:25.000--minspeed:88--maxspeed:108
07-16 10:30:24.928   589  1707 I TEMP_CTL: Device_Fan_New_MCU setSpeed = 88
07-16 10:30:24.955 21752 21783 D TrafficStats: tagSocket(87) with statsTag=0xffffffff, statsUid=-1
07-16 10:30:25.024   589  1722 I TEMP_CTL: [EN_SPEED_AUTO]--tempInc:40.000--fan_speed:88.000--target:45.000--current:41.000--env:25.000--minspeed:88--maxspeed:108
07-16 10:30:25.025   589  1722 I TEMP_CTL: Device_Fan_New_MCU setSpeed = 88
07-16 10:30:25.111   589  1751 I PlatformSys: getCpuTempterature:50
07-16 10:30:25.124   589  1744 I TEMP_CTL: [EN_SPEED_AUTO]--tempInc:40.000--fan_speed:88.000--target:45.000--current:41.000--env:25.000--minspeed:88--maxspeed:108
07-16 10:30:25.124   589  1744 I TEMP_CTL: Device_Fan_New_MCU setSpeed = 88
07-16 10:30:25.266   443   443 I [HAL_AUDIO_DumpDspInfo][14520][07588206]ADEC0 ESID: 00, FF|ES=0000(0000),PCM=0000|Type=<00,0>|play=0:<1194>,State=0,0(0)|frmCnt:0000,0000(0000),00,00,00,00,00|tag:000,000|AvDly=140(ext offset:0),STC=0,PTS=0,cPTS=0,|Td=0
07-16 10:30:25.266   443   443 I         : mute(0,0),acmode(5),ch_map(0x0)smp_rate(48000),bit_rate(0)
07-16 10:30:25.266   443   443 I         : SND vol mch:0x800000,ch5:0x800000,ch6:0x800000,ch7:0x800000,ch8:0x800000
07-16 10:30:25.312   589  1751 I PlatformSys: getCpuTempterature:50
07-16 10:30:25.312   589  1751 I TEMP_CTL: [run:1108]factory mode:1
07-16 10:30:25.353   589  1696 D Motion_det_ctl: (type:2:1)(0 0 0) (0 -9 -1)
07-16 10:30:25.353   589  1696 D Motion_det_ctl: Ang Gyr Adjust Ing 3:(-9 0 -1)
07-16 10:30:25.399   589  1216 D XGIMI_RADAR_CTL: checkScanResult[271]:radarDistance:264
07-16 10:30:25.514   589  1751 D TEMP_CTL: get fan speed success :air_intake_fan:[1150][1150] air_out_fan[1100][0] dedust_DMD_fan[0][0]
07-16 10:30:25.515   589  1751 D TEMP_CTL: get fan speed success :air_intake_fan:[1150][1150] air_out_fan[1100][0] dedust_DMD_fan[0][0]
07-16 10:30:25.517   589  1751 D TEMP_CTL: get fan speed success :air_intake_fan:[1150][1150] air_out_fan[1100][0] dedust_DMD_fan[0][0]
07-16 10:30:25.530   589  1707 I TEMP_CTL: [EN_SPEED_AUTO]--tempInc:40.000--fan_speed:88.000--target:45.000--current:41.000--env:25.000--minspeed:88--maxspeed:108
07-16 10:30:25.530   589  1707 I TEMP_CTL: Device_Fan_New_MCU setSpeed = 88
07-16 10:30:25.627   589  1722 I TEMP_CTL: [EN_SPEED_AUTO]--tempInc:40.000--fan_speed:88.000--target:45.000--current:41.000--env:25.000--minspeed:88--maxspeed:108
07-16 10:30:25.627   589  1722 I TEMP_CTL: Device_Fan_New_MCU setSpeed = 88
07-16 10:30:25.630   589  1751 I PlatformSys: getCpuTempterature:50
07-16 10:30:25.675   518  1040 D WifiHAL : event received NL80211_CMD_VENDOR, vendor_id = 0xce7, subcmd = 0x99
07-16 10:30:25.666   844   844 I [wlan][844]scnFsmSteps: (SCN STATE) [SCAN]TRANSITION: [SCANNING] -> [IDLE]
07-16 10:30:25.667  1048  1048 I [wlan][1048]mtk_cfg_get_txpower: (REQ WARN) STA doesn't support this function
07-16 10:30:25.667   844   844 I [wlan][844]aisFsmSteps: (AIS STATE) [AIS0] TRANSITION: [ONLINE_SCAN] -> [NORMAL_TR]
07-16 10:30:25.667  1048  1048 I [wlan][1048]mtk_cfg_get_txpower: (REQ WARN) STA doesn't support this function
07-16 10:30:25.675   518  1040 D WifiHAL : event received NL80211_CMD_VENDOR, vendor_id = 0xce7, subcmd = 0xc
07-16 10:30:25.675   518  1040 D WifiHAL : event received NL80211_CMD_NEW_SCAN_RESULTS
07-16 10:30:25.676   838  2617 D WifiNl80211Manager: Scan result ready event
07-16 10:30:25.676   838  2617 D WifiNative: Scan result ready event
07-16 10:30:25.676  1182  1561 D IpClient/wlan0: interfaceLinkStateChanged: ifindex 16 up
07-16 10:30:25.677   384   423 I netd    : interfaceGetCfg(wlan0) -> {InterfaceConfigurationParcel{ifName: wlan0, hwAddr: c2:3a:93:ff:4b:ec, ipv4Addr: 192.168.3.222, prefixLength: 24, flags: [up, broadcast, running, multicast]}} <0.22ms>
07-16 10:30:25.679   518  1040 D WifiHAL : event received NL80211_CMD_VENDOR, vendor_id = 0xce7, subcmd = 0xc
07-16 10:30:25.679   518  1040 D WifiHAL : event received NL80211_CMD_VENDOR, vendor_id = 0xce7, subcmd = 0x99
07-16 10:30:25.679   518  1040 D WifiHAL : event received NL80211_CMD_TRIGGER_SCAN
07-16 10:30:25.671  1048  1048 I [wlan][1048]mtk_cfg80211_scan: (REQ STATE) i=0, wildcard scan
07-16 10:30:25.671   844   844 I [wlan][844]aisFsmSteps: (AIS STATE) [AIS0] TRANSITION: [NORMAL_TR] -> [ONLINE_SCAN]
07-16 10:30:25.671   844   844 I [wlan][844]scnFsmSteps: (SCN STATE) [SCAN]TRANSITION: [IDLE] -> [SCANNING]
07-16 10:30:25.671  1048  1048 I [wlan][1048]mtk_cfg_get_txpower: (REQ WARN) STA doesn't support this function
07-16 10:30:25.671  1048  1048 I [wlan][1048]mtk_cfg_get_txpower: (REQ WARN) STA doesn't support this function
07-16 10:30:25.697   838   987 D WificondScannerImpl: Filtering out 41 scan results.
07-16 10:30:25.726   589  1744 I TEMP_CTL: [EN_SPEED_AUTO]--tempInc:40.000--fan_speed:88.000--target:45.000--current:41.000--env:25.000--minspeed:88--maxspeed:108
07-16 10:30:25.726   589  1744 I TEMP_CTL: Device_Fan_New_MCU setSpeed = 88
07-16 10:30:25.741   838   983 D PasspointManager: ANQP entry not found for: 10:5d:dc:f1:a2:89:<haiwai_test-5G_Wi-Fi5>
07-16 10:30:25.741   838   983 D PasspointManager: ANQP entry not found for: c8:7f:54:4b:f9:e4:<auas3to1123213>
07-16 10:30:25.742   838   983 D PasspointManager: ANQP entry not found for: 10:5d:dc:f1:a2:8a:<haiwai_test-5G_Wi-Fi5>
07-16 10:30:25.743   838   983 D PasspointManager: ANQP entry not found for: 10:5d:dc:01:a2:88:<haiwai_test-5G>
07-16 10:30:25.743   838   983 D PasspointManager: ANQP entry not found for: 10:5d:dc:01:a2:8a:<>
07-16 10:30:25.744   838   983 D PasspointManager: ANQP entry not found for: 10:5d:dc:01:a2:89:<>
07-16 10:30:25.744   838   983 D PasspointManager: ANQP entry not found for: 10:5d:dc:01:a2:84:<haiwai_test-5G>
07-16 10:30:25.832   589  1751 I PlatformSys: getCpuTempterature:51
07-16 10:30:25.857     0     0 I [    C3] [wlan][0]asicConnac2xRxPerfIndProcessRXV: (SW4 WARN) u4RxVector0 is 0
07-16 10:30:25.858     0     0 I [    C3] [wlan][0]asicConnac2xRxPerfIndProcessRXV: (SW4 WARN) u4RxVector0 is 0
07-16 10:30:25.880   589  1667 D XlabControl: xlabDaemonThread:1500 --- xlabDaemonThread start!
07-16 10:30:25.899   589  1216 D XGIMI_RADAR_CTL: checkScanResult[271]:radarDistance:264
07-16 10:30:25.935  1048  1048 I [wlan][1048]mtk_cfg_get_txpower: (REQ WARN) STA doesn't support this function
07-16 10:30:26.008     0     0 I [    C3] [wlan][0]asicConnac2xRxPerfIndProcessRXV: (SW4 WARN) u4RxVector0 is 0
07-16 10:30:26.017     0     0 I [    C3] [wlan][0]asicConnac2xRxPerfIndProcessRXV: (SW4 WARN) u4RxVector0 is 0
07-16 10:30:26.033   589  1751 I PlatformSys: getCpuTempterature:50
07-16 10:30:26.034     0     0 I [    C3] [wlan][0]asicConnac2xRxPerfIndProcessRXV: (SW4 WARN) u4RxVector0 is 0
07-16 10:30:26.036     0     0 I [    C3] [wlan][0]asicConnac2xRxPerfIndProcessRXV: (SW4 WARN) u4RxVector0 is 0
07-16 10:30:26.038     0     0 I [    C3] [wlan][0]asicConnac2xRxPerfIndProcessRXV: (SW4 WARN) u4RxVector0 is 0
07-16 10:30:26.039     0     0 I [    C3] [wlan][0]asicConnac2xRxPerfIndProcessRXV: (SW4 WARN) u4RxVector0 is 0
07-16 10:30:26.060     0     0 I [    C3] [wlan][0]asicConnac2xRxPerfIndProcessRXV: (SW4 WARN) u4RxVector0 is 0
07-16 10:30:26.110     0     0 I [    C3] [wlan][0]asicConnac2xRxPerfIndProcessRXV: (SW4 WARN) u4RxVector0 is 0
07-16 10:30:26.114     0     0 I [    C3] [wlan][0]asicConnac2xRxPerfIndProcessRXV: (SW4 WARN) u4RxVector0 is 0
07-16 10:30:26.132   589  1707 I TEMP_CTL: [EN_SPEED_AUTO]--tempInc:40.000--fan_speed:88.000--target:45.000--current:41.000--env:25.000--minspeed:88--maxspeed:108
07-16 10:30:26.132   589  1707 I TEMP_CTL: Device_Fan_New_MCU setSpeed = 88
07-16 10:30:26.229   589  1722 I TEMP_CTL: [EN_SPEED_AUTO]--tempInc:40.000--fan_speed:88.000--target:45.000--current:41.000--env:25.000--minspeed:88--maxspeed:108
07-16 10:30:26.229   589  1722 I TEMP_CTL: Device_Fan_New_MCU setSpeed = 88
07-16 10:30:26.234   589  1751 I PlatformSys: getCpuTempterature:50
07-16 10:30:26.238   838   923 D ActivityManager: sync unfroze 22852 com.google.android.tv.inputplayer for 10
07-16 10:30:26.328   589  1744 I TEMP_CTL: [EN_SPEED_AUTO]--tempInc:40.000--fan_speed:88.000--target:45.000--current:41.000--env:25.000--minspeed:88--maxspeed:108
07-16 10:30:26.328   589  1744 I TEMP_CTL: Device_Fan_New_MCU setSpeed = 88
07-16 10:30:26.364   443   443 I [HAL_AUDIO_DumpDspInfo][14520][07589304]ADEC0 ESID: 00, FF|ES=0000(0000),PCM=0000|Type=<00,0>|play=0:<1194>,State=0,0(0)|frmCnt:0000,0000(0000),00,00,00,00,00|tag:000,000|AvDly=140(ext offset:0),STC=0,PTS=0,cPTS=0,|Td=0
07-16 10:30:26.364   443   443 I         : mute(0,0),acmode(5),ch_map(0x0)smp_rate(48000),bit_rate(0)
07-16 10:30:26.364   443   443 I         : SND vol mch:0x800000,ch5:0x800000,ch6:0x800000,ch7:0x800000,ch8:0x800000
07-16 10:30:26.399   589  1216 D XGIMI_RADAR_CTL: checkScanResult[271]:radarDistance:264
07-16 10:30:26.435   589  1751 I PlatformSys: getCpuTempterature:50
07-16 10:30:26.435   589  1751 I TEMP_CTL: [run:1108]factory mode:1
07-16 10:30:26.637   589  1751 D TEMP_CTL: get fan speed success :air_intake_fan:[1100][1150] air_out_fan[1150][0] dedust_DMD_fan[0][0]
07-16 10:30:26.638   589  1751 D TEMP_CTL: get fan speed success :air_intake_fan:[1100][1150] air_out_fan[1150][0] dedust_DMD_fan[0][0]
07-16 10:30:26.640   589  1751 D TEMP_CTL: get fan speed success :air_intake_fan:[1100][1150] air_out_fan[1150][0] dedust_DMD_fan[0][0]
07-16 10:30:26.734   589  1707 I TEMP_CTL: [EN_SPEED_AUTO]--tempInc:40.000--fan_speed:88.000--target:45.000--current:41.000--env:25.000--minspeed:88--maxspeed:108
07-16 10:30:26.734   589  1707 I TEMP_CTL: Device_Fan_New_MCU setSpeed = 88
07-16 10:30:26.752   589  1751 I PlatformSys: getCpuTempterature:50
07-16 10:30:26.831   589  1722 I TEMP_CTL: [EN_SPEED_AUTO]--tempInc:40.000--fan_speed:88.000--target:45.000--current:41.000--env:25.000--minspeed:88--maxspeed:108
07-16 10:30:26.831   589  1722 I TEMP_CTL: Device_Fan_New_MCU setSpeed = 88
07-16 10:30:26.880   589  1667 D XlabControl: xlabDaemonThread:1500 --- xlabDaemonThread start!
07-16 10:30:26.895   589  1706 D MCU_BUS : m_SystemMode:7
07-16 10:30:26.896   589  1706 D MCU_BUS : m_SystemMode:7
07-16 10:30:26.896   589  1706 D IOT_CTRL: setIotProjectorStatus: 7
07-16 10:30:26.900   589  1216 D XGIMI_RADAR_CTL: checkScanResult[271]:radarDistance:264
07-16 10:30:26.930   589  1744 I TEMP_CTL: [EN_SPEED_AUTO]--tempInc:40.000--fan_speed:88.000--target:45.000--current:41.000--env:25.000--minspeed:88--maxspeed:108
07-16 10:30:26.930   589  1744 I TEMP_CTL: Device_Fan_New_MCU setSpeed = 88
07-16 10:30:26.954   589  1751 I PlatformSys: getCpuTempterature:50
07-16 10:30:27.155   589  1751 I PlatformSys: getCpuTempterature:50
07-16 10:30:27.199 21752 21783 I AtvRemote.TcpPairingServer: New client connected: /192.168.3.98:47002 (TLSv1.3 TLS_AES_128_GCM_SHA256)
07-16 10:30:27.336   589  1707 I TEMP_CTL: [EN_SPEED_AUTO]--tempInc:40.000--fan_speed:88.000--target:45.000--current:41.000--env:25.000--minspeed:88--maxspeed:108
07-16 10:30:27.336   589  1707 I TEMP_CTL: Device_Fan_New_MCU setSpeed = 88
07-16 10:30:27.356   589  1751 I PlatformSys: getCpuTempterature:50
07-16 10:30:27.400   589  1216 D XGIMI_RADAR_CTL: checkScanResult[271]:radarDistance:264
07-16 10:30:27.433   589  1722 I TEMP_CTL: [EN_SPEED_AUTO]--tempInc:40.000--fan_speed:88.000--target:45.000--current:41.000--env:25.000--minspeed:88--maxspeed:108
07-16 10:30:27.433   589  1722 I TEMP_CTL: Device_Fan_New_MCU setSpeed = 88
07-16 10:30:27.448   589  1696 D Motion_det_ctl: (type:2:1)(0 0 0) (0 -8 0)
07-16 10:30:27.448   589  1696 D Motion_det_ctl: Ang Gyr Adjust Ing 4:(-8 0 0)
07-16 10:30:27.457   443   443 I [HAL_AUDIO_DumpDspInfo][14520][07590397]ADEC0 ESID: 00, FF|ES=0000(0000),PCM=0000|Type=<00,0>|play=0:<1194>,State=0,0(0)|frmCnt:0000,0000(0000),00,00,00,00,00|tag:000,000|AvDly=140(ext offset:0),STC=0,PTS=0,cPTS=0,|Td=0
07-16 10:30:27.457   443   443 I         : mute(0,0),acmode(5),ch_map(0x0)smp_rate(48000),bit_rate(0)
07-16 10:30:27.457   443   443 I         : SND vol mch:0x800000,ch5:0x800000,ch6:0x800000,ch7:0x800000,ch8:0x800000
07-16 10:30:27.532   589  1744 I TEMP_CTL: [EN_SPEED_AUTO]--tempInc:40.000--fan_speed:88.000--target:45.000--current:41.000--env:25.000--minspeed:88--maxspeed:108
07-16 10:30:27.532   589  1744 I TEMP_CTL: Device_Fan_New_MCU setSpeed = 88
07-16 10:30:27.558   589  1751 I PlatformSys: getCpuTempterature:50
07-16 10:30:27.558   589  1751 I TEMP_CTL: [run:1108]factory mode:1
07-16 10:30:27.742  1166  1259 D MtkLog  : off
07-16 10:30:27.744  1409  1519 D MtkLog  : off
07-16 10:30:27.760   589  1751 D TEMP_CTL: get fan speed success :air_intake_fan:[1150][1150] air_out_fan[1150][0] dedust_DMD_fan[0][0]
07-16 10:30:27.761   589  1751 D TEMP_CTL: get fan speed success :air_intake_fan:[1150][1150] air_out_fan[1150][0] dedust_DMD_fan[0][0]
07-16 10:30:27.763   589  1751 D TEMP_CTL: get fan speed success :air_intake_fan:[1150][1150] air_out_fan[1150][0] dedust_DMD_fan[0][0]
07-16 10:30:27.818   589  1751 I TEMP_CTL: [run:1061]TempSensor[3] temperature:41
07-16 10:30:27.875   589  1751 I PlatformSys: getCpuTempterature:50
07-16 10:30:27.880   589  1667 D XlabControl: xlabDaemonThread:1500 --- xlabDaemonThread start!
07-16 10:30:27.900   589  1216 D XGIMI_RADAR_CTL: checkScanResult[271]:radarDistance:264
07-16 10:30:27.938   589  1707 I TEMP_CTL: [EN_SPEED_AUTO]--tempInc:40.000--fan_speed:88.000--target:45.000--current:41.000--env:25.000--minspeed:88--maxspeed:108
07-16 10:30:27.938   589  1707 I TEMP_CTL: Device_Fan_New_MCU setSpeed = 88
07-16 10:30:28.035   589  1722 I TEMP_CTL: [EN_SPEED_AUTO]--tempInc:40.000--fan_speed:88.000--target:45.000--current:41.000--env:25.000--minspeed:88--maxspeed:108
07-16 10:30:28.035   589  1722 I TEMP_CTL: Device_Fan_New_MCU setSpeed = 88
07-16 10:30:28.076   589  1751 I PlatformSys: getCpuTempterature:50
07-16 10:30:28.134   589  1744 I TEMP_CTL: [EN_SPEED_AUTO]--tempInc:40.000--fan_speed:88.000--target:45.000--current:41.000--env:25.000--minspeed:88--maxspeed:108
07-16 10:30:28.134   589  1744 I TEMP_CTL: Device_Fan_New_MCU setSpeed = 88
07-16 10:30:28.160  1344  1575 I bt_btif_dm: packages/modules/Bluetooth/system/btif/src/btif_dm.cc:694 btif_update_remote_properties: class of device (cod) is 0x00050c
07-16 10:30:28.278   589  1751 I PlatformSys: getCpuTempterature:50
07-16 10:30:28.400   589  1216 D XGIMI_RADAR_CTL: checkScanResult[271]:radarDistance:264
07-16 10:30:28.475   518  1040 D WifiHAL : event received NL80211_CMD_VENDOR, vendor_id = 0xce7, subcmd = 0x99
07-16 10:30:28.467   844   844 I [wlan][844]scnFsmSteps: (SCN STATE) [SCAN]TRANSITION: [SCANNING] -> [IDLE]
07-16 10:30:28.467  1048  1048 I [wlan][1048]mtk_cfg_get_txpower: (REQ WARN) STA doesn't support this function
07-16 10:30:28.467   844   844 I [wlan][844]aisFsmSteps: (AIS STATE) [AIS0] TRANSITION: [ONLINE_SCAN] -> [NORMAL_TR]
07-16 10:30:28.467  1048  1048 I [wlan][1048]mtk_cfg_get_txpower: (REQ WARN) STA doesn't support this function
07-16 10:30:28.475   518  1040 D WifiHAL : event received NL80211_CMD_VENDOR, vendor_id = 0xce7, subcmd = 0xc
07-16 10:30:28.475   518  1040 D WifiHAL : event received NL80211_CMD_NEW_SCAN_RESULTS
07-16 10:30:28.475   668   668 I wificond: Received external scan result notification from kernel.
07-16 10:30:28.475   838  2047 D WifiNl80211Manager: Scan result ready event
07-16 10:30:28.476   838  2047 D WifiNative: Scan result ready event
07-16 10:30:28.476  1182  1561 D IpClient/wlan0: interfaceLinkStateChanged: ifindex 16 up
07-16 10:30:28.478   384   423 I netd    : interfaceGetCfg(wlan0) -> {InterfaceConfigurationParcel{ifName: wlan0, hwAddr: c2:3a:93:ff:4b:ec, ipv4Addr: 192.168.3.222, prefixLength: 24, flags: [up, broadcast, running, multicast]}} <0.23ms>
07-16 10:30:28.479   589  1751 I PlatformSys: getCpuTempterature:51
07-16 10:30:28.540   589  1707 I TEMP_CTL: [EN_SPEED_AUTO]--tempInc:40.000--fan_speed:88.000--target:45.000--current:41.000--env:25.000--minspeed:88--maxspeed:108
07-16 10:30:28.540   589  1707 I TEMP_CTL: Device_Fan_New_MCU setSpeed = 88
07-16 10:30:28.555   443   443 I [HAL_AUDIO_DumpDspInfo][14520][07591496]ADEC0 ESID: 00, FF|ES=0000(0000),PCM=0000|Type=<00,0>|play=0:<1194>,State=0,0(0)|frmCnt:0000,0000(0000),00,00,00,00,00|tag:000,000|AvDly=140(ext offset:0),STC=0,PTS=0,cPTS=0,|Td=0
