--------- beginning of main
07-16 10:30:00.929   589  1751 I PlatformSys: getCpuTempterature:50
07-16 10:30:00.942   589  1722 I TEMP_CTL: [EN_SPEED_AUTO]--tempInc:40.000--fan_speed:88.000--target:45.000--current:41.000--env:25.000--minspeed:88--maxspeed:108
07-16 10:30:00.942   589  1722 I TEMP_CTL: Device_Fan_New_MCU setSpeed = 88
07-16 10:30:01.041   589  1744 I TEMP_CTL: [EN_SPEED_AUTO]--tempInc:40.000--fan_speed:88.000--target:45.000--current:41.000--env:25.000--minspeed:88--maxspeed:108
07-16 10:30:01.041   589  1744 I TEMP_CTL: Device_Fan_New_MCU setSpeed = 88
07-16 10:30:01.115   518  1040 D WifiHAL : event received NL80211_CMD_VENDOR, vendor_id = 0xce7, subcmd = 0x99
07-16 10:30:01.116   518  1040 D WifiHAL : event received NL80211_CMD_VENDOR, vendor_id = 0xce7, subcmd = 0xc
07-16 10:30:01.116   518  1040 D WifiHAL : event received NL80211_CMD_NEW_SCAN_RESULTS
07-16 10:30:01.116   838  2025 D WifiNl80211Manager: Scan result ready event
07-16 10:30:01.116   838  2025 D WifiNative: Scan result ready event
07-16 10:30:01.117  1182  1561 D IpClient/wlan0: interfaceLinkStateChanged: ifindex 16 up
07-16 10:30:01.119   384   423 I netd    : interfaceGetCfg(wlan0) -> {InterfaceConfigurationParcel{ifName: wlan0, hwAddr: c2:3a:93:ff:4b:ec, ipv4Addr: 192.168.3.222, prefixLength: 24, flags: [up, broadcast, running, multicast]}} <0.23ms>
--------- beginning of kernel
07-16 10:30:01.107   844   844 I [wlan][844]scnFsmSteps: (SCN STATE) [SCAN]TRANSITION: [SCANNING] -> [IDLE]
07-16 10:30:01.107  1048  1048 I [wlan][1048]mtk_cfg_get_txpower: (REQ WARN) STA doesn't support this function
07-16 10:30:01.108   844   844 I [wlan][844]aisFsmSteps: (AIS STATE) [AIS0] TRANSITION: [ONLINE_SCAN] -> [NORMAL_TR]
07-16 10:30:01.109  1048  1048 I [wlan][1048]mtk_cfg_get_txpower: (REQ WARN) STA doesn't support this function
07-16 10:30:01.131   589  1751 I PlatformSys: getCpuTempterature:51
07-16 10:30:01.131   589  1751 I TEMP_CTL: [run:1094]CPU temperature:49
07-16 10:30:01.138   838   987 D WificondScannerImpl: Filtering out 35 scan results.
07-16 10:30:01.211   838   983 D PasspointManager: ANQP entry not found for: c8:7f:54:4b:f9:e4:<auas3to1123213>
07-16 10:30:01.211   838   983 D PasspointManager: ANQP entry not found for: 10:5d:dc:f1:a2:8a:<haiwai_test-5G_Wi-Fi5>
07-16 10:30:01.214   838   983 D PasspointManager: ANQP entry not found for: 10:5d:dc:01:a2:88:<haiwai_test-5G>
07-16 10:30:01.214   838   983 D PasspointManager: ANQP entry not found for: 10:5d:dc:01:a2:8a:<>
07-16 10:30:01.215   838   983 D PasspointManager: ANQP entry not found for: 10:5d:dc:01:a2:84:<haiwai_test-5G>
07-16 10:30:01.215   838   983 D PasspointManager: ANQP entry not found for: 10:5d:dc:f6:9f:d6:<GTVS-IPV6_Wi-Fi5>
07-16 10:30:01.215   838   983 D PasspointManager: ANQP entry not found for: 18:3c:b7:23:72:12:<>
07-16 10:30:01.216   838   983 D PasspointManager: ANQP entry not found for: 18:3c:b7:23:72:10:<自动化实验室-5G>
07-16 10:30:01.208   443   443 I [HAL_AUDIO_DumpDspInfo][14520][07564149]ADEC0 ESID: 00, FF|ES=0000(0000),PCM=0000|Type=<00,0>|play=0:<1194>,State=0,0(0)|frmCnt:0000,0000(0000),00,00,00,00,00|tag:000,000|AvDly=140(ext offset:0),STC=0,PTS=0,cPTS=0,|Td=0
07-16 10:30:01.208   443   443 I         : mute(0,0),acmode(5),ch_map(0x0)smp_rate(48000),bit_rate(0)
07-16 10:30:01.208   443   443 I         : SND vol mch:0x800000,ch5:0x800000,ch6:0x800000,ch7:0x800000,ch8:0x800000
07-16 10:30:01.332   589  1751 I PlatformSys: getCpuTempterature:50
07-16 10:30:01.392   589  1216 D XGIMI_RADAR_CTL: checkScanResult[271]:radarDistance:143
07-16 10:30:01.446   589  1707 I TEMP_CTL: [EN_SPEED_AUTO]--tempInc:40.000--fan_speed:88.000--target:45.000--current:41.000--env:25.000--minspeed:88--maxspeed:108
07-16 10:30:01.446   589  1707 I TEMP_CTL: Device_Fan_New_MCU setSpeed = 88
07-16 10:30:01.533   589  1751 I PlatformSys: getCpuTempterature:50
07-16 10:30:01.544   589  1722 I TEMP_CTL: [EN_SPEED_AUTO]--tempInc:40.000--fan_speed:88.000--target:45.000--current:41.000--env:25.000--minspeed:88--maxspeed:108
07-16 10:30:01.544   589  1722 I TEMP_CTL: Device_Fan_New_MCU setSpeed = 88
07-16 10:30:01.643   589  1744 I TEMP_CTL: [EN_SPEED_AUTO]--tempInc:40.000--fan_speed:88.000--target:45.000--current:41.000--env:25.000--minspeed:88--maxspeed:108
07-16 10:30:01.643   589  1744 I TEMP_CTL: Device_Fan_New_MCU setSpeed = 88
07-16 10:30:01.735   589  1751 I PlatformSys: getCpuTempterature:50
07-16 10:30:01.735   589  1751 I TEMP_CTL: [run:1108]factory mode:1
07-16 10:30:01.874   589  1667 D XlabControl: xlabDaemonThread:1500 --- xlabDaemonThread start!
07-16 10:30:01.880  1048  1048 I [wlan][1048]mtk_cfg_get_txpower: (REQ WARN) STA doesn't support this function
07-16 10:30:01.892   589  1216 D XGIMI_RADAR_CTL: checkScanResult[271]:radarDistance:143
07-16 10:30:01.937   589  1751 D TEMP_CTL: get fan speed success :air_intake_fan:[1150][1150] air_out_fan[1150][0] dedust_DMD_fan[0][0]
07-16 10:30:01.938   589  1751 D TEMP_CTL: get fan speed success :air_intake_fan:[1150][1150] air_out_fan[1150][0] dedust_DMD_fan[0][0]
07-16 10:30:01.940   589  1751 D TEMP_CTL: get fan speed success :air_intake_fan:[1150][1150] air_out_fan[1150][0] dedust_DMD_fan[0][0]
07-16 10:30:02.048   589  1707 I TEMP_CTL: [EN_SPEED_AUTO]--tempInc:40.000--fan_speed:88.000--target:45.000--current:41.000--env:25.000--minspeed:88--maxspeed:108
07-16 10:30:02.048   589  1707 I TEMP_CTL: Device_Fan_New_MCU setSpeed = 88
07-16 10:30:02.051   589  1751 I PlatformSys: getCpuTempterature:48
07-16 10:30:02.146   589  1722 I TEMP_CTL: [EN_SPEED_AUTO]--tempInc:40.000--fan_speed:88.000--target:45.000--current:41.000--env:25.000--minspeed:88--maxspeed:108
07-16 10:30:02.146   589  1722 I TEMP_CTL: Device_Fan_New_MCU setSpeed = 88
07-16 10:30:02.245   589  1744 I TEMP_CTL: [EN_SPEED_AUTO]--tempInc:40.000--fan_speed:88.000--target:45.000--current:41.000--env:25.000--minspeed:88--maxspeed:108
07-16 10:30:02.245   589  1744 I TEMP_CTL: Device_Fan_New_MCU setSpeed = 88
07-16 10:30:02.253   589  1751 I PlatformSys: getCpuTempterature:48
07-16 10:30:02.298   443   443 I [HAL_AUDIO_DumpDspInfo][14520][07565239]ADEC0 ESID: 00, FF|ES=0000(0000),PCM=0000|Type=<00,0>|play=0:<1194>,State=0,0(0)|frmCnt:0000,0000(0000),00,00,00,00,00|tag:000,000|AvDly=140(ext offset:0),STC=0,PTS=0,cPTS=0,|Td=0
07-16 10:30:02.298   443   443 I         : mute(0,0),acmode(5),ch_map(0x0)smp_rate(48000),bit_rate(0)
07-16 10:30:02.298   443   443 I         : SND vol mch:0x800000,ch5:0x800000,ch6:0x800000,ch7:0x800000,ch8:0x800000
07-16 10:30:02.313   589  1696 D Motion_det_ctl: (type:2:1)(0 0 0) (-1 -9 0)
07-16 10:30:02.313   589  1696 D Motion_det_ctl: Ang Gyr Adjust Ing 13:(-9 -1 0)
07-16 10:30:02.392   589  1216 D XGIMI_RADAR_CTL: checkScanResult[271]:radarDistance:143
07-16 10:30:02.423 17088 17088 I cast_shell: [0716/103002.423306:INFO:metrics_recorder.cc(193)] Record action: Cast.CecHdmiInputState.Active
07-16 10:30:02.423 17088 17088 I cast_shell: [0716/103002.423469:INFO:metrics_recorder.cc(193)] Record action: Cast.CecStandby.On
07-16 10:30:02.426 17088 17116 I cast_shell: [0716/103002.426304:INFO:wifi_frame_histogram_capturer.cc(406)] No histogram or IOCTL data
07-16 10:30:02.428 17088 17116 I cast_shell: [0716/103002.428050:INFO:wifi_util.cc(197)] Current wifi TDLS peers:
07-16 10:30:02.428 17088 17116 I cast_shell: [0716/103002.428181:INFO:wifi_util.cc(199)] 	No peers:
07-16 10:30:02.454   589  1751 I PlatformSys: getCpuTempterature:50
07-16 10:30:02.650   589  1707 I TEMP_CTL: [EN_SPEED_AUTO]--tempInc:40.000--fan_speed:88.000--target:45.000--current:41.000--env:25.000--minspeed:88--maxspeed:108
07-16 10:30:02.650   589  1707 I TEMP_CTL: Device_Fan_New_MCU setSpeed = 88
07-16 10:30:02.656   589  1751 I PlatformSys: getCpuTempterature:50
07-16 10:30:02.748   589  1722 I TEMP_CTL: [EN_SPEED_AUTO]--tempInc:40.000--fan_speed:88.000--target:45.000--current:41.000--env:25.000--minspeed:88--maxspeed:108
07-16 10:30:02.748   589  1722 I TEMP_CTL: Device_Fan_New_MCU setSpeed = 88
07-16 10:30:02.847   589  1744 I TEMP_CTL: [EN_SPEED_AUTO]--tempInc:40.000--fan_speed:88.000--target:45.000--current:41.000--env:25.000--minspeed:88--maxspeed:108
07-16 10:30:02.848   589  1744 I TEMP_CTL: Device_Fan_New_MCU setSpeed = 88
07-16 10:30:02.857   589  1751 I PlatformSys: getCpuTempterature:50
07-16 10:30:02.857   589  1751 I TEMP_CTL: [run:1108]factory mode:1
07-16 10:30:02.874   589  1667 D XlabControl: xlabDaemonThread:1500 --- xlabDaemonThread start!
07-16 10:30:02.890   589  1706 D MCU_BUS : m_SystemMode:7
07-16 10:30:02.890   589  1706 D MCU_BUS : m_SystemMode:7
07-16 10:30:02.890   589  1706 D IOT_CTRL: setIotProjectorStatus: 7
07-16 10:30:02.892   589  1216 D XGIMI_RADAR_CTL: checkScanResult[271]:radarDistance:143
07-16 10:30:02.901  1048  1048 I wpa_supplicant: wlan0: WNM: Preferred List Available
07-16 10:30:02.902   518  1040 D WifiHAL : event received NL80211_CMD_VENDOR, vendor_id = 0xce7, subcmd = 0xc
07-16 10:30:02.903   518  1040 D WifiHAL : event received NL80211_CMD_VENDOR, vendor_id = 0xce7, subcmd = 0x99
07-16 10:30:02.903   518  1040 D WifiHAL : event received NL80211_CMD_TRIGGER_SCAN
07-16 10:30:02.894  1048  1048 I [wlan][1048]mtk_cfg80211_scan: (REQ STATE) i=0, wildcard scan
07-16 10:30:02.894   844   844 I [wlan][844]aisFsmSteps: (AIS STATE) [AIS0] TRANSITION: [NORMAL_TR] -> [ONLINE_SCAN]
07-16 10:30:02.894   844   844 I [wlan][844]scnFsmSteps: (SCN STATE) [SCAN]TRANSITION: [IDLE] -> [SCANNING]
07-16 10:30:02.894  1048  1048 I [wlan][1048]mtk_cfg_get_txpower: (REQ WARN) STA doesn't support this function
07-16 10:30:02.895  1048  1048 I [wlan][1048]mtk_cfg_get_txpower: (REQ WARN) STA doesn't support this function
07-16 10:30:03.059   589  1751 D TEMP_CTL: get fan speed success :air_intake_fan:[1150][1150] air_out_fan[1150][0] dedust_DMD_fan[0][0]
07-16 10:30:03.060   589  1751 D TEMP_CTL: get fan speed success :air_intake_fan:[1150][1150] air_out_fan[1150][0] dedust_DMD_fan[0][0]
07-16 10:30:03.062   589  1751 D TEMP_CTL: get fan speed success :air_intake_fan:[1150][1150] air_out_fan[1150][0] dedust_DMD_fan[0][0]
07-16 10:30:03.176   589  1751 I PlatformSys: getCpuTempterature:48
07-16 10:30:03.203     0     0 I [    C3] [wlan][0]asicConnac2xRxPerfIndProcessRXV: (SW4 WARN) u4RxVector0 is 0
07-16 10:30:03.252   589  1707 I TEMP_CTL: [EN_SPEED_AUTO]--tempInc:40.000--fan_speed:88.000--target:45.000--current:41.000--env:25.000--minspeed:88--maxspeed:108
07-16 10:30:03.252   589  1707 I TEMP_CTL: Device_Fan_New_MCU setSpeed = 88
07-16 10:30:03.350   589  1722 I TEMP_CTL: [EN_SPEED_AUTO]--tempInc:40.000--fan_speed:88.000--target:45.000--current:41.000--env:25.000--minspeed:88--maxspeed:108
07-16 10:30:03.350   589  1722 I TEMP_CTL: Device_Fan_New_MCU setSpeed = 88
07-16 10:30:03.377   589  1751 I PlatformSys: getCpuTempterature:48
07-16 10:30:03.390  1048  1048 I wpa_supplicant: wlan0: WNM: Preferred List Available
07-16 10:30:03.392   589  1216 D XGIMI_RADAR_CTL: checkScanResult[271]:radarDistance:143
07-16 10:30:03.391   443   443 I [HAL_AUDIO_DumpDspInfo][14520][07566332]ADEC0 ESID: 00, FF|ES=0000(0000),PCM=0000|Type=<00,0>|play=0:<1194>,State=0,0(0)|frmCnt:0000,0000(0000),00,00,00,00,00|tag:000,000|AvDly=140(ext offset:0),STC=0,PTS=0,cPTS=0,|Td=0
07-16 10:30:03.391   443   443 I         : mute(0,0),acmode(5),ch_map(0x0)smp_rate(48000),bit_rate(0)
07-16 10:30:03.391   443   443 I         : SND vol mch:0x800000,ch5:0x800000,ch6:0x800000,ch7:0x800000,ch8:0x800000
07-16 10:30:03.450   589  1744 I TEMP_CTL: [EN_SPEED_AUTO]--tempInc:40.000--fan_speed:88.000--target:45.000--current:41.000--env:25.000--minspeed:88--maxspeed:108
07-16 10:30:03.450   589  1744 I TEMP_CTL: Device_Fan_New_MCU setSpeed = 88
07-16 10:30:03.578   589  1751 I PlatformSys: getCpuTempterature:50
07-16 10:30:03.780   589  1751 I PlatformSys: getCpuTempterature:50
07-16 10:30:03.854   589  1707 I TEMP_CTL: [EN_SPEED_AUTO]--tempInc:40.000--fan_speed:88.000--target:45.000--current:41.000--env:25.000--minspeed:88--maxspeed:108
07-16 10:30:03.855   589  1707 I TEMP_CTL: Device_Fan_New_MCU setSpeed = 88
07-16 10:30:03.875   589  1667 D XlabControl: xlabDaemonThread:1500 --- xlabDaemonThread start!
07-16 10:30:03.892   589  1216 D XGIMI_RADAR_CTL: checkScanResult[271]:radarDistance:143
07-16 10:30:03.952   589  1722 I TEMP_CTL: [EN_SPEED_AUTO]--tempInc:40.000--fan_speed:88.000--target:45.000--current:41.000--env:25.000--minspeed:88--maxspeed:108
07-16 10:30:03.952   589  1722 I TEMP_CTL: Device_Fan_New_MCU setSpeed = 88
07-16 10:30:03.981   589  1751 I PlatformSys: getCpuTempterature:50
07-16 10:30:03.981   589  1751 I TEMP_CTL: [run:1108]factory mode:1
07-16 10:30:04.052   589  1744 I TEMP_CTL: [EN_SPEED_AUTO]--tempInc:40.000--fan_speed:88.000--target:45.000--current:41.000--env:25.000--minspeed:88--maxspeed:108
07-16 10:30:04.052   589  1744 I TEMP_CTL: Device_Fan_New_MCU setSpeed = 88
07-16 10:30:04.086   589  1243 D GM_DISP_CTRL: [DlpLumensAdjust:10809]AdjState:3,Lock:0,Page/tbl=0,0,IntCfg:0->0,Condition:-1 0 -1,EnvTemp=255,Mode=0,Lvl=10 10 10 10,CustLvlType=0
07-16 10:30:04.183   589  1751 D TEMP_CTL: get fan speed success :air_intake_fan:[1150][1150] air_out_fan[1150][0] dedust_DMD_fan[0][0]
07-16 10:30:04.184   589  1751 D TEMP_CTL: get fan speed success :air_intake_fan:[1150][1150] air_out_fan[1150][0] dedust_DMD_fan[0][0]
07-16 10:30:04.186   589  1751 D TEMP_CTL: get fan speed success :air_intake_fan:[1150][1150] air_out_fan[1150][0] dedust_DMD_fan[0][0]
07-16 10:30:04.298   589  1751 I PlatformSys: getCpuTempterature:48
07-16 10:30:04.392   589  1216 D XGIMI_RADAR_CTL: checkScanResult[271]:radarDistance:143
07-16 10:30:04.408   589  1696 D Motion_det_ctl: (type:2:1)(0 0 0) (0 -9 0)
07-16 10:30:04.408   589  1696 D Motion_det_ctl: Ang Gyr Adjust Ing 14:(-9 0 0)
07-16 10:30:04.457   589  1707 I TEMP_CTL: [EN_SPEED_AUTO]--tempInc:40.000--fan_speed:88.000--target:45.000--current:41.000--env:25.000--minspeed:88--maxspeed:108
07-16 10:30:04.457   589  1707 I TEMP_CTL: Device_Fan_New_MCU setSpeed = 88
07-16 10:30:04.486   443   443 I [HAL_AUDIO_DumpDspInfo][14520][07567426]ADEC0 ESID: 00, FF|ES=0000(0000),PCM=0000|Type=<00,0>|play=0:<1194>,State=0,0(0)|frmCnt:0000,0000(0000),00,00,00,00,00|tag:000,000|AvDly=140(ext offset:0),STC=0,PTS=0,cPTS=0,|Td=0
07-16 10:30:04.486   443   443 I         : mute(0,0),acmode(5),ch_map(0x0)smp_rate(48000),bit_rate(0)
07-16 10:30:04.486   443   443 I         : SND vol mch:0x800000,ch5:0x800000,ch6:0x800000,ch7:0x800000,ch8:0x800000
07-16 10:30:04.499   589  1751 I PlatformSys: getCpuTempterature:50
07-16 10:30:04.554   589  1722 I TEMP_CTL: [EN_SPEED_AUTO]--tempInc:40.000--fan_speed:88.000--target:45.000--current:41.000--env:25.000--minspeed:88--maxspeed:108
07-16 10:30:04.554   589  1722 I TEMP_CTL: Device_Fan_New_MCU setSpeed = 88
07-16 10:30:04.654   589  1744 I TEMP_CTL: [EN_SPEED_AUTO]--tempInc:40.000--fan_speed:88.000--target:45.000--current:41.000--env:25.000--minspeed:88--maxspeed:108
07-16 10:30:04.654   589  1744 I TEMP_CTL: Device_Fan_New_MCU setSpeed = 88
07-16 10:30:04.700   589  1751 I PlatformSys: getCpuTempterature:50
07-16 10:30:04.835  1344  1492 I bluetooth: packages/modules/Bluetooth/system/gd/metrics/metrics_state.cc:177 AddStateChangedEvent: LEConnectionMetricsRemoteDevice: Transaction State 0x00000002, Connection Type 0x00000001, Origin Type 0x00000001
07-16 10:30:04.835  1344  1492 I bluetooth: packages/modules/Bluetooth/system/gd/metrics/metrics_state.cc:58 AddStateChangedEvent: LEConnectionMetricState:  Origin Type: 0x00000001, Connection Type: 0x00000001, Transaction State: 0x00000002
07-16 10:30:04.835  1344  1492 I bluetooth: packages/modules/Bluetooth/system/gd/metrics/metrics_state.cc:161 UploadLEConnectionSession: LEConnectionMetricsRemoteDevice: The session is uploaded for xx:xx:xx:xx:55:72
07-16 10:30:04.836  1344  1492 W bluetooth: packages/modules/Bluetooth/system/main/shim/acl.cc:189 Remove: Unknown device being removed from acceptlist:11:22:33:44:55:72[PUBLIC_DEVICE_ADDRESS]
07-16 10:30:04.836  1344  1492 I bluetooth: packages/modules/Bluetooth/system/gd/hci/le_address_manager.cc:265 ack_pause: Client already in paused state
07-16 10:30:04.836  1344  1484 I bluetooth: packages/modules/Bluetooth/system/stack/gatt/connection_manager.cc:438 on_connection_complete: Le connection completed to device:xx:xx:xx:xx:55:72
07-16 10:30:04.836  1344  1484 I bluetooth: packages/modules/Bluetooth/system/stack/gatt/connection_manager.cc:438 on_connection_complete: Le connection completed to device:xx:xx:xx:xx:55:72
07-16 10:30:04.836  1344  1484 I bt_btm_ble: packages/modules/Bluetooth/system/stack/btm/btm_ble.cc:1732 btm_ble_connected: Updating device record timestamp for existing ble connection
07-16 10:30:04.836  1344  1492 I bluetooth: packages/modules/Bluetooth/system/gd/hci/le_address_manager.cc:265 ack_pause: Client already in paused state
07-16 10:30:04.836  1344  1492 I bluetooth: packages/modules/Bluetooth/system/gd/hci/le_address_manager.cc:265 ack_pause: Client already in paused state
07-16 10:30:04.841  1344  1492 I bluetooth: packages/modules/Bluetooth/system/gd/hci/le_address_manager.cc:596 OnCommandComplete: Received command complete with op_code LE_REMOVE_DEVICE_FROM_FILTER_ACCEPT_LIST
07-16 10:30:04.841  1344  1492 I bluetooth: packages/modules/Bluetooth/system/gd/hci/le_address_manager.cc:294 resume_registered_clients: Resuming registered clients
07-16 10:30:04.875   589  1667 D XlabControl: xlabDaemonThread:1500 --- xlabDaemonThread start!
07-16 10:30:04.893   589  1216 D XGIMI_RADAR_CTL: checkScanResult[271]:radarDistance:143
07-16 10:30:04.888  1048  1048 I [wlan][1048]mtk_cfg_get_txpower: (REQ WARN) STA doesn't support this function
07-16 10:30:04.902   589  1751 I PlatformSys: getCpuTempterature:50
07-16 10:30:05.059   589  1707 I TEMP_CTL: [EN_SPEED_AUTO]--tempInc:40.000--fan_speed:88.000--target:45.000--current:41.000--env:25.000--minspeed:88--maxspeed:108
07-16 10:30:05.059   589  1707 I TEMP_CTL: Device_Fan_New_MCU setSpeed = 88
07-16 10:30:05.103   589  1751 I PlatformSys: getCpuTempterature:50
07-16 10:30:05.103   589  1751 I TEMP_CTL: [run:1108]factory mode:1
07-16 10:30:05.146  1344  1484 E btm_sco : packages/modules/Bluetooth/system/stack/btm/btm_sco.cc:1137 btm_sco_on_disconnected: Unable to find sco connection
07-16 10:30:05.146  1344  1492 I bluetooth: packages/modules/Bluetooth/system/gd/hci/acl_manager/le_impl.h:672 on_le_disconnect: re-add device to connect list
07-16 10:30:05.146  1344  1484 I btm_acl : packages/modules/Bluetooth/system/stack/acl/btm_acl.cc:2763 btm_acl_iso_disconnected: ISO disconnection from GD, handle: 0x200, reason: 0x3e
07-16 10:30:05.146  1344  1492 I bluetooth: packages/modules/Bluetooth/system/gd/hci/le_address_manager.cc:265 ack_pause: Client already in paused state
07-16 10:30:05.147  1344  1484 E gatt_utils: packages/modules/Bluetooth/system/stack/gatt/gatt_utils.cc:1690 gatt_cleanup_upon_disc: Disconnect for unknown connection bd_addr:xx:xx:xx:xx:55:72 reason:GATT_CONN_FAILED_ESTABLISHMENT transport:BT_TRANSPORT_LE
07-16 10:30:05.147  1344  1484 W bt_btm_sec: packages/modules/Bluetooth/system/stack/btm/btm_sec.cc:3965 btm_sec_disconnected: Got uncommon disconnection reason:HCI_ERR_CONN_FAILED_ESTABLISHMENT handle:0x0200 comment:stack::acl::btm_acl::btm_acl_disconnected
07-16 10:30:05.147  1344  1492 I bluetooth: packages/modules/Bluetooth/system/gd/hci/le_address_manager.cc:265 ack_pause: Client already in paused state
07-16 10:30:05.147  1344  1492 I bluetooth: packages/modules/Bluetooth/system/gd/hci/le_address_manager.cc:265 ack_pause: Client already in paused state
07-16 10:30:05.150  1344  1492 I bluetooth: packages/modules/Bluetooth/system/gd/hci/le_address_manager.cc:596 OnCommandComplete: Received command complete with op_code LE_ADD_DEVICE_TO_FILTER_ACCEPT_LIST
07-16 10:30:05.150  1344  1492 I bluetooth: packages/modules/Bluetooth/system/gd/hci/le_address_manager.cc:294 resume_registered_clients: Resuming registered clients
07-16 10:30:05.153  1344  1492 I bluetooth: packages/modules/Bluetooth/system/gd/hci/acl_manager/le_impl.h:877 update_connectability_state_after_armed: Le connection state machine armed state:ConnectabilityState::ARMED status:SUCCESS
07-16 10:30:05.156   589  1722 I TEMP_CTL: [EN_SPEED_AUTO]--tempInc:40.000--fan_speed:88.000--target:45.000--current:41.000--env:25.000--minspeed:88--maxspeed:108
07-16 10:30:05.156   589  1722 I TEMP_CTL: Device_Fan_New_MCU setSpeed = 88
07-16 10:30:05.256   589  1744 I TEMP_CTL: [EN_SPEED_AUTO]--tempInc:40.000--fan_speed:88.000--target:45.000--current:41.000--env:25.000--minspeed:88--maxspeed:108
07-16 10:30:05.256   589  1744 I TEMP_CTL: Device_Fan_New_MCU setSpeed = 88
07-16 10:30:05.305   589  1751 D TEMP_CTL: get fan speed success :air_intake_fan:[1150][1150] air_out_fan[1100][0] dedust_DMD_fan[0][0]
07-16 10:30:05.306   589  1751 D TEMP_CTL: get fan speed success :air_intake_fan:[1150][1150] air_out_fan[1100][0] dedust_DMD_fan[0][0]
07-16 10:30:05.308   589  1751 D TEMP_CTL: get fan speed success :air_intake_fan:[1150][1150] air_out_fan[1100][0] dedust_DMD_fan[0][0]
07-16 10:30:05.393   589  1216 D XGIMI_RADAR_CTL: checkScanResult[271]:radarDistance:143
07-16 10:30:05.421   589  1751 I PlatformSys: getCpuTempterature:48
07-16 10:30:05.586  1344  1492 I bluetooth: packages/modules/Bluetooth/system/gd/metrics/metrics_state.cc:177 AddStateChangedEvent: LEConnectionMetricsRemoteDevice: Transaction State 0x00000002, Connection Type 0x00000001, Origin Type 0x00000001
07-16 10:30:05.586  1344  1492 I bluetooth: packages/modules/Bluetooth/system/gd/metrics/metrics_state.cc:58 AddStateChangedEvent: LEConnectionMetricState:  Origin Type: 0x00000001, Connection Type: 0x00000001, Transaction State: 0x00000002
07-16 10:30:05.586  1344  1492 I bluetooth: packages/modules/Bluetooth/system/gd/metrics/metrics_state.cc:161 UploadLEConnectionSession: LEConnectionMetricsRemoteDevice: The session is uploaded for xx:xx:xx:xx:55:72
07-16 10:30:05.586  1344  1492 W bluetooth: packages/modules/Bluetooth/system/main/shim/acl.cc:189 Remove: Unknown device being removed from acceptlist:11:22:33:44:55:72[PUBLIC_DEVICE_ADDRESS]
07-16 10:30:05.586  1344  1492 I bluetooth: packages/modules/Bluetooth/system/gd/hci/le_address_manager.cc:265 ack_pause: Client already in paused state
07-16 10:30:05.586  1344  1484 I bluetooth: packages/modules/Bluetooth/system/stack/gatt/connection_manager.cc:438 on_connection_complete: Le connection completed to device:xx:xx:xx:xx:55:72
07-16 10:30:05.586  1344  1484 I bluetooth: packages/modules/Bluetooth/system/stack/gatt/connection_manager.cc:438 on_connection_complete: Le connection completed to device:xx:xx:xx:xx:55:72
07-16 10:30:05.586  1344  1484 I bt_btm_ble: packages/modules/Bluetooth/system/stack/btm/btm_ble.cc:1732 btm_ble_connected: Updating device record timestamp for existing ble connection
07-16 10:30:05.587  1344  1492 I bluetooth: packages/modules/Bluetooth/system/gd/hci/le_address_manager.cc:265 ack_pause: Client already in paused state
07-16 10:30:05.587  1344  1492 I bluetooth: packages/modules/Bluetooth/system/gd/hci/le_address_manager.cc:265 ack_pause: Client already in paused state
07-16 10:30:05.591  1344  1492 I bluetooth: packages/modules/Bluetooth/system/gd/hci/le_address_manager.cc:596 OnCommandComplete: Received command complete with op_code LE_REMOVE_DEVICE_FROM_FILTER_ACCEPT_LIST
07-16 10:30:05.591  1344  1492 I bluetooth: packages/modules/Bluetooth/system/gd/hci/le_address_manager.cc:294 resume_registered_clients: Resuming registered clients
07-16 10:30:05.581   443   443 I [HAL_AUDIO_DumpDspInfo][14520][07568522]ADEC0 ESID: 00, FF|ES=0000(0000),PCM=0000|Type=<00,0>|play=0:<1194>,State=0,0(0)|frmCnt:0000,0000(0000),00,00,00,00,00|tag:000,000|AvDly=140(ext offset:0),STC=0,PTS=0,cPTS=0,|Td=0
07-16 10:30:05.581   443   443 I         : mute(0,0),acmode(5),ch_map(0x0)smp_rate(48000),bit_rate(0)
07-16 10:30:05.581   443   443 I         : SND vol mch:0x800000,ch5:0x800000,ch6:0x800000,ch7:0x800000,ch8:0x800000
07-16 10:30:05.622   589  1751 I PlatformSys: getCpuTempterature:50
--------- beginning of system
07-16 10:30:05.649   838   838 V HotPlugDetectionAction: Poll all devices.
07-16 10:30:05.661   589  1707 I TEMP_CTL: [EN_SPEED_AUTO]--tempInc:40.000--fan_speed:88.000--target:45.000--current:41.000--env:25.000--minspeed:88--maxspeed:108
07-16 10:30:05.661   589  1707 I TEMP_CTL: Device_Fan_New_MCU setSpeed = 88
07-16 10:30:05.758   589  1722 I TEMP_CTL: [EN_SPEED_AUTO]--tempInc:40.000--fan_speed:88.000--target:45.000--current:41.000--env:25.000--minspeed:88--maxspeed:108
07-16 10:30:05.758   589  1722 I TEMP_CTL: Device_Fan_New_MCU setSpeed = 88
07-16 10:30:05.806   518  1040 D WifiHAL : event received NL80211_CMD_VENDOR, vendor_id = 0xce7, subcmd = 0x99
07-16 10:30:05.798   844   844 I [wlan][844]scnFsmSteps: (SCN STATE) [SCAN]TRANSITION: [SCANNING] -> [IDLE]
07-16 10:30:05.798  1048  1048 I [wlan][1048]mtk_cfg_get_txpower: (REQ WARN) STA doesn't support this function
07-16 10:30:05.798   844   844 I [wlan][844]aisFsmSteps: (AIS STATE) [AIS0] TRANSITION: [ONLINE_SCAN] -> [NORMAL_TR]
07-16 10:30:05.798  1048  1048 I [wlan][1048]mtk_cfg_get_txpower: (REQ WARN) STA doesn't support this function
07-16 10:30:05.806   518  1040 D WifiHAL : event received NL80211_CMD_VENDOR, vendor_id = 0xce7, subcmd = 0xc
07-16 10:30:05.806   518  1040 D WifiHAL : event received NL80211_CMD_NEW_SCAN_RESULTS
07-16 10:30:05.806   668   668 I wificond: Received external scan result notification from kernel.
07-16 10:30:05.807   838  2025 D WifiNl80211Manager: Scan result ready event
07-16 10:30:05.807   838  2025 D WifiNative: Scan result ready event
07-16 10:30:05.807  1182  1561 D IpClient/wlan0: interfaceLinkStateChanged: ifindex 16 up
07-16 10:30:05.809   384   423 I netd    : interfaceGetCfg(wlan0) -> {InterfaceConfigurationParcel{ifName: wlan0, hwAddr: c2:3a:93:ff:4b:ec, ipv4Addr: 192.168.3.222, prefixLength: 24, flags: [up, broadcast, running, multicast]}} <0.26ms>
07-16 10:30:05.817   518  1040 D WifiHAL : event received NL80211_CMD_VENDOR, vendor_id = 0xce7, subcmd = 0xc
07-16 10:30:05.817   518  1040 D WifiHAL : event received NL80211_CMD_VENDOR, vendor_id = 0xce7, subcmd = 0x99
07-16 10:30:05.817   518  1040 D WifiHAL : event received NL80211_CMD_TRIGGER_SCAN
07-16 10:30:05.809   668   668 I [wlan][668]mtk_cfg80211_scan: (REQ STATE) i=0, wildcard scan
07-16 10:30:05.809   844   844 I [wlan][844]aisFsmSteps: (AIS STATE) [AIS0] TRANSITION: [NORMAL_TR] -> [ONLINE_SCAN]
07-16 10:30:05.809   844   844 I [wlan][844]scnFsmSteps: (SCN STATE) [SCAN]TRANSITION: [IDLE] -> [SCANNING]
07-16 10:30:05.809  1048  1048 I [wlan][1048]mtk_cfg_get_txpower: (REQ WARN) STA doesn't support this function
07-16 10:30:05.810  1048  1048 I [wlan][1048]mtk_cfg_get_txpower: (REQ WARN) STA doesn't support this function
07-16 10:30:05.824   589  1751 I PlatformSys: getCpuTempterature:50
07-16 10:30:05.835   518  1040 D WifiHAL : event received NL80211_CMD_FRAME_TX_STATUS
07-16 10:30:05.827   844   844 I [wlan][844]aisFsmRunEventMgmtFrameTxDone: (AIS ERROR) Mgmt Frame TX Fail, Status:5.
07-16 10:30:05.858   589  1744 I TEMP_CTL: [EN_SPEED_AUTO]--tempInc:40.000--fan_speed:88.000--target:45.000--current:41.000--env:25.000--minspeed:88--maxspeed:108
07-16 10:30:05.858   589  1744 I TEMP_CTL: Device_Fan_New_MCU setSpeed = 88
07-16 10:30:05.875   589  1667 D XlabControl: xlabDaemonThread:1500 --- xlabDaemonThread start!
07-16 10:30:05.893   589  1216 D XGIMI_RADAR_CTL: checkScanResult[271]:radarDistance:143
07-16 10:30:05.928  1344  1484 I bt_stack: [INFO:gatt_attr.cc(950)] gatt_sr_init_cl_status: bda=xx:xx:xx:xx:55:72, cl_supp_feat=0000, aware=1
07-16 10:30:05.928  1344  1484 I bluetooth: packages/modules/Bluetooth/system/stack/gap/gap_ble.cc:304 client_connect_cback: No active GAP service found for peer:xx:xx:xx:xx:55:72 callback:Connected
07-16 10:30:05.928  1344  1484 I bt_bta_gattc: packages/modules/Bluetooth/system/bta/gatt/bta_gattc_act.cc:1358 bta_gattc_conn_cback: Connected client_if:3 addr:xx:xx:xx:xx:55:72, transport:BT_TRANSPORT_LE reason:GATT_CONN_OK
07-16 10:30:05.928  1344  1484 I bt_bta_gattc: packages/modules/Bluetooth/system/bta/gatt/bta_gattc_act.cc:1358 bta_gattc_conn_cback: Connected client_if:4 addr:xx:xx:xx:xx:55:72, transport:BT_TRANSPORT_LE reason:GATT_CONN_OK
07-16 10:30:05.928  1344  1484 I bluetooth: packages/modules/Bluetooth/system/stack/gatt/gatt_main.cc:405 gatt_update_app_use_link_flag: disable link idle timer for xx:xx:xx:xx:55:72
07-16 10:30:05.928  1344  1484 I bt_stack: [INFO:l2c_api.cc(1612)] L2CA_MarkLeLinkAsActivesetting link to 11:22:33:44:55:72 as active
07-16 10:30:05.928  1344  1484 I bluetooth: packages/modules/Bluetooth/system/stack/gatt/gatt_api.cc:1206 GATT_SetIdleTimeout: idle_timeout=65535, is_active=1, status=1 (1-OK 0-not performed)
07-16 10:30:05.928  1344  1484 I bt_bta_gattc: packages/modules/Bluetooth/system/bta/gatt/bta_gattc_act.cc:1358 bta_gattc_conn_cback: Connected client_if:5 addr:xx:xx:xx:xx:55:72, transport:BT_TRANSPORT_LE reason:GATT_CONN_OK
07-16 10:30:05.928  1344  1484 I bt_bta_gattc: packages/modules/Bluetooth/system/bta/gatt/bta_gattc_act.cc:1358 bta_gattc_conn_cback: Connected client_if:6 addr:xx:xx:xx:xx:55:72, transport:BT_TRANSPORT_LE reason:GATT_CONN_OK
07-16 10:30:05.928  1344  1484 I bt_bta_gattc: packages/modules/Bluetooth/system/bta/gatt/bta_gattc_act.cc:1358 bta_gattc_conn_cback: Connected client_if:7 addr:xx:xx:xx:xx:55:72, transport:BT_TRANSPORT_LE reason:GATT_CONN_OK
07-16 10:30:05.928  1344  1484 I bt_bta_gattc: packages/modules/Bluetooth/system/bta/gatt/bta_gattc_act.cc:1358 bta_gattc_conn_cback: Connected client_if:8 addr:xx:xx:xx:xx:55:72, transport:BT_TRANSPORT_LE reason:GATT_CONN_OK
07-16 10:30:05.928  1344  1484 I bluetooth: packages/modules/Bluetooth/system/stack/gatt/connection_manager.cc:438 on_connection_complete: Le connection completed to device:xx:xx:xx:xx:55:72
07-16 10:30:05.928  1344  1484 I bt_stack: [INFO:l2c_api.cc(1612)] L2CA_MarkLeLinkAsActivesetting link to 11:22:33:44:55:72 as active
07-16 10:30:05.928  1344  1484 I bluetooth: packages/modules/Bluetooth/system/stack/gatt/gatt_api.cc:1206 GATT_SetIdleTimeout: idle_timeout=65535, is_active=1, status=1 (1-OK 0-not performed)
07-16 10:30:05.928  1344  1484 I bluetooth: packages/modules/Bluetooth/system/stack/gatt/gatt_main.cc:594 check_cached_model_name: Device xx:xx:xx:xx:55:72 no cached model name
07-16 10:30:05.929  1344  1484 W btm_acl : packages/modules/Bluetooth/system/stack/acl/btm_acl.cc:2433 acl_peer_supports_sniff_subrating: Unable to find active acl
07-16 10:30:05.929  1344  1484 I bt_btif_dm: packages/modules/Bluetooth/system/btif/src/btif_dm.cc:641 btif_update_remote_version_property: Remote version info valid:true [xx:xx:xx:xx:55:72]: 9, 94, 3232
07-16 10:30:05.929  1344  1484 E bta_gattc_main: packages/modules/Bluetooth/system/bta/gatt/bta_gattc_main.cc:395 bta_gattc_hdl_event: Ignore unknown conn ID: 3
07-16 10:30:05.929  1344  1484 E bta_gattc_main: packages/modules/Bluetooth/system/bta/gatt/bta_gattc_main.cc:395 bta_gattc_hdl_event: Ignore unknown conn ID: 4
07-16 10:30:05.929  1344  1484 W bt_bta_gattc: packages/modules/Bluetooth/system/bta/gatt/bta_gattc_cache.cc:184 GetRobustCachingSupport:  Device LMP version 0x09 < Bluetooth 5.1. Ignore database cache read.
07-16 10:30:05.929  1344  1484 I bt_bta_gattc: packages/modules/Bluetooth/system/bta/gatt/bta_gattc_act.cc:549 bta_gattc_conn: Connected to xx:xx:xx:xx:55:72, robust caching support is 0
07-16 10:30:05.929  1344  1484 W bt_bta_gattc: packages/modules/Bluetooth/system/bta/gatt/bta_gattc_cache.cc:184 GetRobustCachingSupport:  Device LMP version 0x09 < Bluetooth 5.1. Ignore database cache read.
07-16 10:30:05.929  1344  1575 V BluetoothDatabase: getProfileConnectionPolicy: device XX:XX:XX:XX:55:72 profile=BATTERY, connectionPolicy=-1
07-16 10:30:05.929  1344  1484 I bt_stack: [INFO:gatt_api.cc(913)] GATTC_Discover conn_id=0x0005, disc_type=1, s_handle=0x0001, e_handle=0xffff
07-16 10:30:05.929  1344  1484 W l2c_utils: packages/modules/Bluetooth/system/stack/l2cap/l2c_utils.cc:2699 l2cu_initialize_fixed_ccb: Unable to cancel link control block for link connection to device xx:xx:xx:xx:55:72
07-16 10:30:05.930  1344  1484 E bta_gattc_main: packages/modules/Bluetooth/system/bta/gatt/bta_gattc_main.cc:395 bta_gattc_hdl_event: Ignore unknown conn ID: 6
07-16 10:30:05.930  1344  1484 E bta_gattc_main: packages/modules/Bluetooth/system/bta/gatt/bta_gattc_main.cc:395 bta_gattc_hdl_event: Ignore unknown conn ID: 7
07-16 10:30:05.930  1344  1484 E bta_gattc_main: packages/modules/Bluetooth/system/bta/gatt/bta_gattc_main.cc:395 bta_gattc_hdl_event: Ignore unknown conn ID: 8
07-16 10:30:05.936  1404  1404 D RcPair  : BluRemConService onReceive Action:android.bluetooth.device.action.ACL_CONNECTED
07-16 10:30:05.937  1945  1945 D BluetoothDeviceManager: onReceive() called with: action = android.bluetooth.device.action.ACL_CONNECTED
07-16 10:30:05.940  1409  1409 I settings-BTRCBatterLow: deviceClass=1292
07-16 10:30:05.940  1409  1409 I settings-BTRCBatterLow: acition=android.bluetooth.device.action.ACL_CONNECTED
07-16 10:30:05.941  1344  1344 I BluetoothPhonePolicy: processDeviceConnected, device=XX:XX:XX:XX:55:72
07-16 10:30:05.941  1344  1344 D BluetoothDatabase: setConnection: device XX:XX:XX:XX:55:72 and isA2dpDevice=false
07-16 10:30:05.941  1344  1344 D BluetoothDatabase: Updating last connected time for device: XX:XX:XX:XX:55:72 to 29
07-16 10:30:05.941  1344  1344 D BluetoothDatabase: updateDatabase XX:XX:XX:XX:55:72
07-16 10:30:05.942  1945  1945 D BluetoothDeviceManager: updateSpeakerMode() called with: isSpeakerMode = false
07-16 10:30:05.944  1271  1271 D BTMicService: getDeviceMacInfo: defaultMAC
07-16 10:30:05.944  1271  1271 I BTMicService: mBCMReceiver device is not match
07-16 10:30:05.944  1409  1409 D BluetoothGatt: connect() - device: XX:XX:XX:XX:55:72, auto: true
07-16 10:30:05.944  1409  1409 D BluetoothGatt: registerApp()
07-16 10:30:05.944  1409  1409 D BluetoothGatt: registerApp() - UUID=be80ba1b-6e56-4769-bc1d-0fc1766ca4d4
07-16 10:30:05.946  1344  1363 D BtGatt.GattService: registerClient() - UUID=be80ba1b-6e56-4769-bc1d-0fc1766ca4d4
07-16 10:30:05.946  1344  1484 I bluetooth: packages/modules/Bluetooth/system/stack/gatt/gatt_api.cc:1257 GATT_Register: Allocated name:GattClient uuid:4f1ff1a2-0434-7ae4-0c06-5e9e6fd66b84 gatt_if:9 eatt_support:0
07-16 10:30:05.946  1344  1484 I bluetooth: packages/modules/Bluetooth/system/stack/gatt/gatt_api.cc:1371 GATT_StartIf: GATT interface 9 already has connected device xx:xx:xx:xx:55:72
07-16 10:30:05.946  1344  1484 I bluetooth: packages/modules/Bluetooth/system/stack/gatt/gatt_api.cc:1374 GATT_StartIf: Invoking callback with connection id 9
07-16 10:30:05.946  1344  1484 I bt_bta_gattc: packages/modules/Bluetooth/system/bta/gatt/bta_gattc_act.cc:1358 bta_gattc_conn_cback: Connected client_if:9 addr:xx:xx:xx:xx:55:72, transport:BT_TRANSPORT_LE reason:GATT_CONN_OK
07-16 10:30:05.946  1344  1484 E bta_gattc_main: packages/modules/Bluetooth/system/bta/gatt/bta_gattc_main.cc:395 bta_gattc_hdl_event: Ignore unknown conn ID: 9
07-16 10:30:05.947  1344  1575 D BtGatt.GattService: onClientRegistered() - UUID=be80ba1b-6e56-4769-bc1d-0fc1766ca4d4, clientIf=9
07-16 10:30:05.947  1409  1436 D BluetoothGatt: onClientRegistered() - status=0 clientIf=9
07-16 10:30:05.949  1344  1363 D BtGatt.GattService: clientConnect() - address=11:22:33:44:55:72, addressType=0, isDirect=false, opportunistic=false, phy=1
07-16 10:30:05.949  1344  1363 D BtGatt.GattService: Gatt Logging: metric_id=5, app_uid=1000
07-16 10:30:05.950  1344  1363 D BtGatt.GattService: Gatt Logging: metric_id=5, session_index=9, connection state=1, connection status=-1
07-16 10:30:05.950  1344  1575 I bt_btif_gattc: packages/modules/Bluetooth/system/btif/src/btif_gatt_client.cc:340 btif_gattc_open_impl: Transport=2, device type=2, address type =0, phy=1
07-16 10:30:05.950  1344  1484 I bluetooth: packages/modules/Bluetooth/system/stack/gatt/gatt_main.cc:405 gatt_update_app_use_link_flag: disable link idle timer for xx:xx:xx:xx:55:72
07-16 10:30:05.951  1344  1484 I bt_stack: [INFO:l2c_api.cc(1612)] L2CA_MarkLeLinkAsActivesetting link to 11:22:33:44:55:72 as active
07-16 10:30:05.951  1344  1484 I bluetooth: packages/modules/Bluetooth/system/stack/gatt/gatt_api.cc:1206 GATT_SetIdleTimeout: idle_timeout=65535, is_active=1, status=1 (1-OK 0-not performed)
07-16 10:30:05.951  1344  1575 D BtGatt.GattService: onConnected() - clientIf=9, connId=9, address=11:22:33:44:55:72
07-16 10:30:05.951  1344  1575 D BtGatt.GattService: onConnected() - adding permit for address=11:22:33:44:55:72
07-16 10:30:05.951  1344  1575 D BtGatt.GattService: Gatt Logging: metric_id=5, session_index=9, connection state=2, connection status=0
07-16 10:30:05.951  1409  1436 D BluetoothGatt: onClientConnectionState() - status=0 clientIf=9 device=11:22:33:44:55:72
07-16 10:30:05.951  1409  1436 D settings-BTRCBatterLow: onConnectionStateChange
07-16 10:30:05.952  1409  1436 D settings-BTRCBatterLow: Connection status:0 state:2
07-16 10:30:05.952  1409  1436 D BluetoothGatt: discoverServices() - device: XX:XX:XX:XX:55:72
07-16 10:30:05.952  1344  1484 W bt_btm_sec: packages/modules/Bluetooth/system/stack/btm/btm_sec.cc:1255 BTM_SetEncryption: Security Manager: BTM_SetEncryption busy, enqueue request
07-16 10:30:05.952  1344  1484 I bt_btm_sec: packages/modules/Bluetooth/system/stack/btm/btm_sec.cc:1258 BTM_SetEncryption: Queued start encryption
07-16 10:30:05.955   838   873 D ActivityManager: sync unfroze 17347 com.google.android.gms for 10
07-16 10:30:05.956   838   873 D ActivityManager: sync unfroze 17278 com.google.process.gservices for 10
07-16 10:30:05.956  1344  1363 D BtGatt.GattService: discoverServices() - address=11:22:33:44:55:72, connId=9
07-16 10:30:05.957  1166  1166 I BluetoothReconnectService: majorDeviceClass=1280
07-16 10:30:05.957  1166  1166 I BluetoothReconnectService: acition=android.bluetooth.device.action.ACL_CONNECTED
07-16 10:30:05.978 17313 23059 I Nearby  : is blocked device type true, isAuto=false, isIot=false, isLatchsky=false, isChinaWearable=false, isTv=true, isWearable=false (supportWearOs=false), isChromeOsDevice=false (supportChromeOs=false) [CONTEXT service_id=49 ]
07-16 10:30:06.025   589  1751 I PlatformSys: getCpuTempterature:51
07-16 10:30:06.035     0     0 I [    C3] [wlan][0]asicConnac2xRxPerfIndProcessRXV: (SW4 WARN) u4RxVector0 is 0
07-16 10:30:06.220  1344  1484 W bluetooth: packages/modules/Bluetooth/system/stack/smp/smp_utils.cc:980 smp_proc_pairing_cmpl: Pairing process has failed to remote:xx:xx:xx:xx:55:72 smp_reason:UNKNOWN[169] sec_level:0x0
07-16 10:30:06.220  1344  1484 I bt_btif_storage: packages/modules/Bluetooth/system/btif/src/btif_storage.cc:1293 btif_storage_remove_ble_bonding_keys: Removing bonding keys for bd addr:00:00:00:00:00:00
07-16 10:30:06.220  1344  1484 I bt_btif_dm: packages/modules/Bluetooth/system/btif/src/btif_dm.cc:488 get_cod: get_cod remote_cod = 0x0000050c
07-16 10:30:06.220  1344  1484 I bt_btif_dm: packages/modules/Bluetooth/system/btif/src/btif_dm.cc:570 bond_state_changed: Bond state changed to state=0 [0:none, 1:bonding, 2:bonded], prev_state=0, sdp_attempts = 0
07-16 10:30:06.220  1344  1484 E BluetoothMetricIdManager: packages/modules/Bluetooth/system/gd/common/metric_id_manager.cc:190 ForgetDevice: Failed to remove device from paired_device_cache_
07-16 10:30:06.220  1344  1484 I bt_btif_dm: packages/modules/Bluetooth/system/btif/src/btif_dm.cc:619 bond_state_changed: clearing btif pairing_cb
07-16 10:30:06.221  1344  1484 E bt_bta_hh: packages/modules/Bluetooth/system/bta/hh/bta_hh_le.cc:1016 bta_hh_security_cmpl: Encryption failed status:BTA_HH_ERR_SEC btm_status:BTM_ERR_PROCESSING
07-16 10:30:06.221  1344  1484 E bt_btm  : packages/modules/Bluetooth/system/main/bte_logmsg.cc:105 LogMsg: No key available to encrypt the link
07-16 10:30:06.221  1344  1575 I BluetoothBondStateMachine: bondStateChangeCallback: Status: 1 Address: XX:XX:XX:XX:55:72 newState: 0 hciReason: 0
07-16 10:30:06.221  1344  1484 W bt_bta_dm: packages/modules/Bluetooth/system/bta/dm/bta_dm_act.cc:3516 bta_dm_encrypt_cback: Unable to encrypt link peer:xx:xx:xx:xx:55:72 transport:BT_TRANSPORT_LE status:BTM_NO_RESOURCES callback:T
07-16 10:30:06.221  1344  1484 W bt_btif : packages/modules/Bluetooth/system/main/bte_logmsg.cc:108 LogMsg: btif_gatt_set_encryption_cb() - Encryption failed (4)
07-16 10:30:06.222  1344  1484 E btm_sco : packages/modules/Bluetooth/system/stack/btm/btm_sco.cc:1137 btm_sco_on_disconnected: Unable to find sco connection
07-16 10:30:06.222  1344  1492 I bluetooth: packages/modules/Bluetooth/system/gd/hci/acl_manager/le_impl.h:672 on_le_disconnect: re-add device to connect list
07-16 10:30:06.222  1344  1484 I btm_acl : packages/modules/Bluetooth/system/stack/acl/btm_acl.cc:2763 btm_acl_iso_disconnected: ISO disconnection from GD, handle: 0x200, reason: 0x13
07-16 10:30:06.222  1344  1492 I bluetooth: packages/modules/Bluetooth/system/gd/hci/le_address_manager.cc:265 ack_pause: Client already in paused state
07-16 10:30:06.222  1344  1484 I bluetooth: packages/modules/Bluetooth/system/stack/arbiter/acl_arbiter.cc:90 OnLeDisconnect: Notifying Rust of LE disconnection
07-16 10:30:06.222  1344  1484 I bt      : bluetooth_core::gatt::arbiter: processing disconnection on transport TransportIndex(0)
07-16 10:30:06.222  1344  1484 I bluetooth: packages/modules/Bluetooth/system/stack/eatt/eatt_impl.h:914 disconnect:  Device: xx:xx:xx:xx:55:72, cid: 0xffff
07-16 10:30:06.222  1344  1484 W bt_stack: [WARNING:eatt_impl.h(918)] disconnect no eatt device found
07-16 10:30:06.222  1344  1492 I bluetooth: packages/modules/Bluetooth/system/gd/hci/le_address_manager.cc:265 ack_pause: Client already in paused state
07-16 10:30:06.223  1344  1492 I bluetooth: packages/modules/Bluetooth/system/gd/hci/le_address_manager.cc:265 ack_pause: Client already in paused state
07-16 10:30:06.223  1344  1484 W gatt_utils: packages/modules/Bluetooth/system/stack/gatt/gatt_utils.cc:1238 gatt_clcb_invalidate: Invalidating clcb (0xefed6698) for already sent request on conn_id=0x0005
07-16 10:30:06.223  1344  1484 W bt_stack: [WARNING:l2c_ble.cc(156)] L2CA_EnableUpdateBleConnParams - unknown BD_ADDR 11:22:33:44:55:72
07-16 10:30:06.223  1344  1484 I bt_bta_hh: packages/modules/Bluetooth/system/bta/hh/bta_hh_le.cc:2160 bta_hh_le_service_discovery_done: Discovery done, service state: 0
07-16 10:30:06.223  1344  1484 I bt_stack: [INFO:gatt_attr.cc(350)] gatt_connect_cback: remove untrusted client status, bda=xx:xx:xx:xx:55:72
07-16 10:30:06.223  1344  1484 I bluetooth: packages/modules/Bluetooth/system/stack/gap/gap_ble.cc:304 client_connect_cback: No active GAP service found for peer:xx:xx:xx:xx:55:72 callback:Disconnected
07-16 10:30:06.223  1344  1484 I bt_bta_gattc: packages/modules/Bluetooth/system/bta/gatt/bta_gattc_act.cc:1364 bta_gattc_conn_cback: Disconnected att_id:3 addr:xx:xx:xx:xx:55:72, transport:BT_TRANSPORT_LE reason:GATT_CONN_TERMINATE_PEER_USER
07-16 10:30:06.223  1344  1484 I bt_bta_gattc: packages/modules/Bluetooth/system/bta/gatt/bta_gattc_act.cc:1364 bta_gattc_conn_cback: Disconnected att_id:4 addr:xx:xx:xx:xx:55:72, transport:BT_TRANSPORT_LE reason:GATT_CONN_TERMINATE_PEER_USER
07-16 10:30:06.223  1344  1484 I bt_bta_gattc: packages/modules/Bluetooth/system/bta/gatt/bta_gattc_act.cc:1364 bta_gattc_conn_cback: Disconnected att_id:5 addr:xx:xx:xx:xx:55:72, transport:BT_TRANSPORT_LE reason:GATT_CONN_TERMINATE_PEER_USER
07-16 10:30:06.223  1344  1484 I bt_bta_gattc: packages/modules/Bluetooth/system/bta/gatt/bta_gattc_act.cc:1364 bta_gattc_conn_cback: Disconnected att_id:6 addr:xx:xx:xx:xx:55:72, transport:BT_TRANSPORT_LE reason:GATT_CONN_TERMINATE_PEER_USER
07-16 10:30:06.223  1344  1484 I bt_bta_gattc: packages/modules/Bluetooth/system/bta/gatt/bta_gattc_act.cc:1364 bta_gattc_conn_cback: Disconnected att_id:7 addr:xx:xx:xx:xx:55:72, transport:BT_TRANSPORT_LE reason:GATT_CONN_TERMINATE_PEER_USER
07-16 10:30:06.223  1344  1484 I bt_bta_gattc: packages/modules/Bluetooth/system/bta/gatt/bta_gattc_act.cc:1364 bta_gattc_conn_cback: Disconnected att_id:8 addr:xx:xx:xx:xx:55:72, transport:BT_TRANSPORT_LE reason:GATT_CONN_TERMINATE_PEER_USER
07-16 10:30:06.223  1344  1484 I bt_bta_gattc: packages/modules/Bluetooth/system/bta/gatt/bta_gattc_act.cc:1364 bta_gattc_conn_cback: Disconnected att_id:9 addr:xx:xx:xx:xx:55:72, transport:BT_TRANSPORT_LE reason:GATT_CONN_TERMINATE_PEER_USER
07-16 10:30:06.223  1344  1484 E bta_gattc_main: packages/modules/Bluetooth/system/bta/gatt/bta_gattc_main.cc:395 bta_gattc_hdl_event: Ignore unknown conn ID: 3
07-16 10:30:06.223  1344  1484 E bta_gattc_main: packages/modules/Bluetooth/system/bta/gatt/bta_gattc_main.cc:395 bta_gattc_hdl_event: Ignore unknown conn ID: 4
07-16 10:30:06.224  1344  1484 E bta_gattc_main: packages/modules/Bluetooth/system/bta/gatt/bta_gattc_main.cc:395 bta_gattc_hdl_event: Ignore unknown conn ID: 6
07-16 10:30:06.224  1344  1484 E bta_gattc_main: packages/modules/Bluetooth/system/bta/gatt/bta_gattc_main.cc:395 bta_gattc_hdl_event: Ignore unknown conn ID: 7
07-16 10:30:06.224  1344  1484 E bta_gattc_main: packages/modules/Bluetooth/system/bta/gatt/bta_gattc_main.cc:395 bta_gattc_hdl_event: Ignore unknown conn ID: 8
07-16 10:30:06.224  1344  1484 I bluetooth: packages/modules/Bluetooth/system/stack/btm/btm_dev.cc:174 BTM_SecDeleteDevice: Remove device xx:xx:xx:xx:55:72 from filter accept list before delete record
07-16 10:30:06.224  1344  1575 D BtGatt.GattService: onDisconnected() - clientIf=9, connId=9, address=11:22:33:44:55:72
07-16 10:30:06.224  1344  1484 I bluetooth: packages/modules/Bluetooth/system/stack/btm/btm_dev.cc:192 BTM_SecDeleteDevice: BTM_SecDeleteDevice xx:xx:xx:xx:55:72 complete
07-16 10:30:06.224  1344  1492 W bluetooth: packages/modules/Bluetooth/system/main/shim/acl.cc:189 Remove: Unknown device being removed from acceptlist:11:22:33:44:55:72[PUBLIC_DEVICE_ADDRESS]
07-16 10:30:06.224  1344  1484 I btif_av : packages/modules/Bluetooth/system/btif/src/btif_av.cc:4174 btif_av_acl_disconnected: btif_av_acl_disconnected: Peer xx:xx:xx:xx:55:72 : ACL Disconnected
07-16 10:30:06.224  1344  1575 D BtGatt.GattService: onDisconnected() - removing permit for address=11:22:33:44:55:72
07-16 10:30:06.224  1344  1484 W bt_bta_hh: packages/modules/Bluetooth/system/bta/hh/bta_hh_le.cc:1632 bta_hh_le_open_fail: Open failed for device:xx:xx:xx:xx:55:72
07-16 10:30:06.224  1344  1484 I bt_stack: [INFO:gatt_api.cc(1514)] GATT_CancelConnect: gatt_if:0, address: xx:xx:xx:xx:55:72, direct:0
07-16 10:30:06.224  1344  1492 W bluetooth: packages/modules/Bluetooth/system/main/shim/acl.cc:189 Remove: Unknown device being removed from acceptlist:11:22:33:44:55:72[PUBLIC_DEVICE_ADDRESS]
07-16 10:30:06.224  1344  1575 D BtGatt.GattService: Gatt Logging: metric_id=5, session_index=9, connection state=0, connection status=19
07-16 10:30:06.224  1344  1492 W bluetooth: packages/modules/Bluetooth/system/gd/hci/acl_manager/le_impl.h:820 remove_device_from_connect_list: Device not in acceptlist and cannot be removed:11:22:33:44:55:72[PUBLIC_DEVICE_ADDRESS]
07-16 10:30:06.224  1344  1484 I bt_bta_gattc: packages/modules/Bluetooth/system/bta/gatt/bta_gattc_act.cc:429 bta_gattc_init_bk_conn: Not a connected remote device yet
07-16 10:30:06.225  1344  1575 V BluetoothDatabase: getProfileConnectionPolicy: device XX:XX:XX:XX:55:72 profile=A2DP, connectionPolicy=-1
07-16 10:30:06.225  1344  1575 V BluetoothDatabase: getProfileConnectionPolicy: device XX:XX:XX:XX:55:72 profile=A2DP_SINK, connectionPolicy=-1
07-16 10:30:06.225  1344  1575 V BluetoothDatabase: getProfileConnectionPolicy: device XX:XX:XX:XX:55:72 profile=HEADSET, connectionPolicy=-1
07-16 10:30:06.225  1344  1575 V BluetoothDatabase: getProfileConnectionPolicy: device XX:XX:XX:XX:55:72 profile=HID_HOST, connectionPolicy=-1
07-16 10:30:06.225  1344  1575 V BluetoothDatabase: getProfileConnectionPolicy: device XX:XX:XX:XX:55:72 profile=HEARING_AID, connectionPolicy=-1
07-16 10:30:06.226  1409  1436 D BluetoothGatt: onClientConnectionState() - status=19 clientIf=9 device=11:22:33:44:55:72
07-16 10:30:06.226  1409  1436 D settings-BTRCBatterLow: onConnectionStateChange
07-16 10:30:06.226  1409  1436 D settings-BTRCBatterLow: Connection status:19 state:0
07-16 10:30:06.227   589  1751 I PlatformSys: getCpuTempterature:50
07-16 10:30:06.227  1344  1492 I bluetooth: packages/modules/Bluetooth/system/gd/hci/le_address_manager.cc:596 OnCommandComplete: Received command complete with op_code LE_ADD_DEVICE_TO_FILTER_ACCEPT_LIST
07-16 10:30:06.227   589  1751 I TEMP_CTL: [run:1108]factory mode:1
07-16 10:30:06.229  1344  1492 I bluetooth: packages/modules/Bluetooth/system/gd/hci/le_address_manager.cc:596 OnCommandComplete: Received command complete with op_code LE_REMOVE_DEVICE_FROM_FILTER_ACCEPT_LIST
07-16 10:30:06.230  1344  1492 I bluetooth: packages/modules/Bluetooth/system/gd/hci/le_address_manager.cc:596 OnCommandComplete: Received command complete with op_code LE_ADD_DEVICE_TO_FILTER_ACCEPT_LIST
07-16 10:30:06.230  1344  1492 I bluetooth: packages/modules/Bluetooth/system/gd/hci/le_address_manager.cc:294 resume_registered_clients: Resuming registered clients
07-16 10:30:06.231  1344  1344 D BluetoothHidHostService: Connection state XX:XX:XX:XX:55:72: 0->1
07-16 10:30:06.232  1404  1404 D RcPair  : BluRemConService onReceive Action:android.bluetooth.device.action.ACL_DISCONNECTED
07-16 10:30:06.234  1945  1945 D BluetoothDeviceManager: onReceive() called with: action = android.bluetooth.device.action.ACL_DISCONNECTED
07-16 10:30:06.234  1344  1492 I bluetooth: packages/modules/Bluetooth/system/gd/hci/acl_manager/le_impl.h:877 update_connectability_state_after_armed: Le connection state machine armed state:ConnectabilityState::ARMED status:SUCCESS
