--------- beginning of main
07-16 13:37:25.598  2915  3654 I bboe    : (REDACTED) getHotwordActive::active query: %s, watch: %s, devices connected: %s
07-16 13:37:30.427 27312 27312 I Finsky  : [2] SCH: job service start with id 9093.
07-16 13:37:30.448 27312 12720 I Finsky  : [3694] SCH: Satisfied jobs for 9093 are: 12-1
07-16 13:37:30.449 27312 12719 I Finsky  : [3693] SCH: Job 12-1 starting
07-16 13:37:30.450 27312 27312 I Finsky  : [2] [ContentSync] job started
07-16 13:37:30.810 27312 27312 W Finsky  : [2] STU: Failed to get storage stats for package 'com.google.android.tzdata2' (1601: Error getting stats: android.content.pm.PackageManager.NameNotFoundException)
07-16 13:37:30.829 27312 27312 W Finsky  : [2] STU: Failed to get storage stats for package 'com.google.android.permission' (1601: Error getting stats: android.content.pm.PackageManager.NameNotFoundException)
07-16 13:37:30.915 27312 27312 W Finsky  : [2] STU: Failed to get storage stats for package 'com.google.android.wifi' (1601: Error getting stats: android.content.pm.PackageManager.NameNotFoundException)
07-16 13:37:31.340 27312 27312 W Finsky  : [2] STU: Failed to get storage stats for package 'com.google.android.media.swcodec' (1601: Error getting stats: android.content.pm.PackageManager.NameNotFoundException)
07-16 13:37:31.384 27312 27312 W Finsky  : [2] STU: Failed to get storage stats for package 'com.google.android.mediaprovider' (1601: Error getting stats: android.content.pm.PackageManager.NameNotFoundException)
07-16 13:37:31.434 27312 27312 W Finsky  : [2] STU: Failed to get storage stats for package 'com.google.android.adbd' (1601: Error getting stats: android.content.pm.PackageManager.NameNotFoundException)
07-16 13:37:31.437 27312 27312 W Finsky  : [2] STU: Failed to get storage stats for package 'com.google.android.resolv' (1601: Error getting stats: android.content.pm.PackageManager.NameNotFoundException)
07-16 13:37:31.484 27312 27312 W Finsky  : [2] STU: Failed to get storage stats for package 'com.google.android.conscrypt' (1601: Error getting stats: android.content.pm.PackageManager.NameNotFoundException)
07-16 13:37:31.487 27312 27312 W Finsky  : [2] STU: Failed to get storage stats for package 'com.google.android.media' (1601: Error getting stats: android.content.pm.PackageManager.NameNotFoundException)
07-16 13:37:31.531 27312 27312 W Finsky  : [2] STU: Failed to get storage stats for package 'com.google.android.neuralnetworks' (1601: Error getting stats: android.content.pm.PackageManager.NameNotFoundException)
07-16 13:37:31.538 27312 27312 W Finsky  : [2] STU: Failed to get storage stats for package 'com.google.android.ipsec' (1601: Error getting stats: android.content.pm.PackageManager.NameNotFoundException)
07-16 13:37:31.588 27312 27312 W Finsky  : [2] STU: Failed to get storage stats for package 'com.google.android.sdkext' (1601: Error getting stats: android.content.pm.PackageManager.NameNotFoundException)
07-16 13:37:31.631 27312 27312 W Finsky  : [2] STU: Failed to get storage stats for package 'com.google.android.tethering' (1601: Error getting stats: android.content.pm.PackageManager.NameNotFoundException)
07-16 13:37:31.651 27312 27312 W Finsky  : [2] STU: Failed to get storage stats for package 'com.google.android.extservices' (1601: Error getting stats: android.content.pm.PackageManager.NameNotFoundException)
07-16 13:37:31.712 27312 27312 W Finsky  : [2] STU: Failed to get storage stats for package 'com.google.android.os.statsd' (1601: Error getting stats: android.content.pm.PackageManager.NameNotFoundException)
07-16 13:37:31.729 27312 27312 W Finsky  : [2] STU: Failed to get storage stats for package 'com.google.android.cellbroadcast' (1601: Error getting stats: android.content.pm.PackageManager.NameNotFoundException)
07-16 13:37:31.811 27312 27312 I Finsky  : [2] App states replicator found 10 unowned apps
07-16 13:37:31.887 29762 29973 I chatty  : uid=10108(com.google.android.gms) Binder:29762_6 expire 23 lines
07-16 13:37:31.990 27312 12721 I Finsky  : [3695] Completed 5 account content syncs with 0 successful.
07-16 13:37:31.991 27312 27312 I Finsky  : [2] [ContentSync] Installation state replication failed, parameters=Id: 12-1, CT: 1752644210295, Constraints: [{ L: 40000, D: 86400000, C: CHARGING_NONE, I: IDLE_NONE, N: NET_ANY, B: BATTERY_ANY }].
07-16 13:37:31.991 27312 27312 I Finsky  : [2] [ContentSync] Scheduling replication attempt 2.
07-16 13:37:31.995 27312 27312 I Finsky  : [2] SCH: jobFinished: 12-1. TimeElapsed: 1545ms.
07-16 13:37:32.009 27312 12720 I Finsky  : [3694] SCH: Attempting to reschedule job: Id: 12-1, Constraints: [{ L: 60000, D: 86400000, C: CHARGING_NONE, I: IDLE_NONE, N: NET_ANY, B: BATTERY_ANY }]
07-16 13:37:32.021 27312 27358 I Finsky  : [3165] SCH: Scheduling phonesky job Id: 1-1337, CT: 1752637479726, Constraints: [{ L: 25498062, D: 68698062, C: CHARGING_NONE, I: IDLE_NONE, N: NET_ANY, B: BATTERY_ANY }]
07-16 13:37:32.021 27312 27358 I Finsky  : [3165] SCH: Scheduling phonesky job Id: 34-3524, CT: 1752637540465, Constraints: [{ L: 79199680, D: 1375199680, C: CHARGING_NONE, I: IDLE_NONE, N: NET_ANY, B: BATTERY_ANY }]
07-16 13:37:32.021 27312 27358 I Finsky  : [3165] SCH: Scheduling phonesky job Id: 34-3526, CT: 1752637541184, Constraints: [{ L: 604800000, D: 2591999789, C: CHARGING_NONE, I: IDLE_NONE, N: NET_ANY, B: BATTERY_ANY }]
07-16 13:37:32.027 27312 27352 I Finsky  : [3159] SCH: Scheduling 1 system job(s)
07-16 13:37:32.027 27312 27352 I Finsky  : [3159] SCH: Scheduling system job Id: 9097, L: 18725761, D: 61925761, C: false, I: false, N: 1
07-16 13:37:32.036 27312 12719 I Finsky  : [3693] SCH: job service finished with id 9093.
07-16 13:37:32.154 27312 27348 I Finsky  : [3155] SCH: Scheduling phonesky job Id: 12-1, CT: 1752644252009, Constraints: [{ L: 60000, D: 86400000, C: CHARGING_NONE, I: IDLE_NONE, N: NET_ANY, B: BATTERY_ANY }]
07-16 13:37:32.159 27312 27352 I Finsky  : [3159] SCH: Scheduling 1 system job(s)
07-16 13:37:32.159 27312 27352 I Finsky  : [3159] SCH: Scheduling system job Id: 9097, L: 59850, D: 61925629, C: false, I: false, N: 1
07-16 13:37:32.983 30184 30184 I chatty  : uid=10108 com.google.android.gms.unstable expire 1 line
07-16 13:37:33.403   992  1093 I VSC     : @ 160050.103: [VSC] Request sensor 131074, sample_duration 0 ms, report_duration 0 ms
07-16 13:37:33.403   992  1093 I VSC     : @ 160050.104: [VSC] Stopping sensor events for sensor 65537
07-16 13:37:33.404   992  1093 W ASH     : @ 160050.105: [SMGR] send_buf_ind - dropping id=0/0xb2037a40 #samples=83 last_sent[0]=949553484
07-16 13:37:33.562   972   972 I android.hardware.health@2.0-service.wahoo: SRAM data: 2443000
--------- beginning of system
07-16 13:37:33.573  1884  7799 D PowerUI : can't show warning due to - plugged: true status unknown: false
07-16 13:37:34.163  1884  1884 V ShadeControllerImpl: NotificationShadeWindow: com.android.systemui.statusbar.phone.NotificationShadeWindowView{972c698 I.E...... ......ID 0,0-1080,1920} canPanelBeCollapsed(): false
07-16 13:37:34.362  1884  1884 V ShadeControllerImpl: NotificationShadeWindow: com.android.systemui.statusbar.phone.NotificationShadeWindowView{972c698 I.E...... ......ID 0,0-1080,1920} canPanelBeCollapsed(): false
07-16 13:37:34.713  2358  2358 D RecentsOrientedState: current RecentsOrientedState: [this=RecentsOrientedState@22d7e3a mOrientationHandler=PortraitPagedViewHandler@126b08 mDisplayRotation=0 mTouchRotation=0 mRecentsActivityRotation=0 isRecentsActivityRotationAllowed=true mSystemRotation=false mFlags=295]
07-16 13:37:34.713  2358  2358 I chatty  : uid=10094(com.google.android.apps.nexuslauncher) identical 6 lines
07-16 13:37:34.713  2358  2358 D RecentsOrientedState: current RecentsOrientedState: [this=RecentsOrientedState@22d7e3a mOrientationHandler=PortraitPagedViewHandler@126b08 mDisplayRotation=0 mTouchRotation=0 mRecentsActivityRotation=0 isRecentsActivityRotationAllowed=true mSystemRotation=false mFlags=295]
07-16 13:37:35.101  1884  1884 V ShadeControllerImpl: NotificationShadeWindow: com.android.systemui.statusbar.phone.NotificationShadeWindowView{972c698 I.E...... ......ID 0,0-1080,1920} canPanelBeCollapsed(): false
07-16 13:37:35.846 27312 27324 W android.vendin: Suspending all threads took: 9.718ms
07-16 13:37:36.693  2358  2358 I AiAiSuggestUi: Clearing suggestions.
07-16 13:37:37.616  2358  2358 I AiAiSuggestUi: Clearing suggestions.
07-16 13:37:37.840   972   972 I android.hardware.health@2.0-service.wahoo: SRAM data: 2443000
07-16 13:37:37.844  1884  9793 D PowerUI : can't show warning due to - plugged: true status unknown: false
07-16 13:37:37.908 29762 29762 I chatty  : uid=10108 com.google.android.gms.persistent expire 3 lines
07-16 13:37:38.035  1427  2650 I system_server: oneway function results will be dropped but finished with status OK and parcel size 4
07-16 13:37:38.035   675   675 D android.hardware.power@1.3-service.pixel-libperfmgr: LAUNCH: 1
07-16 13:37:38.035   963  4105 D audio_hw_primary: enable_snd_device: snd_device(2: speaker)
07-16 13:37:38.035   963  4105 D audio_route: Apply path: speaker
07-16 13:37:38.035   675   675 D android.hardware.power@1.3-service.pixel-libperfmgr: AUDIO_STREAMING: 1
07-16 13:37:38.036  1427  2650 I system_server: oneway function results will be dropped but finished with status OK and parcel size 4
07-16 13:37:38.036  1427  1459 D EventSequenceValidator: IntentStarted during UNKNOWN. Intent { act=android.intent.action.MAIN cat=[android.intent.category.INFO] flg=0x10000000 pkg=com.google.android.videos cmp=com.google.android.videos/com.google.android.apps.googletv.app.presentation.pages.home.GtvHomePageActivity }
07-16 13:37:38.036  1427  1459 D EventSequenceValidator: java.lang.Throwable: EventSequenceValidator#getStackTrace
07-16 13:37:38.036  1427  1459 D EventSequenceValidator: 	at com.google.android.startop.iorap.EventSequenceValidator.logWarningWithStackTrace(EventSequenceValidator.java:260)
07-16 13:37:38.036  1427  1459 D EventSequenceValidator: 	at com.google.android.startop.iorap.EventSequenceValidator.onIntentStarted(EventSequenceValidator.java:106)
07-16 13:37:38.036  1427  1459 D EventSequenceValidator: 	at com.android.server.wm.LaunchObserverRegistryImpl.handleOnIntentStarted(LaunchObserverRegistryImpl.java:139)
07-16 13:37:38.036  1427  1459 D EventSequenceValidator: 	at com.android.server.wm.LaunchObserverRegistryImpl.lambda$veRn_GhgLZLlOHOJ0ZYT6KcfYqo(Unknown Source:0)
07-16 13:37:38.036  1427  1459 D EventSequenceValidator: 	at com.android.server.wm.-$$Lambda$LaunchObserverRegistryImpl$veRn_GhgLZLlOHOJ0ZYT6KcfYqo.accept(Unknown Source:10)
07-16 13:37:38.036  1427  1459 D EventSequenceValidator: 	at com.android.internal.util.function.pooled.PooledLambdaImpl.doInvoke(PooledLambdaImpl.java:292)
07-16 13:37:38.036  1427  1459 D EventSequenceValidator: 	at com.android.internal.util.function.pooled.PooledLambdaImpl.invoke(PooledLambdaImpl.java:201)
07-16 13:37:38.036  1427  1459 D EventSequenceValidator: 	at com.android.internal.util.function.pooled.OmniFunction.run(OmniFunction.java:97)
07-16 13:37:38.036  1427  1459 D EventSequenceValidator: 	at android.os.Handler.handleCallback(Handler.java:938)
07-16 13:37:38.036  1427  1459 D EventSequenceValidator: 	at android.os.Handler.dispatchMessage(Handler.java:99)
07-16 13:37:38.036  1427  1459 D EventSequenceValidator: 	at android.os.Looper.loop(Looper.java:223)
07-16 13:37:38.036  1427  1459 D EventSequenceValidator: 	at android.os.HandlerThread.run(HandlerThread.java:67)
07-16 13:37:38.036  1427  1459 D EventSequenceValidator: 	at com.android.server.ServiceThread.run(ServiceThread.java:44)
07-16 13:37:38.036  1427  1459 D EventSequenceValidator: inc AccIntentStartedEvents to 2
07-16 13:37:38.036   963  4105 D ACDB-LOADER: ACDB -> send_audio_cal, acdb_id = 15, path = 0, app id = 0x11130, sample rate = 48000
07-16 13:37:38.036   963  4105 D ACDB-LOADER: ACDB -> ACDB_CMD_GET_AUDPROC_GAIN_DEP_STEP_TABLE, vol index 0
07-16 13:37:38.036   963  4105 D ACDB-LOADER: ACDB -> GET_AFE_TOPOLOGY_ID for adcd_id 15, Topology Id 112fc
07-16 13:37:38.037   963  4105 D android.hardware.audio.service: Failed to fetch the lookup information of the device 0000000F 
07-16 13:37:38.037   963  4105 D ACDB-LOADER: Error: ACDB AFE returned = -19
07-16 13:37:38.037   963  4105 D audio_hw_primary: enable_audio_route: usecase(1) apply and update mixer path: low-latency-playback speaker
07-16 13:37:38.037   963  4105 D audio_route: Apply path: low-latency-playback speaker
07-16 13:37:38.045  1427  1459 D EventSequenceValidator: onActivityLaunched during UNKNOWN.
07-16 13:37:38.045  1427  1459 D EventSequenceValidator: java.lang.Throwable: EventSequenceValidator#getStackTrace
07-16 13:37:38.045  1427  1459 D EventSequenceValidator: 	at com.google.android.startop.iorap.EventSequenceValidator.logWarningWithStackTrace(EventSequenceValidator.java:260)
07-16 13:37:38.045  1427  1459 D EventSequenceValidator: 	at com.google.android.startop.iorap.EventSequenceValidator.onActivityLaunched(EventSequenceValidator.java:149)
07-16 13:37:38.045  1427  1459 D EventSequenceValidator: 	at com.android.server.wm.LaunchObserverRegistryImpl.handleOnActivityLaunched(LaunchObserverRegistryImpl.java:157)
07-16 13:37:38.045  1427  1459 D EventSequenceValidator: 	at com.android.server.wm.LaunchObserverRegistryImpl.lambda$UGY1OclnLIQLMEL9B55qjERFf4o(Unknown Source:0)
07-16 13:37:38.045  1427  1459 D EventSequenceValidator: 	at com.android.server.wm.-$$Lambda$LaunchObserverRegistryImpl$UGY1OclnLIQLMEL9B55qjERFf4o.accept(Unknown Source:10)
07-16 13:37:38.045  1427  1459 D EventSequenceValidator: 	at com.android.internal.util.function.pooled.PooledLambdaImpl.doInvoke(PooledLambdaImpl.java:292)
07-16 13:37:38.045  1427  1459 D EventSequenceValidator: 	at com.android.internal.util.function.pooled.PooledLambdaImpl.invoke(PooledLambdaImpl.java:201)
07-16 13:37:38.045  1427  1459 D EventSequenceValidator: 	at com.android.internal.util.function.pooled.OmniFunction.run(OmniFunction.java:97)
07-16 13:37:38.045  1427  1459 D EventSequenceValidator: 	at android.os.Handler.handleCallback(Handler.java:938)
07-16 13:37:38.045  1427  1459 D EventSequenceValidator: 	at android.os.Handler.dispatchMessage(Handler.java:99)
07-16 13:37:38.045  1427  1459 D EventSequenceValidator: 	at android.os.Looper.loop(Looper.java:223)
07-16 13:37:38.045  1427  1459 D EventSequenceValidator: 	at android.os.HandlerThread.run(HandlerThread.java:67)
07-16 13:37:38.045  1427  1459 D EventSequenceValidator: 	at com.android.server.ServiceThread.run(ServiceThread.java:44)
07-16 13:37:38.065   963  4105 D audio_hw_primary: out_write: retry previous failed cal level set
07-16 13:37:38.065   675   675 D android.hardware.power@1.3-service.pixel-libperfmgr: AUDIO_STREAMING: 0
07-16 13:37:38.079  2358  2358 D RecentsOrientedState: current RecentsOrientedState: [this=RecentsOrientedState@7b70d43 mOrientationHandler=PortraitPagedViewHandler@126b08 mDisplayRotation=0 mTouchRotation=0 mRecentsActivityRotation=0 isRecentsActivityRotationAllowed=true mSystemRotation=false mFlags=39]
07-16 13:37:38.079  2358  2358 D RecentsOrientedState: current RecentsOrientedState: [this=RecentsOrientedState@7b70d43 mOrientationHandler=PortraitPagedViewHandler@126b08 mDisplayRotation=0 mTouchRotation=0 mRecentsActivityRotation=0 isRecentsActivityRotationAllowed=true mSystemRotation=false mFlags=39]
07-16 13:37:38.143  1427  3005 D ConnectivityService: requestNetwork for uid/pid:10155/7006 NetworkRequest [ TRACK_DEFAULT id=3116, [ Capabilities: INTERNET&NOT_RESTRICTED&TRUSTED Uid: 10155 AdministratorUids: [] RequestorUid: 10155 RequestorPackageName: com.google.android.videos] ]
07-16 13:37:38.143  1427  1673 D ConnectivityService: NetReassign [3116 : null → 120]
07-16 13:37:38.143  1427  1776 D WIFI_AWARE_FACTORY: got request NetworkRequest [ TRACK_DEFAULT id=3116, [ Capabilities: INTERNET&NOT_RESTRICTED&TRUSTED Uid: 10155 AdministratorUids: [] RequestorUid: 10155 RequestorPackageName: com.google.android.videos] ] with score 60 and providerId 5
07-16 13:37:38.144  1427  1666 D WifiNetworkFactory: got request NetworkRequest [ TRACK_DEFAULT id=3116, [ Capabilities: INTERNET&NOT_RESTRICTED&TRUSTED Uid: 10155 AdministratorUids: [] RequestorUid: 10155 RequestorPackageName: com.google.android.videos] ] with score 60 and providerId 5
07-16 13:37:38.144  1427  1666 D UntrustedWifiNetworkFactory: got request NetworkRequest [ TRACK_DEFAULT id=3116, [ Capabilities: INTERNET&NOT_RESTRICTED&TRUSTED Uid: 10155 AdministratorUids: [] RequestorUid: 10155 RequestorPackageName: com.google.android.videos] ] with score 60 and providerId 5
07-16 13:37:38.144  2224  2224 D PhoneSwitcherNetworkRequstListener: got request NetworkRequest [ TRACK_DEFAULT id=3116, [ Capabilities: INTERNET&NOT_RESTRICTED&TRUSTED Uid: 10155 AdministratorUids: [] RequestorUid: 10155 RequestorPackageName: com.google.android.videos] ] with score 60 and providerId 5
07-16 13:37:38.144  1427  1778 D Ethernet: got request NetworkRequest [ TRACK_DEFAULT id=3116, [ Capabilities: INTERNET&NOT_RESTRICTED&TRUSTED Uid: 10155 AdministratorUids: [] RequestorUid: 10155 RequestorPackageName: com.google.android.videos] ] with score 60 and providerId 5
07-16 13:37:38.145  1884  1884 V KeyguardUpdateMonitor: onSubscriptionInfoChanged()
07-16 13:37:38.146  2224  2224 D Telephony: isEmergencyPreferredAccount: subId=-1, activeData=-1
07-16 13:37:38.146  2224  2224 D Telephony: isEmergencyPreferredAccount: Device does not require preference.
07-16 13:37:38.152  1427  1673 D ConnectivityService: NetReassign [no changes]
07-16 13:37:38.159 11096 11096 I chatty  : uid=10108(com.google.android.gms) expire 2 lines
07-16 13:37:38.169  1106  1106 I cqpr    : onPause
07-16 13:37:38.207  1106  1702 V ClearcutMetricXmitter: Transmission is done.
07-16 13:37:38.219  1427  3005 I system_server: oneway function results will be dropped but finished with status OK and parcel size 4
07-16 13:37:38.227  1427  1459 D EventSequenceValidator: onActivityLaunchFinished during UNKNOWN.
07-16 13:37:38.227  1427  1459 D EventSequenceValidator: java.lang.Throwable: EventSequenceValidator#getStackTrace
07-16 13:37:38.227  1427  1459 D EventSequenceValidator: 	at com.google.android.startop.iorap.EventSequenceValidator.logWarningWithStackTrace(EventSequenceValidator.java:260)
07-16 13:37:38.227  1427  1459 D EventSequenceValidator: 	at com.google.android.startop.iorap.EventSequenceValidator.onActivityLaunchFinished(EventSequenceValidator.java:185)
07-16 13:37:38.227  1427  1459 D EventSequenceValidator: 	at com.android.server.wm.LaunchObserverRegistryImpl.handleOnActivityLaunchFinished(LaunchObserverRegistryImpl.java:175)
07-16 13:37:38.227  1427  1459 D EventSequenceValidator: 	at com.android.server.wm.LaunchObserverRegistryImpl.lambda$QcawcFcJtEX4EhYptq_Vb4j368Y(Unknown Source:0)
07-16 13:37:38.227  1427  1459 D EventSequenceValidator: 	at com.android.server.wm.-$$Lambda$LaunchObserverRegistryImpl$QcawcFcJtEX4EhYptq_Vb4j368Y.accept(Unknown Source:10)
07-16 13:37:38.227  1427  1459 D EventSequenceValidator: 	at com.android.internal.util.function.pooled.PooledLambdaImpl.doInvoke(PooledLambdaImpl.java:292)
07-16 13:37:38.227  1427  1459 D EventSequenceValidator: 	at com.android.internal.util.function.pooled.PooledLambdaImpl.invoke(PooledLambdaImpl.java:201)
07-16 13:37:38.227  1427  1459 D EventSequenceValidator: 	at com.android.internal.util.function.pooled.OmniFunction.run(OmniFunction.java:97)
07-16 13:37:38.227  1427  1459 D EventSequenceValidator: 	at android.os.Handler.handleCallback(Handler.java:938)
07-16 13:37:38.227  1427  1459 D EventSequenceValidator: 	at android.os.Handler.dispatchMessage(Handler.java:99)
07-16 13:37:38.227  1427  1459 D EventSequenceValidator: 	at android.os.Looper.loop(Looper.java:223)
07-16 13:37:38.227  1427  1459 D EventSequenceValidator: 	at android.os.HandlerThread.run(HandlerThread.java:67)
07-16 13:37:38.227  1427  1459 D EventSequenceValidator: 	at com.android.server.ServiceThread.run(ServiceThread.java:44)
07-16 13:37:38.227  1427  1459 D EventSequenceValidator: dec AccIntentStartedEvents to 1
07-16 13:37:38.231  1427  1464 D ArtManagerInternalImpl: /data/misc/iorapd/com.google.android.videos/439364683/com.google.android.apps.googletv.app.presentation.pages.home.GtvHomePageActivity/compiled_traces/compiled_trace.pb doesn't exist
07-16 13:37:38.231  1427  1673 D ConnectivityService: NetReassign [no changes]
07-16 13:37:38.239  1863  3018 D BluetoothAdapterService: startDiscovery
07-16 13:37:38.263  1863  2626 W bt_btif : bta_dm_check_av:0
07-16 13:37:38.271  1863  2626 E bt_btif : bte_scan_filt_param_cfg_evt, 23
07-16 13:37:38.277 29293 29293 I GoogleInputMethodService: GoogleInputMethodService.onFinishInput():1984 
07-16 13:37:38.278 29293 29293 I Module  : DeviceLockedStatusModuleProvider$Module.updateDeviceLockedStatus():100 repeatCheckTimes = 0, locked = false
07-16 13:37:38.278 29293 29293 I GoogleInputMethodService: GoogleInputMethodService.onStartInput():1248 onStartInput(EditorInfo{EditorInfo{packageName=com.google.android.videos, inputType=0, inputTypeString=NULL, enableLearning=false, autoCorrection=false, autoComplete=false, imeOptions=0, privateImeOptions=null, actionName=UNSPECIFIED, actionLabel=null, initialSelStart=-1, initialSelEnd=-1, initialCapsMode=0, label=null, fieldId=2131428856, fieldName=null, extras=null, hintText=null, hintLocales=[]}}, false)
07-16 13:37:38.280 11096 11115 I chatty  : uid=10108(com.google.android.gms) Binder:11096_2 expire 11 lines
07-16 13:37:38.281 29293 29293 I Module  : DeviceLockedStatusModuleProvider$Module.updateDeviceLockedStatus():100 repeatCheckTimes = 1, locked = false
07-16 13:37:38.282 29293 29293 I GoogleInputMethodService: GoogleInputMethodService.onStartInput():1248 onStartInput(EditorInfo{EditorInfo{packageName=com.google.android.videos, inputType=0, inputTypeString=NULL, enableLearning=false, autoCorrection=false, autoComplete=false, imeOptions=0, privateImeOptions=null, actionName=UNSPECIFIED, actionLabel=null, initialSelStart=-1, initialSelEnd=-1, initialCapsMode=0, label=null, fieldId=2131428856, fieldName=null, extras=null, hintText=null, hintLocales=[]}}, true)
07-16 13:37:38.282 29293 29293 W SessionManager: SessionManager.beginSession():53 Try to begin an already begun session [INPUT_SESSION], end it first
07-16 13:37:38.284 29293 29293 I Module  : DeviceLockedStatusModuleProvider$Module.updateDeviceLockedStatus():100 repeatCheckTimes = 1, locked = false
07-16 13:37:38.306 29293 29293 I GoogleInputMethodService: GoogleInputMethodService.onFinishInput():1984 
07-16 13:37:38.307 29293 29293 I Module  : DeviceLockedStatusModuleProvider$Module.updateDeviceLockedStatus():100 repeatCheckTimes = 0, locked = false
07-16 13:37:38.308 29293 29293 I GoogleInputMethodService: GoogleInputMethodService.onStartInput():1248 onStartInput(EditorInfo{EditorInfo{packageName=com.google.android.videos, inputType=80001, inputTypeString=Normal[NoSuggestion], enableLearning=false, autoCorrection=false, autoComplete=true, imeOptions=80000006, privateImeOptions=null, actionName=DONE, actionLabel=null, initialSelStart=0, initialSelEnd=0, initialCapsMode=0, label=null, fieldId=2131429125, fieldName=null, extras=null, hintText=null, hintLocales=[]}}, false)
07-16 13:37:38.309 11096 12669 I chatty  : uid=10108(com.google.android.gms) Binder:11096_8 expire 6 lines
07-16 13:37:38.317 29293 29293 I Module  : DeviceLockedStatusModuleProvider$Module.updateDeviceLockedStatus():100 repeatCheckTimes = 1, locked = false
07-16 13:37:38.325 29293 29293 I DynamicLanguageSetterModule: DynamicLanguageSetterModule.updateTemporarilyEnabledLanguages():251 Only enable the ascii capable keyboard
07-16 13:37:38.339 29293 29293 I InputMethodEntryManager: InputMethodEntryManager.enableLanguagesAndChangeCurrentTemporarily():1812 enabledLanguages: [zz], specifiedCurrentLanguage null
07-16 13:37:38.346 11096 12528 I chatty  : uid=10108(com.google.android.gms) highpool[6] expire 1 line
07-16 13:37:38.346 29293 29293 I InputMethodEntryManager: InputMethodEntryManager.enableInputMethodEntriesTemporarily():2032 temporarilyEnabledEntryTuples []
07-16 13:37:38.347 29293 29293 W NotificationCenter: NotificationCenter$NotificationQueue.notifyPendingNotificationsOnExecutor():877 Heavy notify work detected on UI thread: [lhc->kif] takes 30ms
07-16 13:37:38.348 11096 11116 I chatty  : uid=10108(com.google.android.gms) Binder:11096_3 expire 4 lines
07-16 13:37:38.359 29762 12691 I chatty  : uid=10108(com.google.android.gms) lowpool[784] expire 1 line
07-16 13:37:38.369 11096 11115 I chatty  : uid=10108(com.google.android.gms) Binder:11096_2 expire 1 line
07-16 13:37:38.370 11096 11116 I chatty  : uid=10108(com.google.android.gms) Binder:11096_3 expire 2 lines
07-16 13:37:38.374  1427  2293 I WifiService: releaseMulticastLock uid=10108
07-16 13:37:38.383  1427  4796 I WifiService: acquireMulticastLock uid=10108
07-16 13:37:38.403   675   675 D android.hardware.power@1.3-service.pixel-libperfmgr: LAUNCH: 0
07-16 13:37:38.406 11096 11110 I chatty  : uid=10108(com.google.android.gms) HeapTaskDaemon expire 1 line
07-16 13:37:38.422  2358  2358 I AiAiSuggestUi: Clearing suggestions.
07-16 13:37:38.422  2358  2358 I AiAiSuggestUi: Clearing suggestions.
07-16 13:37:38.423  2358  2358 D RecentsOrientedState: current RecentsOrientedState: [this=RecentsOrientedState@22d7e3a mOrientationHandler=PortraitPagedViewHandler@126b08 mDisplayRotation=0 mTouchRotation=0 mRecentsActivityRotation=0 isRecentsActivityRotationAllowed=true mSystemRotation=false mFlags=295]
07-16 13:37:38.423  2358  2358 I chatty  : uid=10094(com.google.android.apps.nexuslauncher) identical 2 lines
07-16 13:37:38.423  2358  2358 D RecentsOrientedState: current RecentsOrientedState: [this=RecentsOrientedState@22d7e3a mOrientationHandler=PortraitPagedViewHandler@126b08 mDisplayRotation=0 mTouchRotation=0 mRecentsActivityRotation=0 isRecentsActivityRotationAllowed=true mSystemRotation=false mFlags=295]
07-16 13:37:38.425  2061  2061 I WallpaperService: engine paused
07-16 13:37:38.439   676   676 E Layer   : [Surface(name=Task=212)/@0x45ccd30 - animation-leash#0] No local sync point found
07-16 13:37:38.439   676   676 E Layer   : [Surface(name=Task=1)/@0xe9f20df - animation-leash#0] No local sync point found
07-16 13:37:38.448   992  1093 D CHRE    : @ 160055.148: -: id 10, otherClientPresent 0, mode 3
07-16 13:37:38.448   992  1093 D CHRE    : @ 160055.148: [ImuCal] Dynamic sensor configuration: stand-by.
07-16 13:37:38.448   992  1093 D CHRE    : @ 160055.148: sensorType 10 allowed 1: mergedMode 1, otherClientPresent 1
07-16 13:37:38.449   992  1093 D CHRE    : @ 160055.149: sensorType 13 allowed 1: mergedMode 1, otherClientPresent 1
07-16 13:37:38.449  1106  1106 I cqpr    : onStop
07-16 13:37:38.454   992  1093 D CHRE    : @ 160055.154: sensorType 15 allowed 0: mergedMode 3, otherClientPresent 0
07-16 13:37:38.466 29762 30152 I chatty  : uid=10108(com.google.android.gms) Binder:29762_B expire 21 lines
07-16 13:37:38.480 11096 12755 I chatty  : uid=10108(com.google.android.gms) lowpool[40] expire 1 line
07-16 13:37:38.488  7006  7006 W Choreographer: Frame time is 0.318943 ms in the future!  Check that graphics HAL is generating vsync timestamps using the correct timebase.
07-16 13:37:38.494 11096 12750 I chatty  : uid=10108(com.google.android.gms) lowpool[35] expire 1 line
07-16 13:37:38.506 11096 12528 I chatty  : uid=10108(com.google.android.gms) highpool[6] expire 15 lines
07-16 13:37:38.550  7006  7123 I cn_CronetUrlRequestContext: destroyNativeStreamLocked org.chromium.net.impl.CronetBidirectionalStream@3a05dba
07-16 13:37:38.556 11096 12747 I chatty  : uid=10108(com.google.android.gms) lowpool[32] expire 1 line
07-16 13:37:38.569 11096 12680 I chatty  : uid=10108(com.google.android.gms) lowpool[31] expire 1 line
07-16 13:37:38.649 11096 12753 I chatty  : uid=10108(com.google.android.gms) lowpool[38] expire 1 line
07-16 13:37:38.666 11096 11797 I chatty  : uid=10108(com.google.android.gms) lowpool[8] expire 1 line
07-16 13:37:38.702  1863  2035 D bt_btif_config: btif_get_device_type: Device [9c:12:21:35:76:38] type 3
07-16 13:37:38.714  1863  2035 D bt_btif_config: btif_get_device_type: Device [fc:70:2e:ad:ed:30] type 3
07-16 13:37:38.726 11096 11124 I chatty  : uid=10108(com.google.android.gms) lowpool[0] expire 1 line
07-16 13:37:38.726  7006  7123 I cn_CronetUrlRequestContext: destroyNativeStreamLocked org.chromium.net.impl.CronetBidirectionalStream@a6eebe0
07-16 13:37:38.732 29762 30604 I chatty  : uid=10108(com.google.android.gms) Binder:29762_D expire 21 lines
07-16 13:37:38.744 11096 12755 I chatty  : uid=10108(com.google.android.gms) lowpool[40] expire 1 line
07-16 13:37:38.752  7006  7123 I cn_CronetUrlRequestContext: destroyNativeStreamLocked org.chromium.net.impl.CronetBidirectionalStream@d52f236
07-16 13:37:38.755 11096 12528 I chatty  : uid=10108(com.google.android.gms) highpool[6] expire 20 lines
07-16 13:37:38.811 11096 12749 I chatty  : uid=10108(com.google.android.gms) lowpool[34] expire 1 line
07-16 13:37:38.827 11096 12752 I chatty  : uid=10108(com.google.android.gms) lowpool[37] expire 1 line
07-16 13:37:38.889 11096 12680 I chatty  : uid=10108(com.google.android.gms) lowpool[31] expire 1 line
07-16 13:37:38.901 29762 29762 I chatty  : uid=10108 com.google.android.gms.persistent expire 1 line
07-16 13:37:38.901 11096 12747 I chatty  : uid=10108(com.google.android.gms) lowpool[32] expire 2 lines
07-16 13:37:38.908  1863  2035 D bt_btif_config: btif_get_device_type: Device [fc:70:2e:ad:ee:42] type 3
07-16 13:37:38.969 11096 12750 I chatty  : uid=10108(com.google.android.gms) lowpool[35] expire 1 line
07-16 13:37:38.977  1863  2035 D bt_btif_config: btif_get_device_type: Device [9c:12:21:33:15:f2] type 1
07-16 13:37:38.986  1863  2035 D bt_btif_config: btif_get_device_type: Device [dc:97:58:65:0d:96] type 1
07-16 13:37:39.066  1863  2035 D bt_btif_config: btif_get_device_type: Device [9c:12:21:17:56:df] type 3
07-16 13:37:39.068 29762 30604 E AuthPII : [RequestTokenManager] getToken() -> BAD_AUTHENTICATION. App: com.google.android.gms, Service: oauth2:https://www.googleapis.com/auth/peopleapi.legacy.readwrite https://www.googleapis.com/auth/peopleapi.readonly https://www.googleapis.com/auth/peopleapi.readwrite https://www.googleapis.com/auth/plus.peopleapi.readwrite https://www.googleapis.com/auth/plus.me
07-16 13:37:39.068 29762 30604 E AuthPII : avtn: Long live credential not available.
07-16 13:37:39.068 29762 30604 E AuthPII : 	at aaud.a(:com.google.android.gms@252533022@25.25.33 (150400-781214296):1277)
07-16 13:37:39.068 29762 30604 E AuthPII : 	at aauj.b(:com.google.android.gms@252533022@25.25.33 (150400-781214296):30)
07-16 13:37:39.068 29762 30604 E AuthPII : 	at aauh.a(:com.google.android.gms@252533022@25.25.33 (150400-781214296):574)
07-16 13:37:39.068 29762 30604 E AuthPII : 	at aaug.b(:com.google.android.gms@252533022@25.25.33 (150400-781214296):115)
07-16 13:37:39.068 29762 30604 E AuthPII : 	at ulw.h(:com.google.android.gms@252533022@25.25.33 (150400-781214296):494)
07-16 13:37:39.068 29762 30604 E AuthPII : 	at ulw.d(:com.google.android.gms@252533022@25.25.33 (150400-781214296):150)
07-16 13:37:39.068 29762 30604 E AuthPII : 	at ulw.fA(:com.google.android.gms@252533022@25.25.33 (150400-781214296):153)
07-16 13:37:39.068 29762 30604 E AuthPII : 	at tuu.onTransact(:com.google.android.gms@252533022@25.25.33 (150400-781214296):97)
07-16 13:37:39.068 29762 30604 E AuthPII : 	at android.os.Binder.transact(Binder.java:1043)
07-16 13:37:39.068 29762 30604 E AuthPII : 	at bwua.onTransact(:com.google.android.gms@252533022@25.25.33 (150400-781214296):10)
07-16 13:37:39.068 29762 30604 E AuthPII : 	at android.os.Binder.transact(Binder.java:1043)
07-16 13:37:39.068 29762 30604 E AuthPII : 	at bncn.onTransact(:com.google.android.gms@252533022@25.25.33 (150400-781214296):157)
07-16 13:37:39.068 29762 30604 E AuthPII : 	at android.os.Binder.execTransactInternal(Binder.java:1159)
07-16 13:37:39.068 29762 30604 E AuthPII : 	at android.os.Binder.execTransact(Binder.java:1123)
07-16 13:37:39.068 29762 30604 E AuthPII : Message is Long live credential not available.
07-16 13:37:39.068 29762 30604 E AuthPII : avtn: Long live credential not available.
07-16 13:37:39.068 29762 30604 E AuthPII : 	at aaud.a(:com.google.android.gms@252533022@25.25.33 (150400-781214296):1277)
07-16 13:37:39.068 29762 30604 E AuthPII : 	at aauj.b(:com.google.android.gms@252533022@25.25.33 (150400-781214296):30)
07-16 13:37:39.068 29762 30604 E AuthPII : 	at aauh.a(:com.google.android.gms@252533022@25.25.33 (150400-781214296):574)
07-16 13:37:39.068 29762 30604 E AuthPII : 	at aaug.b(:com.google.android.gms@252533022@25.25.33 (150400-781214296):115)
07-16 13:37:39.068 29762 30604 E AuthPII : 	at ulw.h(:com.google.android.gms@252533022@25.25.33 (150400-781214296):494)
07-16 13:37:39.068 29762 30604 E AuthPII : 	at ulw.d(:com.google.android.gms@252533022@25.25.33 (150400-781214296):150)
07-16 13:37:39.068 29762 30604 E AuthPII : 	at ulw.fA(:com.google.android.gms@252533022@25.25.33 (150400-781214296):153)
07-16 13:37:39.068 29762 30604 E AuthPII : 	at tuu.onTransact(:com.google.android.gms@252533022@25.25.33 (150400-781214296):97)
07-16 13:37:39.068 29762 30604 E AuthPII : 	at android.os.Binder.transact(Binder.java:1043)
07-16 13:37:39.068 29762 30604 E AuthPII : 	at bwua.onTransact(:com.google.android.gms@252533022@25.25.33 (150400-781214296):10)
07-16 13:37:39.068 29762 30604 E AuthPII : 	at android.os.Binder.transact(Binder.java:1043)
07-16 13:37:39.068 29762 30604 E AuthPII : 	at bncn.onTransact(:com.google.android.gms@252533022@25.25.33 (150400-781214296):157)
07-16 13:37:39.068 29762 30604 E AuthPII : 	at android.os.Binder.execTransactInternal(Binder.java:1159)
07-16 13:37:39.068 29762 30604 E AuthPII : 	at android.os.Binder.execTransact(Binder.java:1123)
07-16 13:37:39.068 29762 30604 W Auth    : [GetToken] GetToken failed with status code: BadAuthentication  [CONTEXT service_id=343 ]
07-16 13:37:39.082 11096 12749 W Auth    : [GoogleAuthUtil] [GoogleAuthUtil] error status:BAD_AUTHENTICATION with method:getTokenWithDetails
07-16 13:37:39.085 29762 30604 E AuthPII : [RequestTokenManager] getToken() -> BAD_AUTHENTICATION. App: com.google.android.gms, Service: oauth2:https://www.googleapis.com/auth/peopleapi.legacy.readwrite https://www.googleapis.com/auth/peopleapi.readonly https://www.googleapis.com/auth/peopleapi.readwrite https://www.googleapis.com/auth/plus.peopleapi.readwrite https://www.googleapis.com/auth/plus.me
07-16 13:37:39.085 29762 30604 E AuthPII : avtn: Long live credential not available.
07-16 13:37:39.085 29762 30604 E AuthPII : 	at aaud.a(:com.google.android.gms@252533022@25.25.33 (150400-781214296):1277)
07-16 13:37:39.085 29762 30604 E AuthPII : 	at aauj.b(:com.google.android.gms@252533022@25.25.33 (150400-781214296):30)
07-16 13:37:39.085 29762 30604 E AuthPII : 	at aauh.a(:com.google.android.gms@252533022@25.25.33 (150400-781214296):574)
07-16 13:37:39.085 29762 30604 E AuthPII : 	at aaug.b(:com.google.android.gms@252533022@25.25.33 (150400-781214296):115)
07-16 13:37:39.085 29762 30604 E AuthPII : 	at ulw.h(:com.google.android.gms@252533022@25.25.33 (150400-781214296):494)
07-16 13:37:39.085 29762 30604 E AuthPII : 	at ulw.d(:com.google.android.gms@252533022@25.25.33 (150400-781214296):150)
07-16 13:37:39.085 29762 30604 E AuthPII : 	at ulw.fA(:com.google.android.gms@252533022@25.25.33 (150400-781214296):153)
07-16 13:37:39.085 29762 30604 E AuthPII : 	at tuu.onTransact(:com.google.android.gms@252533022@25.25.33 (150400-781214296):97)
07-16 13:37:39.085 29762 30604 E AuthPII : 	at android.os.Binder.transact(Binder.java:1043)
07-16 13:37:39.085 29762 30604 E AuthPII : 	at bwua.onTransact(:com.google.android.gms@252533022@25.25.33 (150400-781214296):10)
07-16 13:37:39.085 29762 30604 E AuthPII : 	at android.os.Binder.transact(Binder.java:1043)
07-16 13:37:39.085 29762 30604 E AuthPII : 	at bncn.onTransact(:com.google.android.gms@252533022@25.25.33 (150400-781214296):157)
07-16 13:37:39.085 29762 30604 E AuthPII : 	at android.os.Binder.execTransactInternal(Binder.java:1159)
07-16 13:37:39.085 29762 30604 E AuthPII : 	at android.os.Binder.execTransact(Binder.java:1123)
07-16 13:37:39.085 29762 30604 E AuthPII : Message is Long live credential not available.
07-16 13:37:39.085 29762 30604 E AuthPII : avtn: Long live credential not available.
07-16 13:37:39.085 29762 30604 E AuthPII : 	at aaud.a(:com.google.android.gms@252533022@25.25.33 (150400-781214296):1277)
07-16 13:37:39.085 29762 30604 E AuthPII : 	at aauj.b(:com.google.android.gms@252533022@25.25.33 (150400-781214296):30)
07-16 13:37:39.085 29762 30604 E AuthPII : 	at aauh.a(:com.google.android.gms@252533022@25.25.33 (150400-781214296):574)
07-16 13:37:39.085 29762 30604 E AuthPII : 	at aaug.b(:com.google.android.gms@252533022@25.25.33 (150400-781214296):115)
07-16 13:37:39.085 29762 30604 E AuthPII : 	at ulw.h(:com.google.android.gms@252533022@25.25.33 (150400-781214296):494)
07-16 13:37:39.085 29762 30604 E AuthPII : 	at ulw.d(:com.google.android.gms@252533022@25.25.33 (150400-781214296):150)
07-16 13:37:39.085 29762 30604 E AuthPII : 	at ulw.fA(:com.google.android.gms@252533022@25.25.33 (150400-781214296):153)
07-16 13:37:39.085 29762 30604 E AuthPII : 	at tuu.onTransact(:com.google.android.gms@252533022@25.25.33 (150400-781214296):97)
07-16 13:37:39.085 29762 30604 E AuthPII : 	at android.os.Binder.transact(Binder.java:1043)
07-16 13:37:39.085 29762 30604 E AuthPII : 	at bwua.onTransact(:com.google.android.gms@252533022@25.25.33 (150400-781214296):10)
07-16 13:37:39.085 29762 30604 E AuthPII : 	at android.os.Binder.transact(Binder.java:1043)
07-16 13:37:39.085 29762 30604 E AuthPII : 	at bncn.onTransact(:com.google.android.gms@252533022@25.25.33 (150400-781214296):157)
07-16 13:37:39.085 29762 30604 E AuthPII : 	at android.os.Binder.execTransactInternal(Binder.java:1159)
07-16 13:37:39.085 29762 30604 E AuthPII : 	at android.os.Binder.execTransact(Binder.java:1123)
07-16 13:37:39.085 29762 30604 W Auth    : [GetToken] GetToken failed with status code: BadAuthentication  [CONTEXT service_id=343 ]
07-16 13:37:39.094 11096 12747 W Auth    : [GoogleAuthUtil] [GoogleAuthUtil] error status:BAD_AUTHENTICATION with method:getTokenWithDetails
07-16 13:37:39.112 11096 12528 W AsyncOperation: operation=HandleSyncOperation, opStatusCode=38003 [CONTEXT service_id=215 ]
07-16 13:37:39.112 11096 12528 W AsyncOperation: OperationException[Status{statusCode=Sync failed with an authentication error!, resolution=null}]
07-16 13:37:39.112 11096 12528 W AsyncOperation: 	at cjus.f(:com.google.android.gms@252533022@25.25.33 (150400-781214296):567)
07-16 13:37:39.112 11096 12528 W AsyncOperation: 	at cdwr.fK(:com.google.android.gms@252533022@25.25.33 (150400-781214296):1)
07-16 13:37:39.112 11096 12528 W AsyncOperation: 	at cdwv.run(:com.google.android.gms@252533022@25.25.33 (150400-781214296):140)
07-16 13:37:39.112 11096 12528 W AsyncOperation: 	at ewky.run(:com.google.android.gms@252533022@25.25.33 (150400-781214296):21)
07-16 13:37:39.112 11096 12528 W AsyncOperation: 	at awyv.c(:com.google.android.gms@252533022@25.25.33 (150400-781214296):50)
07-16 13:37:39.112 11096 12528 W AsyncOperation: 	at awyv.run(:com.google.android.gms@252533022@25.25.33 (150400-781214296):89)
07-16 13:37:39.112 11096 12528 W AsyncOperation: 	at java.util.concurrent.ThreadPoolExecutor.runWorker(ThreadPoolExecutor.java:1167)
07-16 13:37:39.112 11096 12528 W AsyncOperation: 	at java.util.concurrent.ThreadPoolExecutor$Worker.run(ThreadPoolExecutor.java:641)
07-16 13:37:39.112 11096 12528 W AsyncOperation: 	at axen.run(:com.google.android.gms@252533022@25.25.33 (150400-781214296):8)
07-16 13:37:39.112 11096 12528 W AsyncOperation: 	at java.lang.Thread.run(Thread.java:923)
07-16 13:37:39.112 11096 12528 W AsyncOperation: Caused by: cjuv: gobb: UNAUTHENTICATED
07-16 13:37:39.112 11096 12528 W AsyncOperation: 	at cjqq.a(:com.google.android.gms@252533022@25.25.33 (150400-781214296):82)
07-16 13:37:39.112 11096 12528 W AsyncOperation: 	at cjox.a(:com.google.android.gms@252533022@25.25.33 (150400-781214296):3)
07-16 13:37:39.112 11096 12528 W AsyncOperation: 	at feck.d(:com.google.android.gms@252533022@25.25.33 (150400-781214296):3)
07-16 13:37:39.112 11096 12528 W AsyncOperation: 	at fecm.run(:com.google.android.gms@252533022@25.25.33 (150400-781214296):130)
07-16 13:37:39.112 11096 12528 W AsyncOperation: 	at feeu.execute(:com.google.android.gms@252533022@25.25.33 (150400-781214296):1)
07-16 13:37:39.112 11096 12528 W AsyncOperation: 	at fecv.f(:com.google.android.gms@252533022@25.25.33 (150400-781214296):1)
07-16 13:37:39.112 11096 12528 W AsyncOperation: 	at fecv.m(:com.google.android.gms@252533022@25.25.33 (150400-781214296):99)
07-16 13:37:39.112 11096 12528 W AsyncOperation: 	at fecv.r(:com.google.android.gms@252533022@25.25.33 (150400-781214296):17)
07-16 13:37:39.112 11096 12528 W AsyncOperation: 	at fedi.run(:com.google.android.gms@252533022@25.25.33 (150400-781214296):77)
07-16 13:37:39.112 11096 12528 W AsyncOperation: 	at feeu.execute(:com.google.android.gms@252533022@25.25.33 (150400-781214296):1)
07-16 13:37:39.112 11096 12528 W AsyncOperation: 	at fecv.f(:com.google.android.gms@252533022@25.25.33 (150400-781214296):1)
07-16 13:37:39.112 11096 12528 W AsyncOperation: 	at fecv.m(:com.google.android.gms@252533022@25.25.33 (150400-781214296):99)
07-16 13:37:39.112 11096 12528 W AsyncOperation: 	at fecv.r(:com.google.android.gms@252533022@25.25.33 (150400-781214296):17)
07-16 13:37:39.112 11096 12528 W AsyncOperation: 	at fedi.run(:com.google.android.gms@252533022@25.25.33 (150400-781214296):77)
07-16 13:37:39.112 11096 12528 W AsyncOperation: 	at feeu.execute(:com.google.android.gms@252533022@25.25.33 (150400-781214296):1)
07-16 13:37:39.112 11096 12528 W AsyncOperation: 	at fecv.f(:com.google.android.gms@252533022@25.25.33 (150400-781214296):1)
07-16 13:37:39.112 11096 12528 W AsyncOperation: 	at fecv.m(:com.google.android.gms@252533022@25.25.33 (150400-781214296):99)
07-16 13:37:39.112 11096 12528 W AsyncOperation: 	at fecv.r(:com.google.android.gms@252533022@25.25.33 (150400-781214296):17)
07-16 13:37:39.112 11096 12528 W AsyncOperation: 	at fedi.run(:com.google.android.gms@252533022@25.25.33 (150400-781214296):77)
07-16 13:37:39.112 11096 12528 W AsyncOperation: 	at feeu.execute(:com.google.android.gms@252533022@25.25.33 (150400-781214296):1)
07-16 13:37:39.112 11096 12528 W AsyncOperation: 	at fecv.f(:com.google.android.gms@252533022@25.25.33 (150400-781214296):1)
07-16 13:37:39.112 11096 12528 W AsyncOperation: 	at fecv.m(:com.google.android.gms@252533022@25.25.33 (150400-781214296):99)
07-16 13:37:39.112 11096 12528 W AsyncOperation: 	at fecv.r(:com.google.android.gms@252533022@25.25.33 (150400-781214296):17)
07-16 13:37:39.112 11096 12528 W AsyncOperation: 	at fedi.run(:com.google.android.gms@252533022@25.25.33 (150400-781214296):77)
07-16 13:37:39.112 11096 12528 W AsyncOperation: 	at feeu.execute(:com.google.android.gms@252533022@25.25.33 (150400-781214296):1)
07-16 13:37:39.112 11096 12528 W AsyncOperation: 	at fecv.f(:com.google.android.gms@252533022@25.25.33 (150400-781214296):1)
07-16 13:37:39.112 11096 12528 W AsyncOperation: 	at fecv.m(:com.google.android.gms@252533022@25.25.33 (150400-781214296):99)
07-16 13:37:39.112 11096 12528 W AsyncOperation: 	at fecv.t(:com.google.android.gms@252533022@25.25.33 (150400-781214296):26)
07-16 13:37:39.112 11096 12528 W AsyncOperation: 	at fefr.run(:com.google.android.gms@252533022@25.25.33 (150400-781214296):5)
07-16 13:37:39.112 11096 12528 W AsyncOperation: 	at feeu.execute(:com.google.android.gms@252533022@25.25.33 (150400-781214296):1)
07-16 13:37:39.112 11096 12528 W AsyncOperation: 	at fecv.f(:com.google.android.gms@252533022@25.25.33 (150400-781214296):1)
07-16 13:37:39.112 11096 12528 W AsyncOperation: 	at fecv.m(:com.google.android.gms@252533022@25.25.33 (150400-781214296):99)
07-16 13:37:39.112 11096 12528 W AsyncOperation: 	at fecv.t(:com.google.android.gms@252533022@25.25.33 (150400-781214296):26)
07-16 13:37:39.112 11096 12528 W AsyncOperation: 	at fefr.run(:com.google.android.gms@252533022@25.25.33 (150400-781214296):5)
07-16 13:37:39.112 11096 12528 W AsyncOperation: 	at feeu.execute(:com.google.android.gms@252533022@25.25.33 (150400-781214296):1)
07-16 13:37:39.112 11096 12528 W AsyncOperation: 	at fecv.f(:com.google.android.gms@252533022@25.25.33 (150400-781214296):1)
07-16 13:37:39.112 11096 12528 W AsyncOperation: 	at fecv.m(:com.google.android.gms@252533022@25.25.33 (150400-781214296):99)
07-16 13:37:39.112 11096 12528 W AsyncOperation: 	at fecv.r(:com.google.android.gms@252533022@25.25.33 (150400-781214296):17)
07-16 13:37:39.112 11096 12528 W AsyncOperation: 	at fees.d(:com.google.android.gms@252533022@25.25.33 (150400-781214296):16)
07-16 13:37:39.113 11096 12528 W AsyncOperation: 	at fegg.run(:com.google.android.gms@252533022@25.25.33 (150400-781214296):39)
07-16 13:37:39.113 11096 12528 W AsyncOperation: 	at awyv.c(:com.google.android.gms@252533022@25.25.33 (150400-781214296):50)
07-16 13:37:39.113 11096 12528 W AsyncOperation: 	at awyv.run(:com.google.android.gms@252533022@25.25.33 (150400-781214296):70)
07-16 13:37:39.113 11096 12528 W AsyncOperation: 	... 4 more
07-16 13:37:39.113 11096 12528 W AsyncOperation: Caused by: gobb: UNAUTHENTICATED
07-16 13:37:39.113 11096 12528 W AsyncOperation: 	at gouv.a(:com.google.android.gms@252533022@25.25.33 (150400-781214296):41)
07-16 13:37:39.113 11096 12528 W AsyncOperation: 	at fhrn.f(:com.google.android.gms@252533022@25.25.33 (150400-781214296):93)
07-16 13:37:39.113 11096 12528 W AsyncOperation: 	at fhrn.h(:com.google.android.gms@252533022@25.25.33 (150400-781214296):23)
07-16 13:37:39.113 11096 12528 W AsyncOperation: 	at fhrn.a(:com.google.android.gms@252533022@25.25.33 (150400-781214296):8)
07-16 13:37:39.113 11096 12528 W AsyncOperation: 	at fhrw.run(:com.google.android.gms@252533022@25.25.33 (150400-781214296):9)
07-16 13:37:39.113 11096 12528 W AsyncOperation: 	at fhry.e(:com.google.android.gms@252533022@25.25.33 (150400-781214296):24)
07-16 13:37:39.113 11096 12528 W AsyncOperation: 	at fhry.a(:com.google.android.gms@252533022@25.25.33 (150400-781214296):6)
07-16 13:37:39.113 11096 12528 W AsyncOperation: 	at fhre.run(:com.google.android.gms@252533022@25.25.33 (150400-781214296):14)
07-16 13:37:39.113 11096 12528 W AsyncOperation: 	at fhrb.run(:com.google.android.gms@252533022@25.25.33 (150400-781214296):3)
07-16 13:37:39.113 11096 12528 W AsyncOperation: 	at fegw.run(:com.google.android.gms@252533022@25.25.33 (150400-781214296):3)
07-16 13:37:39.113 11096 12528 W AsyncOperation: 	at fegx.run(:com.google.android.gms@252533022@25.25.33 (150400-781214296):68)
07-16 13:37:39.113 11096 12528 W AsyncOperation: 	at feeu.execute(:com.google.android.gms@252533022@25.25.33 (150400-781214296):1)
07-16 13:37:39.113 11096 12528 W AsyncOperation: 	at fhrj.execute(:com.google.android.gms@252533022@25.25.33 (150400-781214296):3)
07-16 13:37:39.113 11096 12528 W AsyncOperation: 	at fegy.execute(:com.google.android.gms@252533022@25.25.33 (150400-781214296):34)
07-16 13:37:39.113 11096 12528 W AsyncOperation: 	at fhqs.execute(:com.google.android.gms@252533022@25.25.33 (150400-781214296):10)
07-16 13:37:39.113 11096 12528 W AsyncOperation: 	at fhrh.a(:com.google.android.gms@252533022@25.25.33 (150400-781214296):10)
07-16 13:37:39.113 11096 12528 W AsyncOperation: 	at fhrn.f(:com.google.android.gms@252533022@25.25.33 (150400-781214296):93)
07-16 13:37:39.113 11096 12528 W AsyncOperation: 	at fhrn.h(:com.google.android.gms@252533022@25.25.33 (150400-781214296):23)
07-16 13:37:39.113 11096 12528 W AsyncOperation: 	at fhrn.a(:com.google.android.gms@252533022@25.25.33 (150400-781214296):8)
07-16 13:37:39.113 11096 12528 W AsyncOperation: 	at fhrw.run(:com.google.android.gms@252533022@25.25.33 (150400-781214296):9)
07-16 13:37:39.113 11096 12528 W AsyncOperation: 	at fhry.e(:com.google.android.gms@252533022@25.25.33 (150400-781214296):24)
07-16 13:37:39.113 11096 12528 W AsyncOperation: 	at fhry.a(:com.google.android.gms@252533022@25.25.33 (150400-781214296):6)
07-16 13:37:39.113 11096 12528 W AsyncOperation: 	at fhre.run(:com.google.android.gms@252533022@25.25.33 (150400-781214296):14)
07-16 13:37:39.113 11096 12528 W AsyncOperation: 	at fhrb.run(:com.google.android.gms@252533022@25.25.33 (150400-781214296):3)
07-16 13:37:39.113 11096 12528 W AsyncOperation: 	at fegw.run(:com.google.android.gms@252533022@25.25.33 (150400-781214296):3)
07-16 13:37:39.113 11096 12528 W AsyncOperation: 	at fegx.run(:com.google.android.gms@252533022@25.25.33 (150400-781214296):68)
07-16 13:37:39.113 11096 12528 W AsyncOperation: 	at feeu.execute(:com.google.android.gms@252533022@25.25.33 (150400-781214296):1)
07-16 13:37:39.113 11096 12528 W AsyncOperation: 	at fhrj.execute(:com.google.android.gms@252533022@25.25.33 (150400-781214296):3)
07-16 13:37:39.113 11096 12528 W AsyncOperation: 	at fegy.execute(:com.google.android.gms@252533022@25.25.33 (150400-781214296):34)
07-16 13:37:39.113 11096 12528 W AsyncOperation: 	at fhqs.execute(:com.google.android.gms@252533022@25.25.33 (150400-781214296):10)
07-16 13:37:39.113 11096 12528 W AsyncOperation: 	at fhrh.a(:com.google.android.gms@252533022@25.25.33 (150400-781214296):10)
07-16 13:37:39.113 11096 12528 W AsyncOperation: 	at fhrn.f(:com.google.android.gms@252533022@25.25.33 (150400-781214296):93)
07-16 13:37:39.113 11096 12528 W AsyncOperation: 	at fhrn.h(:com.google.android.gms@252533022@25.25.33 (150400-781214296):23)
07-16 13:37:39.113 11096 12528 W AsyncOperation: 	at fhrn.a(:com.google.android.gms@252533022@25.25.33 (150400-781214296):8)
07-16 13:37:39.113 11096 12528 W AsyncOperation: 	at fhrw.run(:com.google.android.gms@252533022@25.25.33 (150400-781214296):9)
