07-16 13:37:42.335 29762 30707 E AuthPII : 	at android.os.Binder.execTransactInternal(Binder.java:1159)
07-16 13:37:42.335 29762 30707 E AuthPII : 	at android.os.Binder.execTransact(Binder.java:1123)
07-16 13:37:42.335 29762 30707 E AuthPII : Message is Long live credential not available.
07-16 13:37:42.335 29762 30707 E AuthPII : avtn: Long live credential not available.
07-16 13:37:42.335 29762 30707 E AuthPII : 	at aaud.a(:com.google.android.gms@252533022@25.25.33 (150400-781214296):1277)
07-16 13:37:42.335 29762 30707 E AuthPII : 	at aauj.b(:com.google.android.gms@252533022@25.25.33 (150400-781214296):30)
07-16 13:37:42.335 29762 30707 E AuthPII : 	at aauh.a(:com.google.android.gms@252533022@25.25.33 (150400-781214296):574)
07-16 13:37:42.335 29762 30707 E AuthPII : 	at aaug.b(:com.google.android.gms@252533022@25.25.33 (150400-781214296):115)
07-16 13:37:42.335 29762 30707 E AuthPII : 	at ulw.h(:com.google.android.gms@252533022@25.25.33 (150400-781214296):494)
07-16 13:37:42.335 29762 30707 E AuthPII : 	at ulw.d(:com.google.android.gms@252533022@25.25.33 (150400-781214296):150)
07-16 13:37:42.335 29762 30707 E AuthPII : 	at ulw.fA(:com.google.android.gms@252533022@25.25.33 (150400-781214296):153)
07-16 13:37:42.335 29762 30707 E AuthPII : 	at tuu.onTransact(:com.google.android.gms@252533022@25.25.33 (150400-781214296):97)
07-16 13:37:42.335 29762 30707 E AuthPII : 	at android.os.Binder.transact(Binder.java:1043)
07-16 13:37:42.335 29762 30707 E AuthPII : 	at bwua.onTransact(:com.google.android.gms@252533022@25.25.33 (150400-781214296):10)
07-16 13:37:42.335 29762 30707 E AuthPII : 	at android.os.Binder.transact(Binder.java:1043)
07-16 13:37:42.335 29762 30707 E AuthPII : 	at bncn.onTransact(:com.google.android.gms@252533022@25.25.33 (150400-781214296):157)
07-16 13:37:42.335 29762 30707 E AuthPII : 	at android.os.Binder.execTransactInternal(Binder.java:1159)
07-16 13:37:42.335 29762 30707 E AuthPII : 	at android.os.Binder.execTransact(Binder.java:1123)
07-16 13:37:42.335 29762 30707 W Auth    : [GetToken] GetToken failed with status code: BadAuthentication  [CONTEXT service_id=343 ]
07-16 13:37:42.354 11096 12673 W Auth    : [GoogleAuthUtil] [GoogleAuthUtil] error status:BAD_AUTHENTICATION with method:getTokenWithDetails
07-16 13:37:42.359  1427  1673 D ConnectivityService: NetReassign [no changes]
07-16 13:37:42.360  7006  7123 I cn_CronetUrlRequestContext: destroyNativeStreamLocked org.chromium.net.impl.CronetBidirectionalStream@28a3d87
07-16 13:37:42.363  1863  3018 D BluetoothAdapterService: startDiscovery
07-16 13:37:42.363  1427  1459 D EventSequenceValidator: onActivityLaunchFinished during UNKNOWN.
07-16 13:37:42.363  1427  1459 D EventSequenceValidator: java.lang.Throwable: EventSequenceValidator#getStackTrace
07-16 13:37:42.363  1427  1459 D EventSequenceValidator: 	at com.google.android.startop.iorap.EventSequenceValidator.logWarningWithStackTrace(EventSequenceValidator.java:260)
07-16 13:37:42.363  1427  1459 D EventSequenceValidator: 	at com.google.android.startop.iorap.EventSequenceValidator.onActivityLaunchFinished(EventSequenceValidator.java:185)
07-16 13:37:42.363  1427  1459 D EventSequenceValidator: 	at com.android.server.wm.LaunchObserverRegistryImpl.handleOnActivityLaunchFinished(LaunchObserverRegistryImpl.java:175)
07-16 13:37:42.363  1427  1459 D EventSequenceValidator: 	at com.android.server.wm.LaunchObserverRegistryImpl.lambda$QcawcFcJtEX4EhYptq_Vb4j368Y(Unknown Source:0)
07-16 13:37:42.363  1427  1459 D EventSequenceValidator: 	at com.android.server.wm.-$$Lambda$LaunchObserverRegistryImpl$QcawcFcJtEX4EhYptq_Vb4j368Y.accept(Unknown Source:10)
07-16 13:37:42.363  1427  1459 D EventSequenceValidator: 	at com.android.internal.util.function.pooled.PooledLambdaImpl.doInvoke(PooledLambdaImpl.java:292)
07-16 13:37:42.363  1427  1459 D EventSequenceValidator: 	at com.android.internal.util.function.pooled.PooledLambdaImpl.invoke(PooledLambdaImpl.java:201)
07-16 13:37:42.363  1427  1459 D EventSequenceValidator: 	at com.android.internal.util.function.pooled.OmniFunction.run(OmniFunction.java:97)
07-16 13:37:42.363  1427  1459 D EventSequenceValidator: 	at android.os.Handler.handleCallback(Handler.java:938)
07-16 13:37:42.363  1427  1459 D EventSequenceValidator: 	at android.os.Handler.dispatchMessage(Handler.java:99)
07-16 13:37:42.363  1427  1459 D EventSequenceValidator: 	at android.os.Looper.loop(Looper.java:223)
07-16 13:37:42.363  1427  1459 D EventSequenceValidator: 	at android.os.HandlerThread.run(HandlerThread.java:67)
07-16 13:37:42.363  1427  1459 D EventSequenceValidator: 	at com.android.server.ServiceThread.run(ServiceThread.java:44)
07-16 13:37:42.363  1427  1459 D EventSequenceValidator: dec AccIntentStartedEvents to 1
07-16 13:37:42.363  1863  2626 W bt_btif : bta_dm_check_av:0
07-16 13:37:42.364  1863  2626 E bt_btif : bte_scan_filt_param_cfg_evt, 23
07-16 13:37:42.372  1427  1464 D ArtManagerInternalImpl: /data/misc/iorapd/com.google.android.videos/439364683/com.google.android.apps.googletv.app.presentation.pages.home.GtvHomePageActivity/compiled_traces/compiled_trace.pb doesn't exist
07-16 13:37:42.373  1427  1464 I ActivityTaskManager: Displayed com.google.android.videos/com.google.android.apps.googletv.app.presentation.pages.home.GtvHomePageActivity: +355ms
07-16 13:37:42.376 29762 30707 E AuthPII : [RequestTokenManager] getToken() -> BAD_AUTHENTICATION. App: com.google.android.gms, Service: oauth2:https://www.googleapis.com/auth/peopleapi.legacy.readwrite https://www.googleapis.com/auth/peopleapi.readonly https://www.googleapis.com/auth/peopleapi.readwrite https://www.googleapis.com/auth/plus.peopleapi.readwrite https://www.googleapis.com/auth/plus.me
07-16 13:37:42.376 29762 30707 E AuthPII : avtn: Long live credential not available.
07-16 13:37:42.376 29762 30707 E AuthPII : 	at aaud.a(:com.google.android.gms@252533022@25.25.33 (150400-781214296):1277)
07-16 13:37:42.376 29762 30707 E AuthPII : 	at aauj.b(:com.google.android.gms@252533022@25.25.33 (150400-781214296):30)
07-16 13:37:42.376 29762 30707 E AuthPII : 	at aauh.a(:com.google.android.gms@252533022@25.25.33 (150400-781214296):574)
07-16 13:37:42.376 29762 30707 E AuthPII : 	at aaug.b(:com.google.android.gms@252533022@25.25.33 (150400-781214296):115)
07-16 13:37:42.376 29762 30707 E AuthPII : 	at ulw.h(:com.google.android.gms@252533022@25.25.33 (150400-781214296):494)
07-16 13:37:42.376 29762 30707 E AuthPII : 	at ulw.d(:com.google.android.gms@252533022@25.25.33 (150400-781214296):150)
07-16 13:37:42.376 29762 30707 E AuthPII : 	at ulw.fA(:com.google.android.gms@252533022@25.25.33 (150400-781214296):153)
07-16 13:37:42.376 29762 30707 E AuthPII : 	at tuu.onTransact(:com.google.android.gms@252533022@25.25.33 (150400-781214296):97)
07-16 13:37:42.376 29762 30707 E AuthPII : 	at android.os.Binder.transact(Binder.java:1043)
07-16 13:37:42.376 29762 30707 E AuthPII : 	at bwua.onTransact(:com.google.android.gms@252533022@25.25.33 (150400-781214296):10)
07-16 13:37:42.376 29762 30707 E AuthPII : 	at android.os.Binder.transact(Binder.java:1043)
07-16 13:37:42.376 29762 30707 E AuthPII : 	at bncn.onTransact(:com.google.android.gms@252533022@25.25.33 (150400-781214296):157)
07-16 13:37:42.376 29762 30707 E AuthPII : 	at android.os.Binder.execTransactInternal(Binder.java:1159)
07-16 13:37:42.376 29762 30707 E AuthPII : 	at android.os.Binder.execTransact(Binder.java:1123)
07-16 13:37:42.376 29762 30707 E AuthPII : Message is Long live credential not available.
07-16 13:37:42.376 29762 30707 E AuthPII : avtn: Long live credential not available.
07-16 13:37:42.376 29762 30707 E AuthPII : 	at aaud.a(:com.google.android.gms@252533022@25.25.33 (150400-781214296):1277)
07-16 13:37:42.376 29762 30707 E AuthPII : 	at aauj.b(:com.google.android.gms@252533022@25.25.33 (150400-781214296):30)
07-16 13:37:42.376 29762 30707 E AuthPII : 	at aauh.a(:com.google.android.gms@252533022@25.25.33 (150400-781214296):574)
07-16 13:37:42.376 29762 30707 E AuthPII : 	at aaug.b(:com.google.android.gms@252533022@25.25.33 (150400-781214296):115)
07-16 13:37:42.376 29762 30707 E AuthPII : 	at ulw.h(:com.google.android.gms@252533022@25.25.33 (150400-781214296):494)
07-16 13:37:42.376 29762 30707 E AuthPII : 	at ulw.d(:com.google.android.gms@252533022@25.25.33 (150400-781214296):150)
07-16 13:37:42.376 29762 30707 E AuthPII : 	at ulw.fA(:com.google.android.gms@252533022@25.25.33 (150400-781214296):153)
07-16 13:37:42.376 29762 30707 E AuthPII : 	at tuu.onTransact(:com.google.android.gms@252533022@25.25.33 (150400-781214296):97)
07-16 13:37:42.376 29762 30707 E AuthPII : 	at android.os.Binder.transact(Binder.java:1043)
07-16 13:37:42.376 29762 30707 E AuthPII : 	at bwua.onTransact(:com.google.android.gms@252533022@25.25.33 (150400-781214296):10)
07-16 13:37:42.376 29762 30707 E AuthPII : 	at android.os.Binder.transact(Binder.java:1043)
07-16 13:37:42.376 29762 30707 E AuthPII : 	at bncn.onTransact(:com.google.android.gms@252533022@25.25.33 (150400-781214296):157)
07-16 13:37:42.376 29762 30707 E AuthPII : 	at android.os.Binder.execTransactInternal(Binder.java:1159)
07-16 13:37:42.376 29762 30707 E AuthPII : 	at android.os.Binder.execTransact(Binder.java:1123)
07-16 13:37:42.377 29762 30707 W Auth    : [GetToken] GetToken failed with status code: BadAuthentication  [CONTEXT service_id=343 ]
07-16 13:37:42.392 29762 29762 W DiscoveryManager: BroadcastReceiver is already registered
07-16 13:37:42.392 29762 12759 I DiscoveryManager: Filter criteria(CFE7FEDA,F40BF0CE,%urn:x-cast:com.google.cast.media) scannerFlags(0)
07-16 13:37:42.402 11096 11797 W Auth    : [GoogleAuthUtil] [GoogleAuthUtil] error status:BAD_AUTHENTICATION with method:getTokenWithDetails
07-16 13:37:42.402 29762 29762 I CastMediaRouteProvider: Published 1 routes
07-16 13:37:42.405 29762 29782 E AuthPII : [RequestTokenManager] getToken() -> BAD_AUTHENTICATION. App: com.google.android.gms, Service: oauth2:https://www.googleapis.com/auth/userinfo.email https://www.googleapis.com/auth/account.capabilities https://www.googleapis.com/auth/account.service_flags
07-16 13:37:42.405 29762 29782 E AuthPII : avtn: Long live credential not available.
07-16 13:37:42.405 29762 29782 E AuthPII : 	at aaud.a(:com.google.android.gms@252533022@25.25.33 (150400-781214296):1277)
07-16 13:37:42.405 29762 29782 E AuthPII : 	at aauj.b(:com.google.android.gms@252533022@25.25.33 (150400-781214296):30)
07-16 13:37:42.405 29762 29782 E AuthPII : 	at aauh.a(:com.google.android.gms@252533022@25.25.33 (150400-781214296):574)
07-16 13:37:42.405 29762 29782 E AuthPII : 	at aafs.b(:com.google.android.gms@252533022@25.25.33 (150400-781214296):227)
07-16 13:37:42.405 29762 29782 E AuthPII : 	at aaft.a(:com.google.android.gms@252533022@25.25.33 (150400-781214296):23)
07-16 13:37:42.405 29762 29782 E AuthPII : 	at aagn.b(:com.google.android.gms@252533022@25.25.33 (150400-781214296):14)
07-16 13:37:42.405 29762 29782 E AuthPII : 	at aagk.b(:com.google.android.gms@252533022@25.25.33 (150400-781214296):182)
07-16 13:37:42.405 29762 29782 E AuthPII : 	at ulw.a(:com.google.android.gms@252533022@25.25.33 (150400-781214296):30)
07-16 13:37:42.405 29762 29782 E AuthPII : 	at ulw.fA(:com.google.android.gms@252533022@25.25.33 (150400-781214296):54)
07-16 13:37:42.405 29762 29782 E AuthPII : 	at tuu.onTransact(:com.google.android.gms@252533022@25.25.33 (150400-781214296):97)
07-16 13:37:42.405 29762 29782 E AuthPII : 	at android.os.Binder.transact(Binder.java:1043)
07-16 13:37:42.405 29762 29782 E AuthPII : 	at bwua.onTransact(:com.google.android.gms@252533022@25.25.33 (150400-781214296):10)
07-16 13:37:42.405 29762 29782 E AuthPII : 	at android.os.Binder.transact(Binder.java:1043)
07-16 13:37:42.405 29762 29782 E AuthPII : 	at bncn.onTransact(:com.google.android.gms@252533022@25.25.33 (150400-781214296):157)
07-16 13:37:42.405 29762 29782 E AuthPII : 	at android.os.Binder.execTransactInternal(Binder.java:1159)
07-16 13:37:42.405 29762 29782 E AuthPII : 	at android.os.Binder.execTransact(Binder.java:1123)
07-16 13:37:42.405 29762 29782 E AuthPII : Message is Long live credential not available.
07-16 13:37:42.405 29762 29782 E AuthPII : avtn: Long live credential not available.
07-16 13:37:42.405 29762 29782 E AuthPII : 	at aaud.a(:com.google.android.gms@252533022@25.25.33 (150400-781214296):1277)
07-16 13:37:42.405 29762 29782 E AuthPII : 	at aauj.b(:com.google.android.gms@252533022@25.25.33 (150400-781214296):30)
07-16 13:37:42.405 29762 29782 E AuthPII : 	at aauh.a(:com.google.android.gms@252533022@25.25.33 (150400-781214296):574)
07-16 13:37:42.405 29762 29782 E AuthPII : 	at aafs.b(:com.google.android.gms@252533022@25.25.33 (150400-781214296):227)
07-16 13:37:42.405 29762 29782 E AuthPII : 	at aaft.a(:com.google.android.gms@252533022@25.25.33 (150400-781214296):23)
07-16 13:37:42.405 29762 29782 E AuthPII : 	at aagn.b(:com.google.android.gms@252533022@25.25.33 (150400-781214296):14)
07-16 13:37:42.405 29762 29782 E AuthPII : 	at aagk.b(:com.google.android.gms@252533022@25.25.33 (150400-781214296):182)
07-16 13:37:42.405 29762 29782 E AuthPII : 	at ulw.a(:com.google.android.gms@252533022@25.25.33 (150400-781214296):30)
07-16 13:37:42.405 29762 29782 E AuthPII : 	at ulw.fA(:com.google.android.gms@252533022@25.25.33 (150400-781214296):54)
07-16 13:37:42.405 29762 29782 E AuthPII : 	at tuu.onTransact(:com.google.android.gms@252533022@25.25.33 (150400-781214296):97)
07-16 13:37:42.405 29762 29782 E AuthPII : 	at android.os.Binder.transact(Binder.java:1043)
07-16 13:37:42.405 29762 29782 E AuthPII : 	at bwua.onTransact(:com.google.android.gms@252533022@25.25.33 (150400-781214296):10)
07-16 13:37:42.405 29762 29782 E AuthPII : 	at android.os.Binder.transact(Binder.java:1043)
07-16 13:37:42.405 29762 29782 E AuthPII : 	at bncn.onTransact(:com.google.android.gms@252533022@25.25.33 (150400-781214296):157)
07-16 13:37:42.405 29762 29782 E AuthPII : 	at android.os.Binder.execTransactInternal(Binder.java:1159)
07-16 13:37:42.405 29762 29782 E AuthPII : 	at android.os.Binder.execTransact(Binder.java:1123)
07-16 13:37:42.406 29762 29782 W Auth    : [AccountStateSyncher] Unable to look up account state from server: couldn't fetch accessToken [CONTEXT service_id=343 ]
07-16 13:37:42.409 29293 29293 I GoogleInputMethodService: GoogleInputMethodService.onFinishInput():1984 
07-16 13:37:42.409 29293 29293 I Module  : DeviceLockedStatusModuleProvider$Module.updateDeviceLockedStatus():100 repeatCheckTimes = 0, locked = false
07-16 13:37:42.410 29293 29293 I GoogleInputMethodService: GoogleInputMethodService.onStartInput():1248 onStartInput(EditorInfo{EditorInfo{packageName=com.google.android.videos, inputType=0, inputTypeString=NULL, enableLearning=false, autoCorrection=false, autoComplete=false, imeOptions=0, privateImeOptions=null, actionName=UNSPECIFIED, actionLabel=null, initialSelStart=-1, initialSelEnd=-1, initialCapsMode=0, label=null, fieldId=-1, fieldName=null, extras=null, hintText=null, hintLocales=[]}}, false)
07-16 13:37:42.411 29293 29293 I Module  : DeviceLockedStatusModuleProvider$Module.updateDeviceLockedStatus():100 repeatCheckTimes = 1, locked = false
07-16 13:37:42.411  1427  2650 I WifiService: releaseMulticastLock uid=10108
07-16 13:37:42.414 29762 29782 E AuthPII : [RequestTokenManager] getToken() -> BAD_AUTHENTICATION. App: com.google.android.gms, Service: oauth2:https://www.googleapis.com/auth/userinfo.email https://www.googleapis.com/auth/account.capabilities https://www.googleapis.com/auth/account.service_flags
07-16 13:37:42.414 29762 29782 E AuthPII : avtn: Long live credential not available.
07-16 13:37:42.414 29762 29782 E AuthPII : 	at aaud.a(:com.google.android.gms@252533022@25.25.33 (150400-781214296):1277)
07-16 13:37:42.414 29762 29782 E AuthPII : 	at aauj.b(:com.google.android.gms@252533022@25.25.33 (150400-781214296):30)
07-16 13:37:42.414 29762 29782 E AuthPII : 	at aauh.a(:com.google.android.gms@252533022@25.25.33 (150400-781214296):574)
07-16 13:37:42.414 29762 29782 E AuthPII : 	at aafs.b(:com.google.android.gms@252533022@25.25.33 (150400-781214296):227)
07-16 13:37:42.414 29762 29782 E AuthPII : 	at aaft.a(:com.google.android.gms@252533022@25.25.33 (150400-781214296):23)
07-16 13:37:42.414 29762 29782 E AuthPII : 	at aagn.b(:com.google.android.gms@252533022@25.25.33 (150400-781214296):14)
07-16 13:37:42.414 29762 29782 E AuthPII : 	at aagk.b(:com.google.android.gms@252533022@25.25.33 (150400-781214296):182)
07-16 13:37:42.414 29762 29782 E AuthPII : 	at ulw.a(:com.google.android.gms@252533022@25.25.33 (150400-781214296):30)
07-16 13:37:42.414 29762 29782 E AuthPII : 	at ulw.fA(:com.google.android.gms@252533022@25.25.33 (150400-781214296):54)
07-16 13:37:42.414 29762 29782 E AuthPII : 	at tuu.onTransact(:com.google.android.gms@252533022@25.25.33 (150400-781214296):97)
07-16 13:37:42.414 29762 29782 E AuthPII : 	at android.os.Binder.transact(Binder.java:1043)
07-16 13:37:42.414 29762 29782 E AuthPII : 	at bwua.onTransact(:com.google.android.gms@252533022@25.25.33 (150400-781214296):10)
07-16 13:37:42.414 29762 29782 E AuthPII : 	at android.os.Binder.transact(Binder.java:1043)
07-16 13:37:42.414 29762 29782 E AuthPII : 	at bncn.onTransact(:com.google.android.gms@252533022@25.25.33 (150400-781214296):157)
07-16 13:37:42.414 29762 29782 E AuthPII : 	at android.os.Binder.execTransactInternal(Binder.java:1159)
07-16 13:37:42.414 29762 29782 E AuthPII : 	at android.os.Binder.execTransact(Binder.java:1123)
07-16 13:37:42.414 29762 29782 E AuthPII : Message is Long live credential not available.
07-16 13:37:42.414 29762 29782 E AuthPII : avtn: Long live credential not available.
07-16 13:37:42.414 29762 29782 E AuthPII : 	at aaud.a(:com.google.android.gms@252533022@25.25.33 (150400-781214296):1277)
07-16 13:37:42.414 29762 29782 E AuthPII : 	at aauj.b(:com.google.android.gms@252533022@25.25.33 (150400-781214296):30)
07-16 13:37:42.414 29762 29782 E AuthPII : 	at aauh.a(:com.google.android.gms@252533022@25.25.33 (150400-781214296):574)
07-16 13:37:42.414 29762 29782 E AuthPII : 	at aafs.b(:com.google.android.gms@252533022@25.25.33 (150400-781214296):227)
07-16 13:37:42.414 29762 29782 E AuthPII : 	at aaft.a(:com.google.android.gms@252533022@25.25.33 (150400-781214296):23)
07-16 13:37:42.414 29762 29782 E AuthPII : 	at aagn.b(:com.google.android.gms@252533022@25.25.33 (150400-781214296):14)
07-16 13:37:42.414 29762 29782 E AuthPII : 	at aagk.b(:com.google.android.gms@252533022@25.25.33 (150400-781214296):182)
07-16 13:37:42.414 29762 29782 E AuthPII : 	at ulw.a(:com.google.android.gms@252533022@25.25.33 (150400-781214296):30)
07-16 13:37:42.414 29762 29782 E AuthPII : 	at ulw.fA(:com.google.android.gms@252533022@25.25.33 (150400-781214296):54)
07-16 13:37:42.414 29762 29782 E AuthPII : 	at tuu.onTransact(:com.google.android.gms@252533022@25.25.33 (150400-781214296):97)
07-16 13:37:42.414 29762 29782 E AuthPII : 	at android.os.Binder.transact(Binder.java:1043)
07-16 13:37:42.414 29762 29782 E AuthPII : 	at bwua.onTransact(:com.google.android.gms@252533022@25.25.33 (150400-781214296):10)
07-16 13:37:42.414 29762 29782 E AuthPII : 	at android.os.Binder.transact(Binder.java:1043)
07-16 13:37:42.414 29762 29782 E AuthPII : 	at bncn.onTransact(:com.google.android.gms@252533022@25.25.33 (150400-781214296):157)
07-16 13:37:42.414 29762 29782 E AuthPII : 	at android.os.Binder.execTransactInternal(Binder.java:1159)
07-16 13:37:42.414 29762 29782 E AuthPII : 	at android.os.Binder.execTransact(Binder.java:1123)
07-16 13:37:42.414 29762 29782 W Auth    : [AccountStateSyncher] Unable to look up account state from server: couldn't fetch accessToken [CONTEXT service_id=343 ]
07-16 13:37:42.416 29762 30707 E AuthPII : [RequestTokenManager] getToken() -> BAD_AUTHENTICATION. App: com.google.android.gms, Service: oauth2:https://www.googleapis.com/auth/userinfo.email https://www.googleapis.com/auth/account.capabilities https://www.googleapis.com/auth/account.service_flags
07-16 13:37:42.416 29762 30707 E AuthPII : avtn: Long live credential not available.
07-16 13:37:42.416 29762 30707 E AuthPII : 	at aaud.a(:com.google.android.gms@252533022@25.25.33 (150400-781214296):1277)
07-16 13:37:42.416 29762 30707 E AuthPII : 	at aauj.b(:com.google.android.gms@252533022@25.25.33 (150400-781214296):30)
07-16 13:37:42.416 29762 30707 E AuthPII : 	at aauh.a(:com.google.android.gms@252533022@25.25.33 (150400-781214296):574)
07-16 13:37:42.416 29762 30707 E AuthPII : 	at aafs.b(:com.google.android.gms@252533022@25.25.33 (150400-781214296):227)
07-16 13:37:42.416 29762 30707 E AuthPII : 	at aaft.a(:com.google.android.gms@252533022@25.25.33 (150400-781214296):23)
07-16 13:37:42.416 29762 30707 E AuthPII : 	at aagn.b(:com.google.android.gms@252533022@25.25.33 (150400-781214296):14)
07-16 13:37:42.416 29762 30707 E AuthPII : 	at aagk.b(:com.google.android.gms@252533022@25.25.33 (150400-781214296):182)
07-16 13:37:42.416 29762 30707 E AuthPII : 	at ulw.a(:com.google.android.gms@252533022@25.25.33 (150400-781214296):30)
07-16 13:37:42.416 29762 30707 E AuthPII : 	at ulw.fA(:com.google.android.gms@252533022@25.25.33 (150400-781214296):54)
07-16 13:37:42.416 29762 30707 E AuthPII : 	at tuu.onTransact(:com.google.android.gms@252533022@25.25.33 (150400-781214296):97)
07-16 13:37:42.416 29762 30707 E AuthPII : 	at android.os.Binder.transact(Binder.java:1043)
07-16 13:37:42.416 29762 30707 E AuthPII : 	at bwua.onTransact(:com.google.android.gms@252533022@25.25.33 (150400-781214296):10)
07-16 13:37:42.416 29762 30707 E AuthPII : 	at android.os.Binder.transact(Binder.java:1043)
07-16 13:37:42.416 29762 30707 E AuthPII : 	at bncn.onTransact(:com.google.android.gms@252533022@25.25.33 (150400-781214296):157)
07-16 13:37:42.416 29762 30707 E AuthPII : 	at android.os.Binder.execTransactInternal(Binder.java:1159)
07-16 13:37:42.416 29762 30707 E AuthPII : 	at android.os.Binder.execTransact(Binder.java:1123)
07-16 13:37:42.416 29762 30707 E AuthPII : Message is Long live credential not available.
07-16 13:37:42.416 29762 30707 E AuthPII : avtn: Long live credential not available.
07-16 13:37:42.416 29762 30707 E AuthPII : 	at aaud.a(:com.google.android.gms@252533022@25.25.33 (150400-781214296):1277)
07-16 13:37:42.416 29762 30707 E AuthPII : 	at aauj.b(:com.google.android.gms@252533022@25.25.33 (150400-781214296):30)
07-16 13:37:42.416 29762 30707 E AuthPII : 	at aauh.a(:com.google.android.gms@252533022@25.25.33 (150400-781214296):574)
07-16 13:37:42.416 29762 30707 E AuthPII : 	at aafs.b(:com.google.android.gms@252533022@25.25.33 (150400-781214296):227)
07-16 13:37:42.416 29762 30707 E AuthPII : 	at aaft.a(:com.google.android.gms@252533022@25.25.33 (150400-781214296):23)
07-16 13:37:42.416 29762 30707 E AuthPII : 	at aagn.b(:com.google.android.gms@252533022@25.25.33 (150400-781214296):14)
07-16 13:37:42.416 29762 30707 E AuthPII : 	at aagk.b(:com.google.android.gms@252533022@25.25.33 (150400-781214296):182)
07-16 13:37:42.416 29762 30707 E AuthPII : 	at ulw.a(:com.google.android.gms@252533022@25.25.33 (150400-781214296):30)
07-16 13:37:42.416 29762 30707 E AuthPII : 	at ulw.fA(:com.google.android.gms@252533022@25.25.33 (150400-781214296):54)
07-16 13:37:42.416 29762 30707 E AuthPII : 	at tuu.onTransact(:com.google.android.gms@252533022@25.25.33 (150400-781214296):97)
07-16 13:37:42.416 29762 30707 E AuthPII : 	at android.os.Binder.transact(Binder.java:1043)
07-16 13:37:42.416 29762 30707 E AuthPII : 	at bwua.onTransact(:com.google.android.gms@252533022@25.25.33 (150400-781214296):10)
07-16 13:37:42.416 29762 30707 E AuthPII : 	at android.os.Binder.transact(Binder.java:1043)
07-16 13:37:42.416 29762 30707 E AuthPII : 	at bncn.onTransact(:com.google.android.gms@252533022@25.25.33 (150400-781214296):157)
07-16 13:37:42.416 29762 30707 E AuthPII : 	at android.os.Binder.execTransactInternal(Binder.java:1159)
07-16 13:37:42.416 29762 30707 E AuthPII : 	at android.os.Binder.execTransact(Binder.java:1123)
07-16 13:37:42.416 29762 30707 W Auth    : [AccountStateSyncher] Unable to look up account state from server: couldn't fetch accessToken [CONTEXT service_id=343 ]
07-16 13:37:42.419 29762 29782 E AuthPII : [RequestTokenManager] getToken() -> BAD_AUTHENTICATION. App: com.google.android.gms, Service: oauth2:https://www.googleapis.com/auth/userinfo.email https://www.googleapis.com/auth/account.capabilities https://www.googleapis.com/auth/account.service_flags
07-16 13:37:42.419 29762 29782 E AuthPII : avtn: Long live credential not available.
07-16 13:37:42.419 29762 29782 E AuthPII : 	at aaud.a(:com.google.android.gms@252533022@25.25.33 (150400-781214296):1277)
07-16 13:37:42.419 29762 29782 E AuthPII : 	at aauj.b(:com.google.android.gms@252533022@25.25.33 (150400-781214296):30)
07-16 13:37:42.419 29762 29782 E AuthPII : 	at aauh.a(:com.google.android.gms@252533022@25.25.33 (150400-781214296):574)
07-16 13:37:42.419 29762 29782 E AuthPII : 	at aafs.b(:com.google.android.gms@252533022@25.25.33 (150400-781214296):227)
07-16 13:37:42.419 29762 29782 E AuthPII : 	at aaft.a(:com.google.android.gms@252533022@25.25.33 (150400-781214296):23)
07-16 13:37:42.419 29762 29782 E AuthPII : 	at aagn.b(:com.google.android.gms@252533022@25.25.33 (150400-781214296):14)
07-16 13:37:42.419 29762 29782 E AuthPII : 	at aagk.b(:com.google.android.gms@252533022@25.25.33 (150400-781214296):182)
07-16 13:37:42.419 29762 29782 E AuthPII : 	at ulw.a(:com.google.android.gms@252533022@25.25.33 (150400-781214296):30)
07-16 13:37:42.419 29762 29782 E AuthPII : 	at ulw.fA(:com.google.android.gms@252533022@25.25.33 (150400-781214296):54)
07-16 13:37:42.419 29762 29782 E AuthPII : 	at tuu.onTransact(:com.google.android.gms@252533022@25.25.33 (150400-781214296):97)
07-16 13:37:42.419 29762 29782 E AuthPII : 	at android.os.Binder.transact(Binder.java:1043)
07-16 13:37:42.419 29762 29782 E AuthPII : 	at bwua.onTransact(:com.google.android.gms@252533022@25.25.33 (150400-781214296):10)
07-16 13:37:42.419 29762 29782 E AuthPII : 	at android.os.Binder.transact(Binder.java:1043)
07-16 13:37:42.419 29762 29782 E AuthPII : 	at bncn.onTransact(:com.google.android.gms@252533022@25.25.33 (150400-781214296):157)
07-16 13:37:42.419 29762 29782 E AuthPII : 	at android.os.Binder.execTransactInternal(Binder.java:1159)
07-16 13:37:42.419 29762 29782 E AuthPII : 	at android.os.Binder.execTransact(Binder.java:1123)
07-16 13:37:42.419 29762 29782 E AuthPII : Message is Long live credential not available.
07-16 13:37:42.419 29762 29782 E AuthPII : avtn: Long live credential not available.
07-16 13:37:42.419 29762 29782 E AuthPII : 	at aaud.a(:com.google.android.gms@252533022@25.25.33 (150400-781214296):1277)
07-16 13:37:42.419 29762 29782 E AuthPII : 	at aauj.b(:com.google.android.gms@252533022@25.25.33 (150400-781214296):30)
07-16 13:37:42.419 29762 29782 E AuthPII : 	at aauh.a(:com.google.android.gms@252533022@25.25.33 (150400-781214296):574)
07-16 13:37:42.419 29762 29782 E AuthPII : 	at aafs.b(:com.google.android.gms@252533022@25.25.33 (150400-781214296):227)
07-16 13:37:42.419 29762 29782 E AuthPII : 	at aaft.a(:com.google.android.gms@252533022@25.25.33 (150400-781214296):23)
07-16 13:37:42.419 29762 29782 E AuthPII : 	at aagn.b(:com.google.android.gms@252533022@25.25.33 (150400-781214296):14)
07-16 13:37:42.419 29762 29782 E AuthPII : 	at aagk.b(:com.google.android.gms@252533022@25.25.33 (150400-781214296):182)
07-16 13:37:42.419 29762 29782 E AuthPII : 	at ulw.a(:com.google.android.gms@252533022@25.25.33 (150400-781214296):30)
07-16 13:37:42.419 29762 29782 E AuthPII : 	at ulw.fA(:com.google.android.gms@252533022@25.25.33 (150400-781214296):54)
07-16 13:37:42.419 29762 29782 E AuthPII : 	at tuu.onTransact(:com.google.android.gms@252533022@25.25.33 (150400-781214296):97)
07-16 13:37:42.419 29762 29782 E AuthPII : 	at android.os.Binder.transact(Binder.java:1043)
07-16 13:37:42.419 29762 29782 E AuthPII : 	at bwua.onTransact(:com.google.android.gms@252533022@25.25.33 (150400-781214296):10)
07-16 13:37:42.419 29762 29782 E AuthPII : 	at android.os.Binder.transact(Binder.java:1043)
07-16 13:37:42.419 29762 29782 E AuthPII : 	at bncn.onTransact(:com.google.android.gms@252533022@25.25.33 (150400-781214296):157)
07-16 13:37:42.419 29762 29782 E AuthPII : 	at android.os.Binder.execTransactInternal(Binder.java:1159)
07-16 13:37:42.419 29762 29782 E AuthPII : 	at android.os.Binder.execTransact(Binder.java:1123)
07-16 13:37:42.419 29762 29782 W Auth    : [AccountStateSyncher] Unable to look up account state from server: couldn't fetch accessToken [CONTEXT service_id=343 ]
07-16 13:37:42.420  1427  3001 I WifiService: acquireMulticastLock uid=10108
07-16 13:37:42.425 11096 12528 W AsyncOperation: operation=HandleSyncOperation, opStatusCode=38003 [CONTEXT service_id=215 ]
07-16 13:37:42.425 11096 12528 W AsyncOperation: OperationException[Status{statusCode=Sync failed with an authentication error!, resolution=null}]
07-16 13:37:42.425 11096 12528 W AsyncOperation: 	at cjus.f(:com.google.android.gms@252533022@25.25.33 (150400-781214296):567)
07-16 13:37:42.425 11096 12528 W AsyncOperation: 	at cdwr.fK(:com.google.android.gms@252533022@25.25.33 (150400-781214296):1)
07-16 13:37:42.425 11096 12528 W AsyncOperation: 	at cdwv.run(:com.google.android.gms@252533022@25.25.33 (150400-781214296):140)
07-16 13:37:42.425 11096 12528 W AsyncOperation: 	at ewky.run(:com.google.android.gms@252533022@25.25.33 (150400-781214296):21)
07-16 13:37:42.425 11096 12528 W AsyncOperation: 	at awyv.c(:com.google.android.gms@252533022@25.25.33 (150400-781214296):50)
07-16 13:37:42.425 11096 12528 W AsyncOperation: 	at awyv.run(:com.google.android.gms@252533022@25.25.33 (150400-781214296):89)
07-16 13:37:42.425 11096 12528 W AsyncOperation: 	at java.util.concurrent.ThreadPoolExecutor.runWorker(ThreadPoolExecutor.java:1167)
07-16 13:37:42.425 11096 12528 W AsyncOperation: 	at java.util.concurrent.ThreadPoolExecutor$Worker.run(ThreadPoolExecutor.java:641)
07-16 13:37:42.425 11096 12528 W AsyncOperation: 	at axen.run(:com.google.android.gms@252533022@25.25.33 (150400-781214296):8)
07-16 13:37:42.425 11096 12528 W AsyncOperation: 	at java.lang.Thread.run(Thread.java:923)
07-16 13:37:42.425 11096 12528 W AsyncOperation: Caused by: cjuv: gobb: UNAUTHENTICATED
07-16 13:37:42.425 11096 12528 W AsyncOperation: 	at cjqq.a(:com.google.android.gms@252533022@25.25.33 (150400-781214296):82)
07-16 13:37:42.425 11096 12528 W AsyncOperation: 	at cjox.a(:com.google.android.gms@252533022@25.25.33 (150400-781214296):3)
07-16 13:37:42.425 11096 12528 W AsyncOperation: 	at feck.d(:com.google.android.gms@252533022@25.25.33 (150400-781214296):3)
07-16 13:37:42.425 11096 12528 W AsyncOperation: 	at fecm.run(:com.google.android.gms@252533022@25.25.33 (150400-781214296):130)
07-16 13:37:42.425 11096 12528 W AsyncOperation: 	at feeu.execute(:com.google.android.gms@252533022@25.25.33 (150400-781214296):1)
07-16 13:37:42.425 11096 12528 W AsyncOperation: 	at fecv.f(:com.google.android.gms@252533022@25.25.33 (150400-781214296):1)
07-16 13:37:42.425 11096 12528 W AsyncOperation: 	at fecv.m(:com.google.android.gms@252533022@25.25.33 (150400-781214296):99)
07-16 13:37:42.425 11096 12528 W AsyncOperation: 	at fecv.r(:com.google.android.gms@252533022@25.25.33 (150400-781214296):17)
07-16 13:37:42.425 11096 12528 W AsyncOperation: 	at fedi.run(:com.google.android.gms@252533022@25.25.33 (150400-781214296):77)
07-16 13:37:42.425 11096 12528 W AsyncOperation: 	at feeu.execute(:com.google.android.gms@252533022@25.25.33 (150400-781214296):1)
07-16 13:37:42.425 11096 12528 W AsyncOperation: 	at fecv.f(:com.google.android.gms@252533022@25.25.33 (150400-781214296):1)
07-16 13:37:42.425 11096 12528 W AsyncOperation: 	at fecv.m(:com.google.android.gms@252533022@25.25.33 (150400-781214296):99)
07-16 13:37:42.425 11096 12528 W AsyncOperation: 	at fecv.r(:com.google.android.gms@252533022@25.25.33 (150400-781214296):17)
07-16 13:37:42.425 11096 12528 W AsyncOperation: 	at fedi.run(:com.google.android.gms@252533022@25.25.33 (150400-781214296):77)
07-16 13:37:42.425 11096 12528 W AsyncOperation: 	at feeu.execute(:com.google.android.gms@252533022@25.25.33 (150400-781214296):1)
07-16 13:37:42.425 11096 12528 W AsyncOperation: 	at fecv.f(:com.google.android.gms@252533022@25.25.33 (150400-781214296):1)
07-16 13:37:42.425 11096 12528 W AsyncOperation: 	at fecv.m(:com.google.android.gms@252533022@25.25.33 (150400-781214296):99)
07-16 13:37:42.425 11096 12528 W AsyncOperation: 	at fecv.r(:com.google.android.gms@252533022@25.25.33 (150400-781214296):17)
07-16 13:37:42.425 11096 12528 W AsyncOperation: 	at fedi.run(:com.google.android.gms@252533022@25.25.33 (150400-781214296):77)
07-16 13:37:42.425 11096 12528 W AsyncOperation: 	at feeu.execute(:com.google.android.gms@252533022@25.25.33 (150400-781214296):1)
07-16 13:37:42.425 11096 12528 W AsyncOperation: 	at fecv.f(:com.google.android.gms@252533022@25.25.33 (150400-781214296):1)
07-16 13:37:42.425 11096 12528 W AsyncOperation: 	at fecv.m(:com.google.android.gms@252533022@25.25.33 (150400-781214296):99)
07-16 13:37:42.425 11096 12528 W AsyncOperation: 	at fecv.r(:com.google.android.gms@252533022@25.25.33 (150400-781214296):17)
07-16 13:37:42.425 11096 12528 W AsyncOperation: 	at fedi.run(:com.google.android.gms@252533022@25.25.33 (150400-781214296):77)
07-16 13:37:42.425 11096 12528 W AsyncOperation: 	at feeu.execute(:com.google.android.gms@252533022@25.25.33 (150400-781214296):1)
07-16 13:37:42.425 11096 12528 W AsyncOperation: 	at fecv.f(:com.google.android.gms@252533022@25.25.33 (150400-781214296):1)
07-16 13:37:42.425 11096 12528 W AsyncOperation: 	at fecv.m(:com.google.android.gms@252533022@25.25.33 (150400-781214296):99)
07-16 13:37:42.425 11096 12528 W AsyncOperation: 	at fecv.t(:com.google.android.gms@252533022@25.25.33 (150400-781214296):26)
07-16 13:37:42.425 11096 12528 W AsyncOperation: 	at fefr.run(:com.google.android.gms@252533022@25.25.33 (150400-781214296):5)
07-16 13:37:42.425 11096 12528 W AsyncOperation: 	at feeu.execute(:com.google.android.gms@252533022@25.25.33 (150400-781214296):1)
07-16 13:37:42.425 11096 12528 W AsyncOperation: 	at fecv.f(:com.google.android.gms@252533022@25.25.33 (150400-781214296):1)
07-16 13:37:42.425 11096 12528 W AsyncOperation: 	at fecv.m(:com.google.android.gms@252533022@25.25.33 (150400-781214296):99)
07-16 13:37:42.425 11096 12528 W AsyncOperation: 	at fecv.t(:com.google.android.gms@252533022@25.25.33 (150400-781214296):26)
07-16 13:37:42.425 11096 12528 W AsyncOperation: 	at fefr.run(:com.google.android.gms@252533022@25.25.33 (150400-781214296):5)
07-16 13:37:42.425 11096 12528 W AsyncOperation: 	at feeu.execute(:com.google.android.gms@252533022@25.25.33 (150400-781214296):1)
07-16 13:37:42.425 11096 12528 W AsyncOperation: 	at fecv.f(:com.google.android.gms@252533022@25.25.33 (150400-781214296):1)
07-16 13:37:42.425 11096 12528 W AsyncOperation: 	at fecv.m(:com.google.android.gms@252533022@25.25.33 (150400-781214296):99)
07-16 13:37:42.425 11096 12528 W AsyncOperation: 	at fecv.r(:com.google.android.gms@252533022@25.25.33 (150400-781214296):17)
07-16 13:37:42.425 11096 12528 W AsyncOperation: 	at fees.d(:com.google.android.gms@252533022@25.25.33 (150400-781214296):16)
07-16 13:37:42.425 29762 30707 E AuthPII : [RequestTokenManager] getToken() -> BAD_AUTHENTICATION. App: com.google.android.gms, Service: oauth2:https://www.googleapis.com/auth/userinfo.email https://www.googleapis.com/auth/account.capabilities https://www.googleapis.com/auth/account.service_flags
07-16 13:37:42.425 29762 30707 E AuthPII : avtn: Long live credential not available.
07-16 13:37:42.425 29762 30707 E AuthPII : 	at aaud.a(:com.google.android.gms@252533022@25.25.33 (150400-781214296):1277)
07-16 13:37:42.425 29762 30707 E AuthPII : 	at aauj.b(:com.google.android.gms@252533022@25.25.33 (150400-781214296):30)
07-16 13:37:42.425 29762 30707 E AuthPII : 	at aauh.a(:com.google.android.gms@252533022@25.25.33 (150400-781214296):574)
07-16 13:37:42.425 29762 30707 E AuthPII : 	at aafs.b(:com.google.android.gms@252533022@25.25.33 (150400-781214296):227)
07-16 13:37:42.425 29762 30707 E AuthPII : 	at aaft.a(:com.google.android.gms@252533022@25.25.33 (150400-781214296):23)
07-16 13:37:42.425 29762 30707 E AuthPII : 	at aagn.b(:com.google.android.gms@252533022@25.25.33 (150400-781214296):14)
07-16 13:37:42.425 29762 30707 E AuthPII : 	at aagk.b(:com.google.android.gms@252533022@25.25.33 (150400-781214296):182)
07-16 13:37:42.425 29762 30707 E AuthPII : 	at ulw.a(:com.google.android.gms@252533022@25.25.33 (150400-781214296):30)
07-16 13:37:42.425 29762 30707 E AuthPII : 	at ulw.fA(:com.google.android.gms@252533022@25.25.33 (150400-781214296):54)
07-16 13:37:42.425 29762 30707 E AuthPII : 	at tuu.onTransact(:com.google.android.gms@252533022@25.25.33 (150400-781214296):97)
07-16 13:37:42.425 29762 30707 E AuthPII : 	at android.os.Binder.transact(Binder.java:1043)
07-16 13:37:42.425 29762 30707 E AuthPII : 	at bwua.onTransact(:com.google.android.gms@252533022@25.25.33 (150400-781214296):10)
07-16 13:37:42.425 29762 30707 E AuthPII : 	at android.os.Binder.transact(Binder.java:1043)
07-16 13:37:42.425 29762 30707 E AuthPII : 	at bncn.onTransact(:com.google.android.gms@252533022@25.25.33 (150400-781214296):157)
07-16 13:37:42.425 29762 30707 E AuthPII : 	at android.os.Binder.execTransactInternal(Binder.java:1159)
07-16 13:37:42.425 29762 30707 E AuthPII : 	at android.os.Binder.execTransact(Binder.java:1123)
07-16 13:37:42.425 29762 30707 E AuthPII : Message is Long live credential not available.
07-16 13:37:42.425 29762 30707 E AuthPII : avtn: Long live credential not available.
07-16 13:37:42.425 29762 30707 E AuthPII : 	at aaud.a(:com.google.android.gms@252533022@25.25.33 (150400-781214296):1277)
07-16 13:37:42.425 29762 30707 E AuthPII : 	at aauj.b(:com.google.android.gms@252533022@25.25.33 (150400-781214296):30)
07-16 13:37:42.425 29762 30707 E AuthPII : 	at aauh.a(:com.google.android.gms@252533022@25.25.33 (150400-781214296):574)
07-16 13:37:42.425 29762 30707 E AuthPII : 	at aafs.b(:com.google.android.gms@252533022@25.25.33 (150400-781214296):227)
07-16 13:37:42.425 29762 30707 E AuthPII : 	at aaft.a(:com.google.android.gms@252533022@25.25.33 (150400-781214296):23)
07-16 13:37:42.425 29762 30707 E AuthPII : 	at aagn.b(:com.google.android.gms@252533022@25.25.33 (150400-781214296):14)
07-16 13:37:42.425 29762 30707 E AuthPII : 	at aagk.b(:com.google.android.gms@252533022@25.25.33 (150400-781214296):182)
07-16 13:37:42.425 29762 30707 E AuthPII : 	at ulw.a(:com.google.android.gms@252533022@25.25.33 (150400-781214296):30)
07-16 13:37:42.425 29762 30707 E AuthPII : 	at ulw.fA(:com.google.android.gms@252533022@25.25.33 (150400-781214296):54)
07-16 13:37:42.425 29762 30707 E AuthPII : 	at tuu.onTransact(:com.google.android.gms@252533022@25.25.33 (150400-781214296):97)
07-16 13:37:42.425 29762 30707 E AuthPII : 	at android.os.Binder.transact(Binder.java:1043)
07-16 13:37:42.425 29762 30707 E AuthPII : 	at bwua.onTransact(:com.google.android.gms@252533022@25.25.33 (150400-781214296):10)
07-16 13:37:42.425 29762 30707 E AuthPII : 	at android.os.Binder.transact(Binder.java:1043)
07-16 13:37:42.425 29762 30707 E AuthPII : 	at bncn.onTransact(:com.google.android.gms@252533022@25.25.33 (150400-781214296):157)
07-16 13:37:42.425 29762 30707 E AuthPII : 	at android.os.Binder.execTransactInternal(Binder.java:1159)
07-16 13:37:42.425 29762 30707 E AuthPII : 	at android.os.Binder.execTransact(Binder.java:1123)
07-16 13:37:42.425 11096 12528 W AsyncOperation: 	at fegg.run(:com.google.android.gms@252533022@25.25.33 (150400-781214296):39)
07-16 13:37:42.425 11096 12528 W AsyncOperation: 	at awyv.c(:com.google.android.gms@252533022@25.25.33 (150400-781214296):50)
07-16 13:37:42.425 11096 12528 W AsyncOperation: 	at awyv.run(:com.google.android.gms@252533022@25.25.33 (150400-781214296):70)
07-16 13:37:42.425 11096 12528 W AsyncOperation: 	... 4 more
07-16 13:37:42.425 11096 12528 W AsyncOperation: Caused by: gobb: UNAUTHENTICATED
07-16 13:37:42.425 11096 12528 W AsyncOperation: 	at gouv.a(:com.google.android.gms@252533022@25.25.33 (150400-781214296):41)
07-16 13:37:42.425 11096 12528 W AsyncOperation: 	at fhrn.f(:com.google.android.gms@252533022@25.25.33 (150400-781214296):93)
07-16 13:37:42.425 11096 12528 W AsyncOperation: 	at fhrn.h(:com.google.android.gms@252533022@25.25.33 (150400-781214296):23)
07-16 13:37:42.425 11096 12528 W AsyncOperation: 	at fhrn.a(:com.google.android.gms@252533022@25.25.33 (150400-781214296):8)
07-16 13:37:42.425 11096 12528 W AsyncOperation: 	at fhrw.run(:com.google.android.gms@252533022@25.25.33 (150400-781214296):9)
07-16 13:37:42.425 11096 12528 W AsyncOperation: 	at fhry.e(:com.google.android.gms@252533022@25.25.33 (150400-781214296):24)
07-16 13:37:42.425 11096 12528 W AsyncOperation: 	at fhry.a(:com.google.android.gms@252533022@25.25.33 (150400-781214296):6)
07-16 13:37:42.425 11096 12528 W AsyncOperation: 	at fhre.run(:com.google.android.gms@252533022@25.25.33 (150400-781214296):14)
07-16 13:37:42.425 11096 12528 W AsyncOperation: 	at fhrb.run(:com.google.android.gms@252533022@25.25.33 (150400-781214296):3)
07-16 13:37:42.425 11096 12528 W AsyncOperation: 	at fegw.run(:com.google.android.gms@252533022@25.25.33 (150400-781214296):3)
07-16 13:37:42.425 11096 12528 W AsyncOperation: 	at fegx.run(:com.google.android.gms@252533022@25.25.33 (150400-781214296):68)
07-16 13:37:42.425 11096 12528 W AsyncOperation: 	at feeu.execute(:com.google.android.gms@252533022@25.25.33 (150400-781214296):1)
07-16 13:37:42.425 11096 12528 W AsyncOperation: 	at fhrj.execute(:com.google.android.gms@252533022@25.25.33 (150400-781214296):3)
07-16 13:37:42.425 11096 12528 W AsyncOperation: 	at fegy.execute(:com.google.android.gms@252533022@25.25.33 (150400-781214296):34)
07-16 13:37:42.425 11096 12528 W AsyncOperation: 	at fhqs.execute(:com.google.android.gms@252533022@25.25.33 (150400-781214296):10)
07-16 13:37:42.425 11096 12528 W AsyncOperation: 	at fhrh.a(:com.google.android.gms@252533022@25.25.33 (150400-781214296):10)
07-16 13:37:42.425 11096 12528 W AsyncOperation: 	at fhrn.f(:com.google.android.gms@252533022@25.25.33 (150400-781214296):93)
07-16 13:37:42.425 11096 12528 W AsyncOperation: 	at fhrn.h(:com.google.android.gms@252533022@25.25.33 (150400-781214296):23)
07-16 13:37:42.425 11096 12528 W AsyncOperation: 	at fhrn.a(:com.google.android.gms@252533022@25.25.33 (150400-781214296):8)
07-16 13:37:42.425 11096 12528 W AsyncOperation: 	at fhrw.run(:com.google.android.gms@252533022@25.25.33 (150400-781214296):9)
07-16 13:37:42.425 11096 12528 W AsyncOperation: 	at fhry.e(:com.google.android.gms@252533022@25.25.33 (150400-781214296):24)
07-16 13:37:42.425 11096 12528 W AsyncOperation: 	at fhry.a(:com.google.android.gms@252533022@25.25.33 (150400-781214296):6)
07-16 13:37:42.425 11096 12528 W AsyncOperation: 	at fhre.run(:com.google.android.gms@252533022@25.25.33 (150400-781214296):14)
07-16 13:37:42.425 11096 12528 W AsyncOperation: 	at fhrb.run(:com.google.android.gms@252533022@25.25.33 (150400-781214296):3)
07-16 13:37:42.425 11096 12528 W AsyncOperation: 	at fegw.run(:com.google.android.gms@252533022@25.25.33 (150400-781214296):3)
07-16 13:37:42.425 11096 12528 W AsyncOperation: 	at fegx.run(:com.google.android.gms@252533022@25.25.33 (150400-781214296):68)
07-16 13:37:42.425 11096 12528 W AsyncOperation: 	at feeu.execute(:com.google.android.gms@252533022@25.25.33 (150400-781214296):1)
07-16 13:37:42.425 11096 12528 W AsyncOperation: 	at fhrj.execute(:com.google.android.gms@252533022@25.25.33 (150400-781214296):3)
07-16 13:37:42.425 11096 12528 W AsyncOperation: 	at fegy.execute(:com.google.android.gms@252533022@25.25.33 (150400-781214296):34)
07-16 13:37:42.425 11096 12528 W AsyncOperation: 	at fhqs.execute(:com.google.android.gms@252533022@25.25.33 (150400-781214296):10)
07-16 13:37:42.425 11096 12528 W AsyncOperation: 	at fhrh.a(:com.google.android.gms@252533022@25.25.33 (150400-781214296):10)
07-16 13:37:42.425 11096 12528 W AsyncOperation: 	at fhrn.f(:com.google.android.gms@252533022@25.25.33 (150400-781214296):93)
07-16 13:37:42.425 11096 12528 W AsyncOperation: 	at fhrn.h(:com.google.android.gms@252533022@25.25.33 (150400-781214296):23)
07-16 13:37:42.425 11096 12528 W AsyncOperation: 	at fhrn.a(:com.google.android.gms@252533022@25.25.33 (150400-781214296):8)
07-16 13:37:42.425 11096 12528 W AsyncOperation: 	at fhrw.run(:com.google.android.gms@252533022@25.25.33 (150400-781214296):9)
07-16 13:37:42.425 11096 12528 W AsyncOperation: 	at fhry.e(:com.google.android.gms@252533022@25.25.33 (150400-781214296):24)
07-16 13:37:42.425 11096 12528 W AsyncOperation: 	at fhry.a(:com.google.android.gms@252533022@25.25.33 (150400-781214296):6)
07-16 13:37:42.425 11096 12528 W AsyncOperation: 	at fhre.run(:com.google.android.gms@252533022@25.25.33 (150400-781214296):14)
07-16 13:37:42.425 11096 12528 W AsyncOperation: 	at fhrb.run(:com.google.android.gms@252533022@25.25.33 (150400-781214296):3)
07-16 13:37:42.425 11096 12528 W AsyncOperation: 	at fegx.run(:com.google.android.gms@252533022@25.25.33 (150400-781214296):68)
07-16 13:37:42.425 11096 12528 W AsyncOperation: 	at feeu.execute(:com.google.android.gms@252533022@25.25.33 (150400-781214296):1)
07-16 13:37:42.425 11096 12528 W AsyncOperation: 	at fhrj.execute(:com.google.android.gms@252533022@25.25.33 (150400-781214296):3)
07-16 13:37:42.425 11096 12528 W AsyncOperation: 	at fegy.execute(:com.google.android.gms@252533022@25.25.33 (150400-781214296):34)
07-16 13:37:42.425 11096 12528 W AsyncOperation: 	at fhqs.execute(:com.google.android.gms@252533022@25.25.33 (150400-781214296):10)
07-16 13:37:42.425 11096 12528 W AsyncOperation: 	at feey.c(:com.google.android.gms@252533022@25.25.33 (150400-781214296):1)
07-16 13:37:42.425 11096 12528 W AsyncOperation: 	at feey.b(:com.google.android.gms@252533022@25.25.33 (150400-781214296):32)
07-16 13:37:42.425 11096 12528 W AsyncOperation: 	at fegj.done(:com.google.android.gms@252533022@25.25.33 (150400-781214296):3)
07-16 13:37:42.426 29762 30707 W Auth    : [AccountStateSyncher] Unable to look up account state from server: couldn't fetch accessToken [CONTEXT service_id=343 ]
07-16 13:37:42.426 11096 12528 W AsyncOperation: 	at java.util.concurrent.FutureTask.finishCompletion(FutureTask.java:383)
07-16 13:37:42.426 11096 12528 W AsyncOperation: 	at java.util.concurrent.FutureTask.setException(FutureTask.java:252)
07-16 13:37:42.426 11096 12528 W AsyncOperation: 	at java.util.concurrent.FutureTask.run(FutureTask.java:271)
07-16 13:37:42.426 11096 12528 W AsyncOperation: 	... 6 more
07-16 13:37:42.426 11096 12528 W AsyncOperation: Caused by: com.google.android.gms.auth.UserRecoverableAuthException: BadAuthentication
07-16 13:37:42.426 11096 12528 W AsyncOperation: 	at zyw.k(:com.google.android.gms@252533022@25.25.33 (150400-781214296):38)
07-16 13:37:42.426 11096 12528 W AsyncOperation: 	at zyq.a(:com.google.android.gms@252533022@25.25.33 (150400-781214296):122)
07-16 13:37:42.426 11096 12528 W AsyncOperation: 	at zyw.l(:com.google.android.gms@252533022@25.25.33 (150400-781214296):34)
07-16 13:37:42.426 11096 12528 W AsyncOperation: 	at zyw.n(:com.google.android.gms@252533022@25.25.33 (150400-781214296):64)
07-16 13:37:42.426 11096 12528 W AsyncOperation: 	at fhoo.d(:com.google.android.gms@252533022@25.25.33 (150400-781214296):12)
07-16 13:37:42.426 11096 12528 W AsyncOperation: 	at fhoo.c(:com.google.android.gms@252533022@25.25.33 (150400-781214296):64)
07-16 13:37:42.426 11096 12528 W AsyncOperation: 	at fhol.call(:com.google.android.gms@252533022@25.25.33 (150400-781214296):8)
07-16 13:37:42.426 11096 12528 W AsyncOperation: 	at java.util.concurrent.FutureTask.run(FutureTask.java:266)
07-16 13:37:42.426 11096 12528 W AsyncOperation: 	at fhoo.a(:com.google.android.gms@252533022@25.25.33 (150400-781214296):59)
07-16 13:37:42.426 11096 12528 W AsyncOperation: 	at fhno.call(:com.google.android.gms@252533022@25.25.33 (150400-781214296):25)
07-16 13:37:42.426 11096 12528 W AsyncOperation: 	at ewkv.call(:com.google.android.gms@252533022@25.25.33 (150400-781214296):13)
07-16 13:37:42.426 11096 12528 W AsyncOperation: 	at java.util.concurrent.FutureTask.run(FutureTask.java:266)
07-16 13:37:42.426 11096 12528 W AsyncOperation: 	... 6 more
07-16 13:37:42.427 11096 12528 I MdiSyncModule: (REDACTED) Operation '%d' failed with status '%d'!
07-16 13:37:42.427 11096 12528 I MdiSyncModule: (REDACTED) Executing operation '%d'...
07-16 13:37:42.428  1863  2035 D bt_btif_config: btif_get_device_type: Device [50:08:1a:ea:9b:22] type 2
07-16 13:37:42.430  1863  2035 D bt_btif_config: btif_get_device_type: Device [74:e2:24:c1:f1:a2] type 2
07-16 13:37:42.437 29762 30707 E AuthPII : [RequestTokenManager] getToken() -> BAD_AUTHENTICATION. App: com.google.android.gms, Service: oauth2:https://www.googleapis.com/auth/userinfo.email https://www.googleapis.com/auth/account.capabilities https://www.googleapis.com/auth/account.service_flags
07-16 13:37:42.437 29762 30707 E AuthPII : avtn: Long live credential not available.
07-16 13:37:42.437 29762 30707 E AuthPII : 	at aaud.a(:com.google.android.gms@252533022@25.25.33 (150400-781214296):1277)
07-16 13:37:42.437 29762 30707 E AuthPII : 	at aauj.b(:com.google.android.gms@252533022@25.25.33 (150400-781214296):30)
07-16 13:37:42.437 29762 30707 E AuthPII : 	at aauh.a(:com.google.android.gms@252533022@25.25.33 (150400-781214296):574)
07-16 13:37:42.437 29762 30707 E AuthPII : 	at aafs.b(:com.google.android.gms@252533022@25.25.33 (150400-781214296):227)
07-16 13:37:42.437 29762 30707 E AuthPII : 	at aaft.a(:com.google.android.gms@252533022@25.25.33 (150400-781214296):23)
07-16 13:37:42.437 29762 30707 E AuthPII : 	at aagn.b(:com.google.android.gms@252533022@25.25.33 (150400-781214296):14)
07-16 13:37:42.437 29762 30707 E AuthPII : 	at aagk.b(:com.google.android.gms@252533022@25.25.33 (150400-781214296):182)
07-16 13:37:42.437 29762 30707 E AuthPII : 	at ulw.a(:com.google.android.gms@252533022@25.25.33 (150400-781214296):30)
