07-16 13:37:42.437 29762 30707 E AuthPII : 	at ulw.fA(:com.google.android.gms@252533022@25.25.33 (150400-781214296):54)
07-16 13:37:42.437 29762 30707 E AuthPII : 	at tuu.onTransact(:com.google.android.gms@252533022@25.25.33 (150400-781214296):97)
07-16 13:37:42.437 29762 30707 E AuthPII : 	at android.os.Binder.transact(Binder.java:1043)
07-16 13:37:42.437 29762 30707 E AuthPII : 	at bwua.onTransact(:com.google.android.gms@252533022@25.25.33 (150400-781214296):10)
07-16 13:37:42.437 29762 30707 E AuthPII : 	at android.os.Binder.transact(Binder.java:1043)
07-16 13:37:42.437 29762 30707 E AuthPII : 	at bncn.onTransact(:com.google.android.gms@252533022@25.25.33 (150400-781214296):157)
07-16 13:37:42.437 29762 30707 E AuthPII : 	at android.os.Binder.execTransactInternal(Binder.java:1159)
07-16 13:37:42.437 29762 30707 E AuthPII : 	at android.os.Binder.execTransact(Binder.java:1123)
07-16 13:37:42.437 29762 30707 E AuthPII : Message is Long live credential not available.
07-16 13:37:42.437 29762 30707 E AuthPII : avtn: Long live credential not available.
07-16 13:37:42.437 29762 30707 E AuthPII : 	at aaud.a(:com.google.android.gms@252533022@25.25.33 (150400-781214296):1277)
07-16 13:37:42.437 29762 30707 E AuthPII : 	at aauj.b(:com.google.android.gms@252533022@25.25.33 (150400-781214296):30)
07-16 13:37:42.437 29762 30707 E AuthPII : 	at aauh.a(:com.google.android.gms@252533022@25.25.33 (150400-781214296):574)
07-16 13:37:42.437 29762 30707 E AuthPII : 	at aafs.b(:com.google.android.gms@252533022@25.25.33 (150400-781214296):227)
07-16 13:37:42.437 29762 30707 E AuthPII : 	at aaft.a(:com.google.android.gms@252533022@25.25.33 (150400-781214296):23)
07-16 13:37:42.437 29762 30707 E AuthPII : 	at aagn.b(:com.google.android.gms@252533022@25.25.33 (150400-781214296):14)
07-16 13:37:42.437 29762 30707 E AuthPII : 	at aagk.b(:com.google.android.gms@252533022@25.25.33 (150400-781214296):182)
07-16 13:37:42.437 29762 30707 E AuthPII : 	at ulw.a(:com.google.android.gms@252533022@25.25.33 (150400-781214296):30)
07-16 13:37:42.437 29762 30707 E AuthPII : 	at ulw.fA(:com.google.android.gms@252533022@25.25.33 (150400-781214296):54)
07-16 13:37:42.437 29762 30707 E AuthPII : 	at tuu.onTransact(:com.google.android.gms@252533022@25.25.33 (150400-781214296):97)
07-16 13:37:42.437 29762 30707 E AuthPII : 	at android.os.Binder.transact(Binder.java:1043)
07-16 13:37:42.437 29762 30707 E AuthPII : 	at bwua.onTransact(:com.google.android.gms@252533022@25.25.33 (150400-781214296):10)
07-16 13:37:42.437 29762 30707 E AuthPII : 	at android.os.Binder.transact(Binder.java:1043)
07-16 13:37:42.437 29762 30707 E AuthPII : 	at bncn.onTransact(:com.google.android.gms@252533022@25.25.33 (150400-781214296):157)
07-16 13:37:42.437 29762 30707 E AuthPII : 	at android.os.Binder.execTransactInternal(Binder.java:1159)
07-16 13:37:42.437 29762 30707 E AuthPII : 	at android.os.Binder.execTransact(Binder.java:1123)
--------- beginning of main
07-16 13:37:50.246 10909 10909 W ThreadPoolForeg: type=1400 audit(0.0:4403): avc: denied { write } for name="traced_producer" dev="tmpfs" ino=20829 scontext=u:r:gmscore_app:s0:c512,c768 tcontext=u:object_r:traced_producer_socket:s0 tclass=sock_file permissive=0 app=com.google.android.gms
07-16 13:37:50.474  1863  2035 D bt_btif_config: btif_get_device_type: Device [fc:70:2e:ad:ee:42] type 3
07-16 13:37:50.653  1863  2035 D bt_btif_config: btif_get_device_type: Device [44:37:0b:ce:cf:f9] type 1
07-16 13:37:50.960  1863  2035 D bt_btif_config: btif_get_device_type: Device [4e:fa:5e:ee:38:a6] type 2
07-16 13:37:51.207  1863  2035 D bt_btif_config: btif_get_device_type: Device [7a:88:a0:74:f7:64] type 2
07-16 13:37:51.228  1863  2035 D bt_btif_config: btif_get_device_type: Device [4b:69:24:44:b0:31] type 2
07-16 13:37:51.241  1863  2035 D bt_btif_config: btif_get_device_type: Device [72:74:e8:40:7a:fa] type 2
07-16 13:37:51.812  1863  2035 D bt_btif_config: btif_get_device_type: Device [58:41:46:f0:61:bc] type 1
07-16 13:37:51.939 29762 30152 E AuthPII : [RequestTokenManager] getToken() -> BAD_AUTHENTICATION. App: com.google.android.apps.docs, Service: oauth2:https://www.googleapis.com/auth/drive https://www.googleapis.com/auth/drive.file https://www.googleapis.com/auth/drive.metadata.readonly https://www.googleapis.com/auth/drive.readonly https://docs.google.com/feeds https://docs.googleusercontent.com https://spreadsheets.google.com/feeds https://www.googleapis.com/auth/activity https://www.googleapis.com/auth/cloudprint https://www.googleapis.com/auth/discussions https://www.googleapis.com/auth/docs https://www.googleapis.com/auth/drive.apps https://www.googleapis.com/auth/drive.categories.readonly https://www.googleapis.com/auth/memento https://www.googleapis.com/auth/notifications https://www.googleapis.com/auth/spreadsheets https://www.googleapis.com/auth/vouchers https://www.googleapis.com/auth/gmail.readonly https://www.googleapis.com/auth/subscriptions https://www.googleapis.com/auth/peopleapi.readonly https://www.googleapis.com/auth/peopleapi.readwrite https://www.googleapis.com/auth/drive.activity.readonly https://www.googleapis.com/auth/cloud_search.query
07-16 13:37:51.939 29762 30152 E AuthPII : avtn: Long live credential not available.
07-16 13:37:51.939 29762 30152 E AuthPII : 	at aaud.a(:com.google.android.gms@252533022@25.25.33 (150400-781214296):1277)
07-16 13:37:51.939 29762 30152 E AuthPII : 	at aauj.b(:com.google.android.gms@252533022@25.25.33 (150400-781214296):30)
07-16 13:37:51.939 29762 30152 E AuthPII : 	at aauh.a(:com.google.android.gms@252533022@25.25.33 (150400-781214296):574)
07-16 13:37:51.939 29762 30152 E AuthPII : 	at aaug.b(:com.google.android.gms@252533022@25.25.33 (150400-781214296):115)
07-16 13:37:51.939 29762 30152 E AuthPII : 	at ulw.h(:com.google.android.gms@252533022@25.25.33 (150400-781214296):494)
07-16 13:37:51.939 29762 30152 E AuthPII : 	at ulw.d(:com.google.android.gms@252533022@25.25.33 (150400-781214296):150)
07-16 13:37:51.939 29762 30152 E AuthPII : 	at aanx.getAuthToken(:com.google.android.gms@252533022@25.25.33 (150400-781214296):410)
07-16 13:37:51.939 29762 30152 E AuthPII : 	at android.accounts.AbstractAccountAuthenticator$Transport.getAuthToken(AbstractAccountAuthenticator.java:244)
07-16 13:37:51.939 29762 30152 E AuthPII : 	at android.accounts.IAccountAuthenticator$Stub.onTransact(IAccountAuthenticator.java:282)
07-16 13:37:51.939 29762 30152 E AuthPII : 	at android.os.Binder.transact(Binder.java:1043)
07-16 13:37:51.939 29762 30152 E AuthPII : 	at bwua.onTransact(:com.google.android.gms@252533022@25.25.33 (150400-781214296):10)
07-16 13:37:51.939 29762 30152 E AuthPII : 	at android.os.Binder.transact(Binder.java:1043)
07-16 13:37:51.939 29762 30152 E AuthPII : 	at bncn.onTransact(:com.google.android.gms@252533022@25.25.33 (150400-781214296):157)
07-16 13:37:51.939 29762 30152 E AuthPII : 	at android.os.Binder.execTransactInternal(Binder.java:1159)
07-16 13:37:51.939 29762 30152 E AuthPII : 	at android.os.Binder.execTransact(Binder.java:1123)
07-16 13:37:51.939 29762 30152 E AuthPII : Message is Long live credential not available.
07-16 13:37:51.939 29762 30152 E AuthPII : avtn: Long live credential not available.
07-16 13:37:51.939 29762 30152 E AuthPII : 	at aaud.a(:com.google.android.gms@252533022@25.25.33 (150400-781214296):1277)
07-16 13:37:51.939 29762 30152 E AuthPII : 	at aauj.b(:com.google.android.gms@252533022@25.25.33 (150400-781214296):30)
07-16 13:37:51.939 29762 30152 E AuthPII : 	at aauh.a(:com.google.android.gms@252533022@25.25.33 (150400-781214296):574)
07-16 13:37:51.939 29762 30152 E AuthPII : 	at aaug.b(:com.google.android.gms@252533022@25.25.33 (150400-781214296):115)
07-16 13:37:51.939 29762 30152 E AuthPII : 	at ulw.h(:com.google.android.gms@252533022@25.25.33 (150400-781214296):494)
07-16 13:37:51.939 29762 30152 E AuthPII : 	at ulw.d(:com.google.android.gms@252533022@25.25.33 (150400-781214296):150)
07-16 13:37:51.939 29762 30152 E AuthPII : 	at aanx.getAuthToken(:com.google.android.gms@252533022@25.25.33 (150400-781214296):410)
07-16 13:37:51.939 29762 30152 E AuthPII : 	at android.accounts.AbstractAccountAuthenticator$Transport.getAuthToken(AbstractAccountAuthenticator.java:244)
07-16 13:37:51.939 29762 30152 E AuthPII : 	at android.accounts.IAccountAuthenticator$Stub.onTransact(IAccountAuthenticator.java:282)
07-16 13:37:51.939 29762 30152 E AuthPII : 	at android.os.Binder.transact(Binder.java:1043)
07-16 13:37:51.939 29762 30152 E AuthPII : 	at bwua.onTransact(:com.google.android.gms@252533022@25.25.33 (150400-781214296):10)
07-16 13:37:51.939 29762 30152 E AuthPII : 	at android.os.Binder.transact(Binder.java:1043)
07-16 13:37:51.939 29762 30152 E AuthPII : 	at bncn.onTransact(:com.google.android.gms@252533022@25.25.33 (150400-781214296):157)
07-16 13:37:51.939 29762 30152 E AuthPII : 	at android.os.Binder.execTransactInternal(Binder.java:1159)
07-16 13:37:51.939 29762 30152 E AuthPII : 	at android.os.Binder.execTransact(Binder.java:1123)
07-16 13:37:51.940 29762 30152 W Auth    : [GetToken] GetToken failed with status code: BadAuthentication  [CONTEXT service_id=343 ]
07-16 13:37:51.967 29762 30152 W GLSActivity: [GmsAccountAuthenticatorImpl] error status while fetching token:BadAuthentication
07-16 13:37:51.977 11593 12802 W HttpCallTransport: Auth error getting auth token for CelloHttpCall{method=POST, url=https://play.googleapis.com/log, tags=Suppliers.memoize(jac@c9ef15c), hasRequestBody=true, acceptHttpResponseGzipEncoding=true, failOnNonHttpsUrl=false, failOnCleartextPermitted=false, contextRequestHeaders=Content-Length : 23111,Content-Type : ,Host : play.googleapis.com,User-Agent : Cakemix/2.25.267.00.90 (walleye RP1A.201005.004.A1) Google.Drive/2.25.267.00.90 (OS=Android;OSVer=11;Manufacturer=Google;Model=Pixel 2;SyncEngine=Cello) Mozilla/5.0 (Linux; U; Android 11; en-us; Pixel 2 Build/RP1A.201005.004.A1) AppleWebKit/525.10+ (KHTML, like Gecko) Version/3.0.4 Mobile Safari/523.12.2,Accept-Encoding : gzip, additionalHeaders=}
07-16 13:37:51.977 11593 12802 W HttpCallTransport: android.accounts.AuthenticatorException: hre
07-16 13:37:51.977 11593 12802 W HttpCallTransport: 	at fih.h(PG:22)
07-16 13:37:51.977 11593 12802 W HttpCallTransport: 	at nkf.a(PG:25)
07-16 13:37:51.977 11593 12802 W HttpCallTransport: 	at nkh.b(PG:16)
07-16 13:37:51.977 11593 12802 W HttpCallTransport: 	at nkh.a(PG:15)
07-16 13:37:51.977 11593 12802 W HttpCallTransport: 	at ncq.run(PG:566)
07-16 13:37:51.977 11593 12802 W HttpCallTransport: 	at java.util.concurrent.ThreadPoolExecutor.runWorker(ThreadPoolExecutor.java:1167)
07-16 13:37:51.977 11593 12802 W HttpCallTransport: 	at java.util.concurrent.ThreadPoolExecutor$Worker.run(ThreadPoolExecutor.java:641)
07-16 13:37:51.977 11593 12802 W HttpCallTransport: 	at java.lang.Thread.run(Thread.java:923)
07-16 13:37:51.977 11593 12802 W HttpCallTransport: Caused by: hre
07-16 13:37:51.977 11593 12802 W HttpCallTransport: 	at gph.k(PG:271)
07-16 13:37:51.977 11593 12802 W HttpCallTransport: 	at fih.h(PG:14)
07-16 13:37:51.977 11593 12802 W HttpCallTransport: 	... 7 more
07-16 13:37:51.977 11593 12802 W HttpCallTransport: Auth error getting auth token for CelloHttpCall{method=POST, url=https://play.googleapis.com/log, tags=Suppliers.memoize(jac@c9ef15c), hasRequestBody=true, acceptHttpResponseGzipEncoding=true, failOnNonHttpsUrl=false, failOnCleartextPermitted=false, contextRequestHeaders=Content-Length : 23111,Content-Type : ,Host : play.googleapis.com,User-Agent : Cakemix/2.25.267.00.90 (walleye RP1A.201005.004.A1) Google.Drive/2.25.267.00.90 (OS=Android;OSVer=11;Manufacturer=Google;Model=Pixel 2;SyncEngine=Cello) Mozilla/5.0 (Linux; U; Android 11; en-us; Pixel 2 Build/RP1A.201005.004.A1) AppleWebKit/525.10+ (KHTML, like Gecko) Version/3.0.4 Mobile Safari/523.12.2,Accept-Encoding : gzip, additionalHeaders=}
07-16 13:37:51.977 11593 12802 W HttpCallTransport: android.accounts.AuthenticatorException: hre
07-16 13:37:51.977 11593 12802 W HttpCallTransport: 	at fih.h(PG:22)
07-16 13:37:51.977 11593 12802 W HttpCallTransport: 	at nkf.a(PG:25)
07-16 13:37:51.977 11593 12802 W HttpCallTransport: 	at nkh.b(PG:16)
07-16 13:37:51.977 11593 12802 W HttpCallTransport: 	at nkh.a(PG:15)
07-16 13:37:51.977 11593 12802 W HttpCallTransport: 	at ncq.run(PG:566)
07-16 13:37:51.977 11593 12802 W HttpCallTransport: 	at java.util.concurrent.ThreadPoolExecutor.runWorker(ThreadPoolExecutor.java:1167)
07-16 13:37:51.977 11593 12802 W HttpCallTransport: 	at java.util.concurrent.ThreadPoolExecutor$Worker.run(ThreadPoolExecutor.java:641)
07-16 13:37:51.977 11593 12802 W HttpCallTransport: 	at java.lang.Thread.run(Thread.java:923)
07-16 13:37:51.977 11593 12802 W HttpCallTransport: Caused by: hre
07-16 13:37:51.977 11593 12802 W HttpCallTransport: 	at gph.k(PG:271)
07-16 13:37:51.977 11593 12802 W HttpCallTransport: 	at fih.h(PG:14)
07-16 13:37:51.977 11593 12802 W HttpCallTransport: 	... 7 more
07-16 13:37:51.978 11593 12175 E Cello   : [12175:NonCelloThread] drive_v2_cloud_store.cc:6971:DumpToLog Request 0x6f2efc8630: 0 https://play.googleapis.com/log transport: drive::ds::Status::CANCELLED reader: drive::ds::Status::SUCCESS
07-16 13:37:51.978 11593 12175 E Cello   : [12175:NonCelloThread] drive_v2_cloud_store.cc:6971:DumpToLog req.hdr 0x6f2efc8630: Content-Type=
07-16 13:37:51.978 11593 12175 E Cello   : [12175:NonCelloThread] drive_v2_cloud_store.cc:6971:DumpToLog Response body 0x6f2efc8630: (no response body)
07-16 13:37:51.979 11593 12178 E Cello   : [12178:MetricsTransportThread-CELLO] metrics_transport.cc:242:SendRequest Request failed: drive::ds::Status::CANCELLED
07-16 13:37:51.979 11593 12178 I Cello   : [12178:MetricsTransportThread-CELLO] metrics_transport.cc:471:ProcessRequestsOnBackgroundThread Metrics failed to send, drive::ds::Status::CANCELLED
07-16 13:37:52.650  1863  2035 D bt_btif_config: btif_get_device_type: Device [9c:12:21:35:75:68] type 1
07-16 13:37:52.655  1863  2035 D bt_btif_config: btif_get_device_type: Device [ac:d5:64:d2:0e:9c] type 1
07-16 13:37:52.716   963  4105 D audio_hw_primary: enable_snd_device: snd_device(2: speaker)
07-16 13:37:52.716   675   675 D android.hardware.power@1.3-service.pixel-libperfmgr: AUDIO_STREAMING: 1
07-16 13:37:52.716   963  4105 D audio_route: Apply path: speaker
07-16 13:37:52.717  1427  4797 I system_server: oneway function results will be dropped but finished with status OK and parcel size 4
07-16 13:37:52.717   963  4105 D ACDB-LOADER: ACDB -> send_audio_cal, acdb_id = 15, path = 0, app id = 0x11130, sample rate = 48000
07-16 13:37:52.717   963  4105 D ACDB-LOADER: ACDB -> ACDB_CMD_GET_AUDPROC_GAIN_DEP_STEP_TABLE, vol index 0
07-16 13:37:52.717   963  4105 D ACDB-LOADER: ACDB -> GET_AFE_TOPOLOGY_ID for adcd_id 15, Topology Id 112fc
07-16 13:37:52.717   963  4105 D android.hardware.audio.service: Failed to fetch the lookup information of the device 0000000F 
07-16 13:37:52.717   963  4105 D ACDB-LOADER: Error: ACDB AFE returned = -19
07-16 13:37:52.717   963  4105 D audio_hw_primary: enable_audio_route: usecase(1) apply and update mixer path: low-latency-playback speaker
07-16 13:37:52.717   963  4105 D audio_route: Apply path: low-latency-playback speaker
07-16 13:37:52.717  1427  4797 I system_server: oneway function results will be dropped but finished with status OK and parcel size 4
07-16 13:37:52.747   963  4105 D audio_hw_primary: out_write: retry previous failed cal level set
07-16 13:37:52.747   675   675 D android.hardware.power@1.3-service.pixel-libperfmgr: AUDIO_STREAMING: 0
07-16 13:37:52.799 29293 29293 I GoogleInputMethodService: GoogleInputMethodService.onFinishInput():1984 
07-16 13:37:52.800 29293 29293 I Module  : DeviceLockedStatusModuleProvider$Module.updateDeviceLockedStatus():100 repeatCheckTimes = 0, locked = false
07-16 13:37:52.800 29293 29293 I GoogleInputMethodService: GoogleInputMethodService.onStartInput():1248 onStartInput(EditorInfo{EditorInfo{packageName=com.google.android.videos, inputType=0, inputTypeString=NULL, enableLearning=false, autoCorrection=false, autoComplete=false, imeOptions=0, privateImeOptions=null, actionName=UNSPECIFIED, actionLabel=null, initialSelStart=-1, initialSelEnd=-1, initialCapsMode=0, label=null, fieldId=-1, fieldName=null, extras=null, hintText=null, hintLocales=[]}}, false)
07-16 13:37:52.801 29293 29293 I Module  : DeviceLockedStatusModuleProvider$Module.updateDeviceLockedStatus():100 repeatCheckTimes = 1, locked = false
07-16 13:37:52.901  1427  2300 I system_server: oneway function results will be dropped but finished with status OK and parcel size 4
07-16 13:37:52.991  1863  2035 D bt_btif_config: btif_get_device_type: Device [f4:20:15:7d:31:e2] type 1
07-16 13:37:53.223  7006  7021 I .android.video: Background concurrent copying GC freed 154583(6499KB) AllocSpace objects, 4(192KB) LOS objects, 49% free, 10MB/21MB, paused 102us total 122.607ms
07-16 13:37:53.227  7006  7022 W JavaBinder: BinderProxy is being destroyed but the application did not call unlinkToDeath to unlink all of its death recipients beforehand.  Releasing leaked death recipient: spp
07-16 13:37:53.227  7006  7022 I BpBinder: onLastStrongRef automatically unlinking death recipients: <uncached descriptor>
07-16 13:37:53.228  7006  7022 W JavaBinder: BinderProxy is being destroyed but the application did not call unlinkToDeath to unlink all of its death recipients beforehand.  Releasing leaked death recipient: spp
07-16 13:37:53.228  7006  7022 I BpBinder: onLastStrongRef automatically unlinking death recipients: <uncached descriptor>
07-16 13:37:53.232  7006  7023 W System  : A resource failed to call dispose. 
07-16 13:37:53.952  1863  2035 D bt_btif_config: btif_get_device_type: Device [9c:12:21:35:76:46] type 3
07-16 13:37:53.989  1863  2035 D bt_btif_config: btif_get_device_type: Device [f0:b3:ec:31:c9:5d] type 3
07-16 13:37:54.015  1863  2035 D bt_btif_config: btif_get_device_type: Device [49:65:b6:57:19:78] type 2
07-16 13:37:54.159  1427  3793 I system_server: oneway function results will be dropped but finished with status OK and parcel size 4
07-16 13:37:54.173  1863  3018 D BluetoothAdapterService: cancelDiscovery
07-16 13:37:54.176  1863  2626 E bt_btif : bte_scan_filt_param_cfg_evt, 23
--------- beginning of system
07-16 13:37:54.180  1427  1673 D ConnectivityService: NetReassign [no changes]
07-16 13:37:54.185  1863  3018 D BluetoothAdapterService: startDiscovery
07-16 13:37:54.186  1863  2626 W bt_btif : bta_dm_check_av:0
07-16 13:37:54.187  1863  2626 E bt_btif : bte_scan_filt_param_cfg_evt, 23
07-16 13:37:54.200  1863  2035 D bt_btif_config: btif_get_device_type: Device [06:bf:b0:78:66:60] type 2
07-16 13:37:54.225  1863  2035 D bt_btif_config: btif_get_device_type: Device [7e:db:c2:6d:ef:3c] type 2
07-16 13:37:54.291  1863  2035 D bt_btif_config: btif_get_device_type: Device [7a:88:a0:74:f7:64] type 2
07-16 13:37:54.299  1863  2035 D bt_btif_config: btif_get_device_type: Device [4e:a8:b9:76:24:e1] type 2
07-16 13:37:54.301  1427  3793 I system_server: oneway function results will be dropped but finished with status OK and parcel size 4
07-16 13:37:54.358  1863  2035 D bt_btif_config: btif_get_device_type: Device [71:bf:15:6a:e6:4e] type 2
07-16 13:37:54.434  1863  2035 D bt_btif_config: btif_get_device_type: Device [74:e2:24:c1:f1:a2] type 2
07-16 13:37:54.437  1863  2035 D bt_btif_config: btif_get_device_type: Device [66:f2:49:50:44:a2] type 2
07-16 13:37:54.503  1863  2035 D bt_btif_config: btif_get_device_type: Device [72:44:1c:91:c4:7a] type 2
07-16 13:37:54.508  1863  2035 D bt_btif_config: btif_get_device_type: Device [42:a9:f2:c1:01:18] type 2
07-16 13:37:54.548  1863  2035 D bt_btif_config: btif_get_device_type: Device [15:dd:84:47:9d:44] type 2
07-16 13:37:54.592  1863  2035 D bt_btif_config: btif_get_device_type: Device [63:f0:91:ff:6f:96] type 2
07-16 13:37:54.792  1863  2035 D bt_btif_config: btif_get_device_type: Device [9c:12:21:33:15:f2] type 1
07-16 13:37:54.801  1863  2035 D bt_btif_config: btif_get_device_type: Device [d8:74:ef:52:6d:69] type 3
07-16 13:37:54.842  1863  2035 D bt_btif_config: btif_get_device_type: Device [dc:97:58:39:c7:3a] type 1
07-16 13:37:54.868  1863  2035 D bt_btif_config: btif_get_device_type: Device [18:ef:3a:ce:bf:18] type 3
07-16 13:37:54.974  1863  2035 D bt_btif_config: btif_get_device_type: Device [f4:20:15:53:05:05] type 1
07-16 13:37:55.065  1863  2035 D bt_btif_config: btif_get_device_type: Device [b8:41:d9:7e:d1:bd] type 1
07-16 13:37:55.134  1863  2035 D bt_btif_config: btif_get_device_type: Device [58:41:46:9f:29:15] type 1
07-16 13:37:55.238 29293 29293 I GoogleInputMethodService: GoogleInputMethodService.onFinishInput():1984 
07-16 13:37:55.239 29293 29293 I Module  : DeviceLockedStatusModuleProvider$Module.updateDeviceLockedStatus():100 repeatCheckTimes = 0, locked = false
07-16 13:37:55.239 29293 29293 I GoogleInputMethodService: GoogleInputMethodService.onStartInput():1248 onStartInput(EditorInfo{EditorInfo{packageName=com.google.android.videos, inputType=0, inputTypeString=NULL, enableLearning=false, autoCorrection=false, autoComplete=false, imeOptions=0, privateImeOptions=null, actionName=UNSPECIFIED, actionLabel=null, initialSelStart=-1, initialSelEnd=-1, initialCapsMode=0, label=null, fieldId=-1, fieldName=null, extras=null, hintText=null, hintLocales=[]}}, false)
07-16 13:37:55.241 29293 29293 I Module  : DeviceLockedStatusModuleProvider$Module.updateDeviceLockedStatus():100 repeatCheckTimes = 1, locked = false
07-16 13:37:55.268  1863  2035 D bt_btif_config: btif_get_device_type: Device [fc:70:2e:ad:f2:b6] type 3
07-16 13:37:55.301  1427  3793 I WifiService: acquireWifiLock uid=10155 lockMode=1
07-16 13:37:55.515  1863  2035 D bt_btif_config: btif_get_device_type: Device [9c:12:21:35:75:68] type 1
07-16 13:37:55.527  1863  2035 D bt_btif_config: btif_get_device_type: Device [9c:12:21:17:56:df] type 3
07-16 13:37:55.605  1863  2035 D bt_btif_config: btif_get_device_type: Device [dc:97:58:65:0d:96] type 1
07-16 13:37:55.709  1863  2035 D bt_btif_config: btif_get_device_type: Device [b8:41:d9:7e:d1:8f] type 1
07-16 13:37:55.727  1427  3793 I ActivityManager: Killing 5938:com.google.android.apps.safetyhub/u0a127 (adj 985): empty #33
07-16 13:37:55.741  1863  2035 D bt_btif_config: btif_get_device_type: Device [14:75:5b:b1:6f:e7] type 1
07-16 13:37:55.747  1863  2035 D bt_btif_config: btif_get_device_type: Device [fc:70:2e:ad:f1:2c] type 3
07-16 13:37:55.767   946   946 I Zygote  : Process 5938 exited due to signal 9 (Killed)
07-16 13:37:55.768  1427  4796 D ConnectivityService: ConnectivityService NetworkRequestInfo binderDied(NetworkRequest [ TRACK_DEFAULT id=2931, [ Capabilities: INTERNET&NOT_RESTRICTED&TRUSTED Uid: 10127 AdministratorUids: [] RequestorUid: 10127 RequestorPackageName: com.google.android.apps.safetyhub] ], android.os.BinderProxy@939a180)
07-16 13:37:55.768  1427  1673 D ConnectivityService: releasing NetworkRequest [ TRACK_DEFAULT id=2931, [ Capabilities: INTERNET&NOT_RESTRICTED&TRUSTED Uid: 10127 AdministratorUids: [] RequestorUid: 10127 RequestorPackageName: com.google.android.apps.safetyhub] ] (release request)
07-16 13:37:55.775  1884  1884 V KeyguardUpdateMonitor: onSubscriptionInfoChanged()
07-16 13:37:55.777  2224  2224 D Telephony: isEmergencyPreferredAccount: subId=-1, activeData=-1
07-16 13:37:55.779  2224  2224 D Telephony: isEmergencyPreferredAccount: Device does not require preference.
07-16 13:37:55.785  1427  1673 D ConnectivityService: NetReassign [no changes]
07-16 13:37:55.794  1427  1480 I libprocessgroup: Successfully killed process cgroup uid 10127 pid 5938 in 64ms
07-16 13:37:55.805  1863  2035 D bt_btif_config: btif_get_device_type: Device [d8:74:ef:52:6d:69] type 3
07-16 13:37:55.917  1427  3006 I WifiService: releaseWifiLock uid=10155
07-16 13:37:55.962  1863  2035 D bt_btif_config: btif_get_device_type: Device [68:31:d2:65:bd:43] type 2
07-16 13:37:55.989  1863  2035 D bt_btif_config: btif_get_device_type: Device [43:37:bd:8b:c8:02] type 2
07-16 13:37:55.994  1863  2035 D bt_btif_config: btif_get_device_type: Device [60:84:f7:cd:0a:95] type 2
07-16 13:37:56.115  1863  2035 D bt_btif_config: btif_get_device_type: Device [55:48:55:86:a6:97] type 2
07-16 13:37:56.147  1863  2035 D bt_btif_config: btif_get_device_type: Device [67:d0:8c:ba:e9:ad] type 2
07-16 13:37:56.184  1863  2035 D bt_btif_config: btif_get_device_type: Device [4a:ab:ae:e8:38:09] type 2
07-16 13:37:56.383  1863  2035 D bt_btif_config: btif_get_device_type: Device [4e:fa:5e:ee:38:a6] type 2
07-16 13:37:56.429  1863  2035 D bt_btif_config: btif_get_device_type: Device [72:74:e8:40:7a:fa] type 2
07-16 13:37:56.437  1863  2035 D bt_btif_config: btif_get_device_type: Device [7e:4d:0f:fb:3c:58] type 2
07-16 13:37:56.448  1863  2035 D bt_btif_config: btif_get_device_type: Device [6c:8f:ee:98:f0:c8] type 2
07-16 13:37:56.519  1427  3006 I WifiService: acquireWifiLock uid=10155 lockMode=1
07-16 13:37:56.808  1863  2035 D bt_btif_config: btif_get_device_type: Device [fc:70:2e:ad:f2:bc] type 3
07-16 13:37:56.958  1863  2035 D bt_btif_config: btif_get_device_type: Device [b8:41:d9:a8:4d:cb] type 1
07-16 13:37:57.054  1863  2035 D bt_btif_config: btif_get_device_type: Device [9c:12:21:47:15:6f] type 1
07-16 13:37:57.060  1863  2035 D bt_btif_config: btif_get_device_type: Device [9c:12:21:24:71:80] type 1
07-16 13:37:57.076  1863  2035 D bt_btif_config: btif_get_device_type: Device [f4:20:15:7d:31:e2] type 1
07-16 13:37:57.243  1863  2035 D bt_btif_config: btif_get_device_type: Device [fc:70:2e:ad:ed:58] type 1
07-16 13:37:57.284  1863  2035 D bt_btif_config: btif_get_device_type: Device [f4:20:15:f1:84:0a] type 1
07-16 13:37:57.335   963   963 D audio_hw_primary: disable_audio_route: usecase(1) reset and update mixer path: low-latency-playback speaker
07-16 13:37:57.336   963   963 D audio_hw_primary: disable_snd_device: snd_device(2: speaker)
07-16 13:37:57.338  1427  3006 I system_server: oneway function results will be dropped but finished with status OK and parcel size 4
07-16 13:37:57.369  1863  2035 D bt_btif_config: btif_get_device_type: Device [44:37:0b:ce:e9:cd] type 1
07-16 13:37:57.554  1863  2035 D bt_btif_config: btif_get_device_type: Device [1c:2f:a2:df:0c:4c] type 1
07-16 13:37:57.648  1863  2035 D bt_btif_config: btif_get_device_type: Device [1c:2f:a2:74:3a:c5] type 1
07-16 13:37:57.672  1863  2035 D bt_btif_config: btif_get_device_type: Device [fc:70:2e:ad:f1:4e] type 3
07-16 13:37:57.677   963  4105 D audio_hw_primary: enable_snd_device: snd_device(2: speaker)
07-16 13:37:57.677  1427  3006 I system_server: oneway function results will be dropped but finished with status OK and parcel size 4
07-16 13:37:57.677   963  4105 D audio_route: Apply path: speaker
07-16 13:37:57.678  1427  3006 I system_server: oneway function results will be dropped but finished with status OK and parcel size 4
07-16 13:37:57.678   963  4105 D ACDB-LOADER: ACDB -> send_audio_cal, acdb_id = 15, path = 0, app id = 0x11130, sample rate = 48000
07-16 13:37:57.678   963  4105 D ACDB-LOADER: ACDB -> ACDB_CMD_GET_AUDPROC_GAIN_DEP_STEP_TABLE, vol index 0
07-16 13:37:57.678   963  4105 D ACDB-LOADER: ACDB -> GET_AFE_TOPOLOGY_ID for adcd_id 15, Topology Id 112fc
07-16 13:37:57.678   963  4105 D android.hardware.audio.service: Failed to fetch the lookup information of the device 0000000F 
07-16 13:37:57.678   963  4105 D ACDB-LOADER: Error: ACDB AFE returned = -19
07-16 13:37:57.678   963  4105 D audio_hw_primary: enable_audio_route: usecase(1) apply and update mixer path: low-latency-playback speaker
07-16 13:37:57.678   963  4105 D audio_route: Apply path: low-latency-playback speaker
07-16 13:37:57.679   675   675 D android.hardware.power@1.3-service.pixel-libperfmgr: AUDIO_STREAMING: 1
07-16 13:37:57.718   963  4105 D audio_hw_primary: out_write: retry previous failed cal level set
07-16 13:37:57.718   675   675 D android.hardware.power@1.3-service.pixel-libperfmgr: AUDIO_STREAMING: 0
07-16 13:37:57.807  1863  2035 D bt_btif_config: btif_get_device_type: Device [1b:44:7c:2a:6f:e0] type 2
07-16 13:37:57.816  1863  2035 D bt_btif_config: btif_get_device_type: Device [71:2f:dd:20:44:7f] type 2
07-16 13:37:57.881  1427  3006 I system_server: oneway function results will be dropped but finished with status OK and parcel size 4
07-16 13:37:58.051  1863  2035 D bt_btif_config: btif_get_device_type: Device [42:5c:52:47:d5:69] type 2
07-16 13:37:58.113  1863  2035 D bt_btif_config: btif_get_device_type: Device [79:1b:5a:87:d5:31] type 2
07-16 13:37:58.123  1863  2035 D bt_btif_config: btif_get_device_type: Device [73:79:b4:f4:a7:94] type 2
07-16 13:37:58.153  1863  2035 D bt_btif_config: btif_get_device_type: Device [42:b8:db:1d:71:3d] type 2
07-16 13:37:58.338  1863  2035 D bt_btif_config: btif_get_device_type: Device [ff:ff:ff:fc:00:00] type 1
07-16 13:37:58.358  1863  2035 D bt_btif_config: btif_get_device_type: Device [fc:70:2e:ad:ee:42] type 3
07-16 13:37:58.464  1863  2035 D bt_btif_config: btif_get_device_type: Device [d8:74:ef:52:6d:51] type 1
07-16 13:37:58.501  1863  2035 D bt_btif_config: btif_get_device_type: Device [9c:12:21:35:69:6a] type 3
07-16 13:37:58.528  1863  2035 D bt_btif_config: btif_get_device_type: Device [10:38:1f:58:fe:b4] type 3
07-16 13:37:58.537  1863  2035 D bt_btif_config: btif_get_device_type: Device [fc:70:2e:d4:7c:f6] type 3
07-16 13:37:58.659  5174 11158 I PlayCommon: [3583] Preparing logs for uploading
07-16 13:37:58.703 29762 30707 E AuthPII : [RequestTokenManager] getToken() -> BAD_AUTHENTICATION. App: com.android.vending, Service: oauth2:https://www.googleapis.com/auth/googleplay
07-16 13:37:58.703 29762 30707 E AuthPII : avtn: Long live credential not available.
07-16 13:37:58.703 29762 30707 E AuthPII : 	at aaud.a(:com.google.android.gms@252533022@25.25.33 (150400-781214296):1277)
07-16 13:37:58.703 29762 30707 E AuthPII : 	at aauj.b(:com.google.android.gms@252533022@25.25.33 (150400-781214296):30)
07-16 13:37:58.703 29762 30707 E AuthPII : 	at aauh.a(:com.google.android.gms@252533022@25.25.33 (150400-781214296):574)
07-16 13:37:58.703 29762 30707 E AuthPII : 	at aaug.b(:com.google.android.gms@252533022@25.25.33 (150400-781214296):115)
07-16 13:37:58.703 29762 30707 E AuthPII : 	at ulw.h(:com.google.android.gms@252533022@25.25.33 (150400-781214296):494)
07-16 13:37:58.703 29762 30707 E AuthPII : 	at ulw.d(:com.google.android.gms@252533022@25.25.33 (150400-781214296):150)
07-16 13:37:58.703 29762 30707 E AuthPII : 	at aanx.getAuthToken(:com.google.android.gms@252533022@25.25.33 (150400-781214296):410)
07-16 13:37:58.703 29762 30707 E AuthPII : 	at android.accounts.AbstractAccountAuthenticator$Transport.getAuthToken(AbstractAccountAuthenticator.java:244)
07-16 13:37:58.703 29762 30707 E AuthPII : 	at android.accounts.IAccountAuthenticator$Stub.onTransact(IAccountAuthenticator.java:282)
07-16 13:37:58.703 29762 30707 E AuthPII : 	at android.os.Binder.transact(Binder.java:1043)
07-16 13:37:58.703 29762 30707 E AuthPII : 	at bwua.onTransact(:com.google.android.gms@252533022@25.25.33 (150400-781214296):10)
07-16 13:37:58.703 29762 30707 E AuthPII : 	at android.os.Binder.transact(Binder.java:1043)
07-16 13:37:58.703 29762 30707 E AuthPII : 	at bncn.onTransact(:com.google.android.gms@252533022@25.25.33 (150400-781214296):157)
07-16 13:37:58.703 29762 30707 E AuthPII : 	at android.os.Binder.execTransactInternal(Binder.java:1159)
07-16 13:37:58.703 29762 30707 E AuthPII : 	at android.os.Binder.execTransact(Binder.java:1123)
07-16 13:37:58.704 29762 30707 E AuthPII : Message is Long live credential not available.
07-16 13:37:58.704 29762 30707 E AuthPII : avtn: Long live credential not available.
07-16 13:37:58.704 29762 30707 E AuthPII : 	at aaud.a(:com.google.android.gms@252533022@25.25.33 (150400-781214296):1277)
07-16 13:37:58.704 29762 30707 E AuthPII : 	at aauj.b(:com.google.android.gms@252533022@25.25.33 (150400-781214296):30)
07-16 13:37:58.704 29762 30707 E AuthPII : 	at aauh.a(:com.google.android.gms@252533022@25.25.33 (150400-781214296):574)
07-16 13:37:58.704 29762 30707 E AuthPII : 	at aaug.b(:com.google.android.gms@252533022@25.25.33 (150400-781214296):115)
07-16 13:37:58.704 29762 30707 E AuthPII : 	at ulw.h(:com.google.android.gms@252533022@25.25.33 (150400-781214296):494)
07-16 13:37:58.704 29762 30707 E AuthPII : 	at ulw.d(:com.google.android.gms@252533022@25.25.33 (150400-781214296):150)
07-16 13:37:58.704 29762 30707 E AuthPII : 	at aanx.getAuthToken(:com.google.android.gms@252533022@25.25.33 (150400-781214296):410)
07-16 13:37:58.704 29762 30707 E AuthPII : 	at android.accounts.AbstractAccountAuthenticator$Transport.getAuthToken(AbstractAccountAuthenticator.java:244)
07-16 13:37:58.704 29762 30707 E AuthPII : 	at android.accounts.IAccountAuthenticator$Stub.onTransact(IAccountAuthenticator.java:282)
07-16 13:37:58.704 29762 30707 E AuthPII : 	at android.os.Binder.transact(Binder.java:1043)
07-16 13:37:58.704 29762 30707 E AuthPII : 	at bwua.onTransact(:com.google.android.gms@252533022@25.25.33 (150400-781214296):10)
07-16 13:37:58.704 29762 30707 E AuthPII : 	at android.os.Binder.transact(Binder.java:1043)
07-16 13:37:58.704 29762 30707 E AuthPII : 	at bncn.onTransact(:com.google.android.gms@252533022@25.25.33 (150400-781214296):157)
07-16 13:37:58.704 29762 30707 E AuthPII : 	at android.os.Binder.execTransactInternal(Binder.java:1159)
07-16 13:37:58.704 29762 30707 E AuthPII : 	at android.os.Binder.execTransact(Binder.java:1123)
07-16 13:37:58.705 29762 30707 W Auth    : [GetToken] GetToken failed with status code: BadAuthentication  [CONTEXT service_id=343 ]
07-16 13:37:58.732 29762 30707 W GLSActivity: [GmsAccountAuthenticatorImpl] error status while fetching token:BadAuthentication
07-16 13:37:58.739  5174 11158 W PlayCommon: [3583] Deferring log upload because couldn't retrieve auth token
07-16 13:37:58.741  1863  2035 D bt_btif_config: btif_get_device_type: Device [9c:12:21:24:14:72] type 1
07-16 13:37:58.744 29762 30707 E AuthPII : [RequestTokenManager] getToken() -> BAD_AUTHENTICATION. App: com.google.android.apps.docs, Service: oauth2:https://www.googleapis.com/auth/drive https://www.googleapis.com/auth/drive.file https://www.googleapis.com/auth/drive.metadata.readonly https://www.googleapis.com/auth/drive.readonly https://docs.google.com/feeds https://docs.googleusercontent.com https://spreadsheets.google.com/feeds https://www.googleapis.com/auth/activity https://www.googleapis.com/auth/cloudprint https://www.googleapis.com/auth/discussions https://www.googleapis.com/auth/docs https://www.googleapis.com/auth/drive.apps https://www.googleapis.com/auth/drive.categories.readonly https://www.googleapis.com/auth/memento https://www.googleapis.com/auth/notifications https://www.googleapis.com/auth/spreadsheets https://www.googleapis.com/auth/vouchers https://www.googleapis.com/auth/gmail.readonly https://www.googleapis.com/auth/subscriptions https://www.googleapis.com/auth/peopleapi.readonly https://www.googleapis.com/auth/peopleapi.readwrite https://www.googleapis.com/auth/drive.activity.readonly https://www.googleapis.com/auth/cloud_search.query
07-16 13:37:58.744 29762 30707 E AuthPII : avtn: Long live credential not available.
07-16 13:37:58.744 29762 30707 E AuthPII : 	at aaud.a(:com.google.android.gms@252533022@25.25.33 (150400-781214296):1277)
07-16 13:37:58.744 29762 30707 E AuthPII : 	at aauj.b(:com.google.android.gms@252533022@25.25.33 (150400-781214296):30)
07-16 13:37:58.744 29762 30707 E AuthPII : 	at aauh.a(:com.google.android.gms@252533022@25.25.33 (150400-781214296):574)
07-16 13:37:58.744 29762 30707 E AuthPII : 	at aaug.b(:com.google.android.gms@252533022@25.25.33 (150400-781214296):115)
07-16 13:37:58.744 29762 30707 E AuthPII : 	at ulw.h(:com.google.android.gms@252533022@25.25.33 (150400-781214296):494)
07-16 13:37:58.744 29762 30707 E AuthPII : 	at ulw.d(:com.google.android.gms@252533022@25.25.33 (150400-781214296):150)
07-16 13:37:58.744 29762 30707 E AuthPII : 	at aanx.getAuthToken(:com.google.android.gms@252533022@25.25.33 (150400-781214296):410)
07-16 13:37:58.744 29762 30707 E AuthPII : 	at android.accounts.AbstractAccountAuthenticator$Transport.getAuthToken(AbstractAccountAuthenticator.java:244)
07-16 13:37:58.744 29762 30707 E AuthPII : 	at android.accounts.IAccountAuthenticator$Stub.onTransact(IAccountAuthenticator.java:282)
07-16 13:37:58.744 29762 30707 E AuthPII : 	at android.os.Binder.transact(Binder.java:1043)
07-16 13:37:58.744 29762 30707 E AuthPII : 	at bwua.onTransact(:com.google.android.gms@252533022@25.25.33 (150400-781214296):10)
07-16 13:37:58.744 29762 30707 E AuthPII : 	at android.os.Binder.transact(Binder.java:1043)
07-16 13:37:58.744 29762 30707 E AuthPII : 	at bncn.onTransact(:com.google.android.gms@252533022@25.25.33 (150400-781214296):157)
07-16 13:37:58.744 29762 30707 E AuthPII : 	at android.os.Binder.execTransactInternal(Binder.java:1159)
07-16 13:37:58.744 29762 30707 E AuthPII : 	at android.os.Binder.execTransact(Binder.java:1123)
07-16 13:37:58.745 29762 30707 E AuthPII : Message is Long live credential not available.
07-16 13:37:58.745 29762 30707 E AuthPII : avtn: Long live credential not available.
07-16 13:37:58.745 29762 30707 E AuthPII : 	at aaud.a(:com.google.android.gms@252533022@25.25.33 (150400-781214296):1277)
07-16 13:37:58.745 29762 30707 E AuthPII : 	at aauj.b(:com.google.android.gms@252533022@25.25.33 (150400-781214296):30)
07-16 13:37:58.745 29762 30707 E AuthPII : 	at aauh.a(:com.google.android.gms@252533022@25.25.33 (150400-781214296):574)
07-16 13:37:58.745 29762 30707 E AuthPII : 	at aaug.b(:com.google.android.gms@252533022@25.25.33 (150400-781214296):115)
07-16 13:37:58.745 29762 30707 E AuthPII : 	at ulw.h(:com.google.android.gms@252533022@25.25.33 (150400-781214296):494)
07-16 13:37:58.745 29762 30707 E AuthPII : 	at ulw.d(:com.google.android.gms@252533022@25.25.33 (150400-781214296):150)
07-16 13:37:58.745 29762 30707 E AuthPII : 	at aanx.getAuthToken(:com.google.android.gms@252533022@25.25.33 (150400-781214296):410)
07-16 13:37:58.745 29762 30707 E AuthPII : 	at android.accounts.AbstractAccountAuthenticator$Transport.getAuthToken(AbstractAccountAuthenticator.java:244)
07-16 13:37:58.745 29762 30707 E AuthPII : 	at android.accounts.IAccountAuthenticator$Stub.onTransact(IAccountAuthenticator.java:282)
07-16 13:37:58.745 29762 30707 E AuthPII : 	at android.os.Binder.transact(Binder.java:1043)
07-16 13:37:58.745 29762 30707 E AuthPII : 	at bwua.onTransact(:com.google.android.gms@252533022@25.25.33 (150400-781214296):10)
07-16 13:37:58.745 29762 30707 E AuthPII : 	at android.os.Binder.transact(Binder.java:1043)
07-16 13:37:58.745 29762 30707 E AuthPII : 	at bncn.onTransact(:com.google.android.gms@252533022@25.25.33 (150400-781214296):157)
07-16 13:37:58.745 29762 30707 E AuthPII : 	at android.os.Binder.execTransactInternal(Binder.java:1159)
07-16 13:37:58.745 29762 30707 E AuthPII : 	at android.os.Binder.execTransact(Binder.java:1123)
07-16 13:37:58.745 29762 30707 W Auth    : [GetToken] GetToken failed with status code: BadAuthentication  [CONTEXT service_id=343 ]
07-16 13:37:58.759 29762 30707 W GLSActivity: [GmsAccountAuthenticatorImpl] error status while fetching token:BadAuthentication
07-16 13:37:58.766 11593 12802 W HttpCallTransport: Auth error getting auth token for CelloHttpCall{method=POST, url=https://play.googleapis.com/log, tags=Suppliers.memoize(jac@447989f), hasRequestBody=true, acceptHttpResponseGzipEncoding=true, failOnNonHttpsUrl=false, failOnCleartextPermitted=false, contextRequestHeaders=Content-Length : 23536,Content-Type : ,Host : play.googleapis.com,User-Agent : Cakemix/2.25.267.00.90 (walleye RP1A.201005.004.A1) Google.Drive/2.25.267.00.90 (OS=Android;OSVer=11;Manufacturer=Google;Model=Pixel 2;SyncEngine=Cello) Mozilla/5.0 (Linux; U; Android 11; en-us; Pixel 2 Build/RP1A.201005.004.A1) AppleWebKit/525.10+ (KHTML, like Gecko) Version/3.0.4 Mobile Safari/523.12.2,Accept-Encoding : gzip, additionalHeaders=}
07-16 13:37:58.766 11593 12802 W HttpCallTransport: android.accounts.AuthenticatorException: hre
07-16 13:37:58.766 11593 12802 W HttpCallTransport: 	at fih.h(PG:22)
07-16 13:37:58.766 11593 12802 W HttpCallTransport: 	at nkf.a(PG:25)
07-16 13:37:58.766 11593 12802 W HttpCallTransport: 	at nkh.b(PG:16)
07-16 13:37:58.766 11593 12802 W HttpCallTransport: 	at nkh.a(PG:15)
07-16 13:37:58.766 11593 12802 W HttpCallTransport: 	at ncq.run(PG:566)
07-16 13:37:58.766 11593 12802 W HttpCallTransport: 	at java.util.concurrent.ThreadPoolExecutor.runWorker(ThreadPoolExecutor.java:1167)
07-16 13:37:58.766 11593 12802 W HttpCallTransport: 	at java.util.concurrent.ThreadPoolExecutor$Worker.run(ThreadPoolExecutor.java:641)
07-16 13:37:58.766 11593 12802 W HttpCallTransport: 	at java.lang.Thread.run(Thread.java:923)
07-16 13:37:58.766 11593 12802 W HttpCallTransport: Caused by: hre
07-16 13:37:58.766 11593 12802 W HttpCallTransport: 	at gph.k(PG:271)
07-16 13:37:58.766 11593 12802 W HttpCallTransport: 	at fih.h(PG:14)
07-16 13:37:58.766 11593 12802 W HttpCallTransport: 	... 7 more
07-16 13:37:58.766 11593 12802 W HttpCallTransport: Auth error getting auth token for CelloHttpCall{method=POST, url=https://play.googleapis.com/log, tags=Suppliers.memoize(jac@447989f), hasRequestBody=true, acceptHttpResponseGzipEncoding=true, failOnNonHttpsUrl=false, failOnCleartextPermitted=false, contextRequestHeaders=Content-Length : 23536,Content-Type : ,Host : play.googleapis.com,User-Agent : Cakemix/2.25.267.00.90 (walleye RP1A.201005.004.A1) Google.Drive/2.25.267.00.90 (OS=Android;OSVer=11;Manufacturer=Google;Model=Pixel 2;SyncEngine=Cello) Mozilla/5.0 (Linux; U; Android 11; en-us; Pixel 2 Build/RP1A.201005.004.A1) AppleWebKit/525.10+ (KHTML, like Gecko) Version/3.0.4 Mobile Safari/523.12.2,Accept-Encoding : gzip, additionalHeaders=}
07-16 13:37:58.766 11593 12802 W HttpCallTransport: android.accounts.AuthenticatorException: hre
07-16 13:37:58.766 11593 12802 W HttpCallTransport: 	at fih.h(PG:22)
07-16 13:37:58.766 11593 12802 W HttpCallTransport: 	at nkf.a(PG:25)
07-16 13:37:58.766 11593 12802 W HttpCallTransport: 	at nkh.b(PG:16)
07-16 13:37:58.766 11593 12802 W HttpCallTransport: 	at nkh.a(PG:15)
07-16 13:37:58.766 11593 12802 W HttpCallTransport: 	at ncq.run(PG:566)
07-16 13:37:58.766 11593 12802 W HttpCallTransport: 	at java.util.concurrent.ThreadPoolExecutor.runWorker(ThreadPoolExecutor.java:1167)
07-16 13:37:58.766 11593 12802 W HttpCallTransport: 	at java.util.concurrent.ThreadPoolExecutor$Worker.run(ThreadPoolExecutor.java:641)
07-16 13:37:58.766 11593 12802 W HttpCallTransport: 	at java.lang.Thread.run(Thread.java:923)
07-16 13:37:58.766 11593 12802 W HttpCallTransport: Caused by: hre
07-16 13:37:58.766 11593 12802 W HttpCallTransport: 	at gph.k(PG:271)
07-16 13:37:58.766 11593 12802 W HttpCallTransport: 	at fih.h(PG:14)
07-16 13:37:58.766 11593 12802 W HttpCallTransport: 	... 7 more
07-16 13:37:58.766 11593 12534 E Cello   : [12534:NonCelloThread] drive_v2_cloud_store.cc:6971:DumpToLog Request 0x6f2efc9c30: 0 https://play.googleapis.com/log transport: drive::ds::Status::CANCELLED reader: drive::ds::Status::SUCCESS
07-16 13:37:58.766 11593 12534 E Cello   : [12534:NonCelloThread] drive_v2_cloud_store.cc:6971:DumpToLog req.hdr 0x6f2efc9c30: Content-Type=
07-16 13:37:58.766 11593 12534 E Cello   : [12534:NonCelloThread] drive_v2_cloud_store.cc:6971:DumpToLog Response body 0x6f2efc9c30: (no response body)
07-16 13:37:58.767 11593 12536 E Cello   : [12536:MetricsTransportThread-CELLO] metrics_transport.cc:242:SendRequest Request failed: drive::ds::Status::CANCELLED
07-16 13:37:58.767 11593 12536 I Cello   : [12536:MetricsTransportThread-CELLO] metrics_transport.cc:471:ProcessRequestsOnBackgroundThread Metrics failed to send, drive::ds::Status::CANCELLED
07-16 13:37:58.853  1863  2035 D bt_btif_config: btif_get_device_type: Device [90:f0:52:99:52:87] type 1
07-16 13:37:58.944  1863  2035 D bt_btif_config: btif_get_device_type: Device [fc:70:2e:ad:ed:30] type 3
07-16 13:37:58.983  1863  2035 D bt_btif_config: btif_get_device_type: Device [9c:12:21:35:76:38] type 3
07-16 13:37:59.020 29762 30152 E AuthPII : [RequestTokenManager] getToken() -> BAD_AUTHENTICATION. App: com.google.android.apps.docs, Service: oauth2:https://www.googleapis.com/auth/drive https://www.googleapis.com/auth/drive.file https://www.googleapis.com/auth/drive.metadata.readonly https://www.googleapis.com/auth/drive.readonly https://docs.google.com/feeds https://docs.googleusercontent.com https://spreadsheets.google.com/feeds https://www.googleapis.com/auth/activity https://www.googleapis.com/auth/cloudprint https://www.googleapis.com/auth/discussions https://www.googleapis.com/auth/docs https://www.googleapis.com/auth/drive.apps https://www.googleapis.com/auth/drive.categories.readonly https://www.googleapis.com/auth/memento https://www.googleapis.com/auth/notifications https://www.googleapis.com/auth/spreadsheets https://www.googleapis.com/auth/vouchers https://www.googleapis.com/auth/gmail.readonly https://www.googleapis.com/auth/subscriptions https://www.googleapis.com/auth/peopleapi.readonly https://www.googleapis.com/auth/peopleapi.readwrite https://www.googleapis.com/auth/drive.activity.readonly https://www.googleapis.com/auth/cloud_search.query
07-16 13:37:59.020 29762 30152 E AuthPII : avtn: Long live credential not available.
07-16 13:37:59.020 29762 30152 E AuthPII : 	at aaud.a(:com.google.android.gms@252533022@25.25.33 (150400-781214296):1277)
07-16 13:37:59.020 29762 30152 E AuthPII : 	at aauj.b(:com.google.android.gms@252533022@25.25.33 (150400-781214296):30)
07-16 13:37:59.020 29762 30152 E AuthPII : 	at aauh.a(:com.google.android.gms@252533022@25.25.33 (150400-781214296):574)
07-16 13:37:59.020 29762 30152 E AuthPII : 	at aaug.b(:com.google.android.gms@252533022@25.25.33 (150400-781214296):115)
07-16 13:37:59.020 29762 30152 E AuthPII : 	at ulw.h(:com.google.android.gms@252533022@25.25.33 (150400-781214296):494)
07-16 13:37:59.020 29762 30152 E AuthPII : 	at ulw.d(:com.google.android.gms@252533022@25.25.33 (150400-781214296):150)
07-16 13:37:59.020 29762 30152 E AuthPII : 	at aanx.getAuthToken(:com.google.android.gms@252533022@25.25.33 (150400-781214296):410)
07-16 13:37:59.020 29762 30152 E AuthPII : 	at android.accounts.AbstractAccountAuthenticator$Transport.getAuthToken(AbstractAccountAuthenticator.java:244)
07-16 13:37:59.020 29762 30152 E AuthPII : 	at android.accounts.IAccountAuthenticator$Stub.onTransact(IAccountAuthenticator.java:282)
07-16 13:37:59.020 29762 30152 E AuthPII : 	at android.os.Binder.transact(Binder.java:1043)
07-16 13:37:59.020 29762 30152 E AuthPII : 	at bwua.onTransact(:com.google.android.gms@252533022@25.25.33 (150400-781214296):10)
07-16 13:37:59.020 29762 30152 E AuthPII : 	at android.os.Binder.transact(Binder.java:1043)
07-16 13:37:59.020 29762 30152 E AuthPII : 	at bncn.onTransact(:com.google.android.gms@252533022@25.25.33 (150400-781214296):157)
07-16 13:37:59.020 29762 30152 E AuthPII : 	at android.os.Binder.execTransactInternal(Binder.java:1159)
07-16 13:37:59.020 29762 30152 E AuthPII : 	at android.os.Binder.execTransact(Binder.java:1123)
07-16 13:37:59.021 29762 30152 E AuthPII : Message is Long live credential not available.
07-16 13:37:59.021 29762 30152 E AuthPII : avtn: Long live credential not available.
07-16 13:37:59.021 29762 30152 E AuthPII : 	at aaud.a(:com.google.android.gms@252533022@25.25.33 (150400-781214296):1277)
07-16 13:37:59.021 29762 30152 E AuthPII : 	at aauj.b(:com.google.android.gms@252533022@25.25.33 (150400-781214296):30)
07-16 13:37:59.021 29762 30152 E AuthPII : 	at aauh.a(:com.google.android.gms@252533022@25.25.33 (150400-781214296):574)
07-16 13:37:59.021 29762 30152 E AuthPII : 	at aaug.b(:com.google.android.gms@252533022@25.25.33 (150400-781214296):115)
07-16 13:37:59.021 29762 30152 E AuthPII : 	at ulw.h(:com.google.android.gms@252533022@25.25.33 (150400-781214296):494)
07-16 13:37:59.021 29762 30152 E AuthPII : 	at ulw.d(:com.google.android.gms@252533022@25.25.33 (150400-781214296):150)
07-16 13:37:59.021 29762 30152 E AuthPII : 	at aanx.getAuthToken(:com.google.android.gms@252533022@25.25.33 (150400-781214296):410)
07-16 13:37:59.021 29762 30152 E AuthPII : 	at android.accounts.AbstractAccountAuthenticator$Transport.getAuthToken(AbstractAccountAuthenticator.java:244)
07-16 13:37:59.021 29762 30152 E AuthPII : 	at android.accounts.IAccountAuthenticator$Stub.onTransact(IAccountAuthenticator.java:282)
07-16 13:37:59.021 29762 30152 E AuthPII : 	at android.os.Binder.transact(Binder.java:1043)
07-16 13:37:59.021 29762 30152 E AuthPII : 	at bwua.onTransact(:com.google.android.gms@252533022@25.25.33 (150400-781214296):10)
07-16 13:37:59.021 29762 30152 E AuthPII : 	at android.os.Binder.transact(Binder.java:1043)
07-16 13:37:59.021 29762 30152 E AuthPII : 	at bncn.onTransact(:com.google.android.gms@252533022@25.25.33 (150400-781214296):157)
07-16 13:37:59.021 29762 30152 E AuthPII : 	at android.os.Binder.execTransactInternal(Binder.java:1159)
07-16 13:37:59.021 29762 30152 E AuthPII : 	at android.os.Binder.execTransact(Binder.java:1123)
07-16 13:37:59.021 29762 30152 W Auth    : [GetToken] GetToken failed with status code: BadAuthentication  [CONTEXT service_id=343 ]
07-16 13:37:59.045 29762 30152 W GLSActivity: [GmsAccountAuthenticatorImpl] error status while fetching token:BadAuthentication
