07-16 10:31:02.959   589  1722 I TEMP_CTL: Device_Fan_New_MCU setSpeed = 88
07-16 10:31:03.055   589  1744 I TEMP_CTL: [EN_SPEED_AUTO]--tempInc:30.000--fan_speed:88.000--target:45.000--current:42.000--env:25.000--minspeed:88--maxspeed:108
07-16 10:31:03.055   589  1744 I TEMP_CTL: Device_Fan_New_MCU setSpeed = 88
07-16 10:31:03.056   589  1696 D Motion_det_ctl: (type:2:1)(0 0 0) (0 -8 0)
07-16 10:31:03.057   589  1696 D Motion_det_ctl: Ang Gyr Adjust Ing 0:(-8 0 0)
07-16 10:31:03.090   589  1751 I PlatformSys: getCpuTempterature:51
07-16 10:31:03.291   589  1751 I PlatformSys: getCpuTempterature:51
07-16 10:31:03.412   589  1216 D XGIMI_RADAR_CTL: checkScanResult[271]:radarDistance:154
07-16 10:31:03.461   589  1707 I TEMP_CTL: [EN_SPEED_AUTO]--tempInc:30.000--fan_speed:88.000--target:45.000--current:42.000--env:25.000--minspeed:88--maxspeed:108
07-16 10:31:03.461   589  1707 I TEMP_CTL: Device_Fan_New_MCU setSpeed = 88
07-16 10:31:03.493   589  1751 I PlatformSys: getCpuTempterature:51
07-16 10:31:03.493   589  1751 I TEMP_CTL: [run:1108]factory mode:1
07-16 10:31:03.506   589  1669 D GM_DISP_SCENE_V3: [_switchHlightTestMode:3019]LumensMode:0, BCLMode:18, bEnterBCL:0
07-16 10:31:03.515     0     0 I [    C3] [wlan][0]asicConnac2xRxPerfIndProcessRXV: (SW4 WARN) u4RxVector0 is 0
07-16 10:31:03.533   443   443 I [HAL_AUDIO_DumpDspInfo][14520][07626473]ADEC0 ESID: 00, FF|ES=0000(0000),PCM=0000|Type=<00,0>|play=0:<1194>,State=0,0(0)|frmCnt:0000,0000(0000),00,00,00,00,00|tag:000,000|AvDly=140(ext offset:0),STC=0,PTS=0,cPTS=0,|Td=0
07-16 10:31:03.533   443   443 I         : mute(0,0),acmode(5),ch_map(0x0)smp_rate(48000),bit_rate(0)
07-16 10:31:03.533   443   443 I         : SND vol mch:0x800000,ch5:0x800000,ch6:0x800000,ch7:0x800000,ch8:0x800000
07-16 10:31:03.561   589  1722 I TEMP_CTL: [EN_SPEED_AUTO]--tempInc:30.000--fan_speed:88.000--target:45.000--current:42.000--env:25.000--minspeed:88--maxspeed:108
07-16 10:31:03.561   589  1722 I TEMP_CTL: Device_Fan_New_MCU setSpeed = 88
07-16 10:31:03.625     0     0 I [    C3] [wlan][0]asicConnac2xRxPerfIndProcessRXV: (SW4 WARN) u4RxVector0 is 0
07-16 10:31:03.628     0     0 I [    C3] [wlan][0]asicConnac2xRxPerfIndProcessRXV: (SW4 WARN) u4RxVector0 is 0
07-16 10:31:03.631     0     0 I [    C3] [wlan][0]asicConnac2xRxPerfIndProcessRXV: (SW4 WARN) u4RxVector0 is 0
07-16 10:31:03.633     0     0 I [    C3] [wlan][0]asicConnac2xRxPerfIndProcessRXV: (SW4 WARN) u4RxVector0 is 0
07-16 10:31:03.636     0     0 I [    C3] [wlan][0]asicConnac2xRxPerfIndProcessRXV: (SW4 WARN) u4RxVector0 is 0
07-16 10:31:03.644     0     0 I [    C3] [wlan][0]asicConnac2xRxPerfIndProcessRXV: (SW4 WARN) u4RxVector0 is 0
07-16 10:31:03.645     0     0 I [    C3] [wlan][0]asicConnac2xRxPerfIndProcessRXV: (SW4 WARN) u4RxVector0 is 0
07-16 10:31:03.657   589  1744 I TEMP_CTL: [EN_SPEED_AUTO]--tempInc:30.000--fan_speed:88.000--target:45.000--current:42.000--env:25.000--minspeed:88--maxspeed:108
07-16 10:31:03.657   589  1744 I TEMP_CTL: Device_Fan_New_MCU setSpeed = 88
07-16 10:31:03.694   589  1751 D TEMP_CTL: get fan speed success :air_intake_fan:[1150][1150] air_out_fan[1100][0] dedust_DMD_fan[0][0]
07-16 10:31:03.696   589  1751 D TEMP_CTL: get fan speed success :air_intake_fan:[1150][1150] air_out_fan[1100][0] dedust_DMD_fan[0][0]
07-16 10:31:03.698   589  1751 D TEMP_CTL: get fan speed success :air_intake_fan:[1150][1150] air_out_fan[1100][0] dedust_DMD_fan[0][0]
07-16 10:31:03.718     0     0 I [    C3] [wlan][0]asicConnac2xRxPerfIndProcessRXV: (SW4 WARN) u4RxVector0 is 0
07-16 10:31:03.721     0     0 I [    C3] [wlan][0]asicConnac2xRxPerfIndProcessRXV: (SW4 WARN) u4RxVector0 is 0
07-16 10:31:03.724     0     0 I [    C3] [wlan][0]asicConnac2xRxPerfIndProcessRXV: (SW4 WARN) u4RxVector0 is 0
07-16 10:31:03.727     0     0 I [    C3] [wlan][655]asicConnac2xRxPerfIndProcessRXV: (SW4 WARN) u4RxVector0 is 0
07-16 10:31:03.731     0     0 I [    C3] [wlan][0]asicConnac2xRxPerfIndProcessRXV: (SW4 WARN) u4RxVector0 is 0
07-16 10:31:03.738     0     0 I [    C3] [wlan][0]asicConnac2xRxPerfIndProcessRXV: (SW4 WARN) u4RxVector0 is 0
07-16 10:31:03.809   589  1751 I TEMP_CTL: [run:1061]TempSensor[5] temperature:35
07-16 10:31:03.810   589  1751 I PlatformSys: getCpuTempterature:51
07-16 10:31:03.821     0     0 I [    C3] [wlan][41]asicConnac2xRxPerfIndProcessRXV: (SW4 WARN) u4RxVector0 is 0
07-16 10:31:03.824     0     0 I [    C3] [wlan][0]asicConnac2xRxPerfIndProcessRXV: (SW4 WARN) u4RxVector0 is 0
07-16 10:31:03.827     0     0 I [    C3] [wlan][0]asicConnac2xRxPerfIndProcessRXV: (SW4 WARN) u4RxVector0 is 0
07-16 10:31:03.830     0     0 I [    C3] [wlan][0]asicConnac2xRxPerfIndProcessRXV: (SW4 WARN) u4RxVector0 is 0
07-16 10:31:03.834     0     0 I [    C3] [wlan][0]asicConnac2xRxPerfIndProcessRXV: (SW4 WARN) u4RxVector0 is 0
07-16 10:31:03.835     0     0 I [    C3] [wlan][0]asicConnac2xRxPerfIndProcessRXV: (SW4 WARN) u4RxVector0 is 0
07-16 10:31:03.889   589  1667 D XlabControl: xlabDaemonThread:1500 --- xlabDaemonThread start!
07-16 10:31:03.912   589  1216 D XGIMI_RADAR_CTL: checkScanResult[271]:radarDistance:154
07-16 10:31:03.922     0     0 I [    C3] [wlan][0]asicConnac2xRxPerfIndProcessRXV: (SW4 WARN) u4RxVector0 is 0
07-16 10:31:04.011   589  1751 I PlatformSys: getCpuTempterature:51
07-16 10:31:04.063   589  1707 I TEMP_CTL: [EN_SPEED_AUTO]--tempInc:30.000--fan_speed:88.000--target:45.000--current:42.000--env:25.000--minspeed:88--maxspeed:108
07-16 10:31:04.063   589  1707 I TEMP_CTL: Device_Fan_New_MCU setSpeed = 88
07-16 10:31:04.163   589  1722 I TEMP_CTL: [EN_SPEED_AUTO]--tempInc:30.000--fan_speed:88.000--target:45.000--current:42.000--env:25.000--minspeed:88--maxspeed:108
07-16 10:31:04.163   589  1722 I TEMP_CTL: Device_Fan_New_MCU setSpeed = 88
07-16 10:31:04.213   589  1751 I PlatformSys: getCpuTempterature:51
07-16 10:31:04.213   589  1751 I TEMP_CTL: [run:1094]CPU temperature:51
07-16 10:31:04.244     0     0 I [    C3] [wlan][0]asicConnac2xRxPerfIndProcessRXV: (SW4 WARN) u4RxVector0 is 0
07-16 10:31:04.259   589  1744 I TEMP_CTL: [EN_SPEED_AUTO]--tempInc:30.000--fan_speed:88.000--target:45.000--current:42.000--env:25.000--minspeed:88--maxspeed:108
07-16 10:31:04.259   589  1744 I TEMP_CTL: Device_Fan_New_MCU setSpeed = 88
07-16 10:31:04.412   589  1216 D XGIMI_RADAR_CTL: checkScanResult[271]:radarDistance:154
07-16 10:31:04.414   589  1751 I PlatformSys: getCpuTempterature:51
07-16 10:31:04.436     0     0 I [    C3] [wlan][41]asicConnac2xRxPerfIndProcessRXV: (SW4 WARN) u4RxVector0 is 0
07-16 10:31:04.615   589  1751 I PlatformSys: getCpuTempterature:51
07-16 10:31:04.615   589  1751 I TEMP_CTL: [run:1108]factory mode:1
07-16 10:31:04.622   443   443 I [HAL_AUDIO_DumpDspInfo][14520][07627563]ADEC0 ESID: 00, FF|ES=0000(0000),PCM=0000|Type=<00,0>|play=0:<1194>,State=0,0(0)|frmCnt:0000,0000(0000),00,00,00,00,00|tag:000,000|AvDly=140(ext offset:0),STC=0,PTS=0,cPTS=0,|Td=0
07-16 10:31:04.622   443   443 I         : mute(0,0),acmode(5),ch_map(0x0)smp_rate(48000),bit_rate(0)
07-16 10:31:04.622   443   443 I         : SND vol mch:0x800000,ch5:0x800000,ch6:0x800000,ch7:0x800000,ch8:0x800000
07-16 10:31:04.665   589  1707 I TEMP_CTL: [EN_SPEED_AUTO]--tempInc:30.000--fan_speed:88.000--target:45.000--current:42.000--env:25.000--minspeed:88--maxspeed:108
07-16 10:31:04.665   589  1707 I TEMP_CTL: Device_Fan_New_MCU setSpeed = 88
07-16 10:31:04.765   589  1722 I TEMP_CTL: [EN_SPEED_AUTO]--tempInc:30.000--fan_speed:88.000--target:45.000--current:42.000--env:25.000--minspeed:88--maxspeed:108
07-16 10:31:04.765   589  1722 I TEMP_CTL: Device_Fan_New_MCU setSpeed = 88
07-16 10:31:04.817   589  1751 D TEMP_CTL: get fan speed success :air_intake_fan:[1150][1150] air_out_fan[1150][0] dedust_DMD_fan[0][0]
07-16 10:31:04.819   589  1751 D TEMP_CTL: get fan speed success :air_intake_fan:[1150][1150] air_out_fan[1150][0] dedust_DMD_fan[0][0]
07-16 10:31:04.820   589  1751 D TEMP_CTL: get fan speed success :air_intake_fan:[1150][1150] air_out_fan[1150][0] dedust_DMD_fan[0][0]
07-16 10:31:04.845     0     0 I [    C3] [wlan][0]asicConnac2xRxPerfIndProcessRXV: (SW4 WARN) u4RxVector0 is 0
07-16 10:31:04.861   589  1744 I TEMP_CTL: [EN_SPEED_AUTO]--tempInc:30.000--fan_speed:88.000--target:45.000--current:42.000--env:25.000--minspeed:88--maxspeed:108
07-16 10:31:04.861   589  1744 I TEMP_CTL: Device_Fan_New_MCU setSpeed = 88
07-16 10:31:04.876   589  1751 I TEMP_CTL: [run:1061]TempSensor[0] temperature:34
07-16 10:31:04.889   589  1667 D XlabControl: xlabDaemonThread:1500 --- xlabDaemonThread start!
07-16 10:31:04.912   589  1216 D XGIMI_RADAR_CTL: checkScanResult[271]:radarDistance:166
07-16 10:31:04.933   589  1751 I PlatformSys: getCpuTempterature:51
07-16 10:31:04.953     0     0 I [    C3] [wlan][0]asicConnac2xRxPerfIndProcessRXV: (SW4 WARN) u4RxVector0 is 0
07-16 10:31:04.956     0     0 I [    C3] [wlan][0]asicConnac2xRxPerfIndProcessRXV: (SW4 WARN) u4RxVector0 is 0
07-16 10:31:04.957     0     0 I [    C3] [wlan][0]asicConnac2xRxPerfIndProcessRXV: (SW4 WARN) u4RxVector0 is 0
07-16 10:31:04.958     0     0 I [    C3] [wlan][0]asicConnac2xRxPerfIndProcessRXV: (SW4 WARN) u4RxVector0 is 0
07-16 10:31:04.961     0     0 I [    C3] [wlan][0]asicConnac2xRxPerfIndProcessRXV: (SW4 WARN) u4RxVector0 is 0
07-16 10:31:04.964     0     0 I [    C3] [wlan][0]asicConnac2xRxPerfIndProcessRXV: (SW4 WARN) u4RxVector0 is 0
07-16 10:31:04.967     0     0 I [    C3] [wlan][0]asicConnac2xRxPerfIndProcessRXV: (SW4 WARN) u4RxVector0 is 0
07-16 10:31:05.035  1048  1048 I [wlan][1048]mtk_cfg_get_txpower: (REQ WARN) STA doesn't support this function
07-16 10:31:05.135   589  1751 I PlatformSys: getCpuTempterature:51
07-16 10:31:05.151   589  1696 D Motion_det_ctl: (type:2:1)(0 0 0) (0 -9 0)
07-16 10:31:05.151   589  1696 D Motion_det_ctl: Ang Gyr Adjust Ing 1:(-9 0 0)
07-16 10:31:05.267   589  1707 I TEMP_CTL: [EN_SPEED_AUTO]--tempInc:30.000--fan_speed:88.000--target:45.000--current:42.000--env:25.000--minspeed:88--maxspeed:108
07-16 10:31:05.267   589  1707 I TEMP_CTL: Device_Fan_New_MCU setSpeed = 88
07-16 10:31:05.336   589  1751 I PlatformSys: getCpuTempterature:51
07-16 10:31:05.367   589  1722 I TEMP_CTL: [EN_SPEED_AUTO]--tempInc:30.000--fan_speed:88.000--target:45.000--current:42.000--env:25.000--minspeed:88--maxspeed:108
07-16 10:31:05.367   589  1722 I TEMP_CTL: Device_Fan_New_MCU setSpeed = 88
07-16 10:31:05.412   589  1216 D XGIMI_RADAR_CTL: checkScanResult[271]:radarDistance:166
07-16 10:31:05.463   589  1744 I TEMP_CTL: [EN_SPEED_AUTO]--tempInc:30.000--fan_speed:88.000--target:45.000--current:42.000--env:25.000--minspeed:88--maxspeed:108
07-16 10:31:05.463   589  1744 I TEMP_CTL: Device_Fan_New_MCU setSpeed = 88
07-16 10:31:05.537   589  1751 I PlatformSys: getCpuTempterature:51
--------- beginning of system
07-16 10:31:05.663   838   838 V HotPlugDetectionAction: Poll all devices.
07-16 10:31:05.704   443   443 I [HAL_AUDIO_DumpDspInfo][14520][07628645]ADEC0 ESID: 00, FF|ES=0000(0000),PCM=0000|Type=<00,0>|play=0:<1194>,State=0,0(0)|frmCnt:0000,0000(0000),00,00,00,00,00|tag:000,000|AvDly=140(ext offset:0),STC=0,PTS=0,cPTS=0,|Td=0
07-16 10:31:05.704   443   443 I         : mute(0,0),acmode(5),ch_map(0x0)smp_rate(48000),bit_rate(0)
07-16 10:31:05.704   443   443 I         : SND vol mch:0x800000,ch5:0x800000,ch6:0x800000,ch7:0x800000,ch8:0x800000
07-16 10:31:05.739   589  1751 I PlatformSys: getCpuTempterature:51
07-16 10:31:05.739   589  1751 I TEMP_CTL: [run:1108]factory mode:1
07-16 10:31:05.869   589  1707 I TEMP_CTL: [EN_SPEED_AUTO]--tempInc:30.000--fan_speed:88.000--target:45.000--current:42.000--env:25.000--minspeed:88--maxspeed:108
07-16 10:31:05.869   589  1707 I TEMP_CTL: Device_Fan_New_MCU setSpeed = 88
07-16 10:31:05.889   589  1667 D XlabControl: xlabDaemonThread:1500 --- xlabDaemonThread start!
07-16 10:31:05.912   589  1216 D XGIMI_RADAR_CTL: checkScanResult[271]:radarDistance:166
07-16 10:31:05.917     0     0 I         : [    C3] [wlan]NAdv Flag [C0] [R(1)\S(1)\O(0)]
07-16 10:31:05.941   589  1751 D TEMP_CTL: get fan speed success :air_intake_fan:[1150][1150] air_out_fan[1150][0] dedust_DMD_fan[0][0]
07-16 10:31:05.942   589  1751 D TEMP_CTL: get fan speed success :air_intake_fan:[1150][1150] air_out_fan[1150][0] dedust_DMD_fan[0][0]
07-16 10:31:05.944   589  1751 D TEMP_CTL: get fan speed success :air_intake_fan:[1150][1150] air_out_fan[1150][0] dedust_DMD_fan[0][0]
07-16 10:31:05.969   589  1722 I TEMP_CTL: [EN_SPEED_AUTO]--tempInc:30.000--fan_speed:88.000--target:45.000--current:42.000--env:25.000--minspeed:88--maxspeed:108
07-16 10:31:05.969   589  1722 I TEMP_CTL: Device_Fan_New_MCU setSpeed = 88
07-16 10:31:05.999   589  1751 I TEMP_CTL: [run:1061]TempSensor[0] temperature:35
07-16 10:31:06.055   589  1751 I PlatformSys: getCpuTempterature:51
07-16 10:31:06.065   589  1744 I TEMP_CTL: [EN_SPEED_AUTO]--tempInc:30.000--fan_speed:88.000--target:45.000--current:42.000--env:25.000--minspeed:88--maxspeed:108
07-16 10:31:06.065   589  1744 I TEMP_CTL: Device_Fan_New_MCU setSpeed = 88
07-16 10:31:06.111   589  1243 D GM_DISP_CTRL: [UpdateTempLumesCfg:10508]Wait time to update TempCfg: LastDetectTime=7628641
07-16 10:31:06.204     0     0 I [    C3] [wlan][0]asicConnac2xRxPerfIndProcessRXV: (SW4 WARN) u4RxVector0 is 0
07-16 10:31:06.257   589  1751 I PlatformSys: getCpuTempterature:51
07-16 10:31:06.282   838   838 D HDMI    : [P]:AllocatedAddress=[]
07-16 10:31:06.282   838   838 V HotPlugDetectionAction: Finish poll all devices.
07-16 10:31:06.278     0     0 I [    C3] [wlan][0]asicConnac2xRxPerfIndProcessRXV: (SW4 WARN) u4RxVector0 is 0
07-16 10:31:06.281     0     0 I [    C3] [wlan][0]asicConnac2xRxPerfIndProcessRXV: (SW4 WARN) u4RxVector0 is 0
07-16 10:31:06.284     0     0 I [    C3] [wlan][0]asicConnac2xRxPerfIndProcessRXV: (SW4 WARN) u4RxVector0 is 0
07-16 10:31:06.287     0     0 I [    C3] [wlan][41]asicConnac2xRxPerfIndProcessRXV: (SW4 WARN) u4RxVector0 is 0
07-16 10:31:06.381     0     0 I [    C3] [wlan][0]asicConnac2xRxPerfIndProcessRXV: (SW4 WARN) u4RxVector0 is 0
07-16 10:31:06.384     0     0 I [    C3] [wlan][0]asicConnac2xRxPerfIndProcessRXV: (SW4 WARN) u4RxVector0 is 0
07-16 10:31:06.387     0     0 I [    C3] [wlan][0]asicConnac2xRxPerfIndProcessRXV: (SW4 WARN) u4RxVector0 is 0
07-16 10:31:06.390     0     0 I [    C3] [wlan][0]asicConnac2xRxPerfIndProcessRXV: (SW4 WARN) u4RxVector0 is 0
07-16 10:31:06.396     0     0 I [    C3] [wlan][0]asicConnac2xRxPerfIndProcessRXV: (SW4 WARN) u4RxVector0 is 0
07-16 10:31:06.400     0     0 I [    C3] [wlan][0]asicConnac2xRxPerfIndProcessRXV: (SW4 WARN) u4RxVector0 is 0
07-16 10:31:06.413   589  1216 D XGIMI_RADAR_CTL: checkScanResult[271]:radarDistance:166
07-16 10:31:06.458   589  1751 I PlatformSys: getCpuTempterature:51
07-16 10:31:06.471   589  1707 I TEMP_CTL: [EN_SPEED_AUTO]--tempInc:30.000--fan_speed:88.000--target:45.000--current:42.000--env:25.000--minspeed:88--maxspeed:108
07-16 10:31:06.471   589  1707 I TEMP_CTL: Device_Fan_New_MCU setSpeed = 88
07-16 10:31:06.571   589  1722 I TEMP_CTL: [EN_SPEED_AUTO]--tempInc:30.000--fan_speed:88.000--target:45.000--current:42.000--env:25.000--minspeed:88--maxspeed:108
07-16 10:31:06.571   589  1722 I TEMP_CTL: Device_Fan_New_MCU setSpeed = 88
07-16 10:31:06.659   589  1751 I PlatformSys: getCpuTempterature:51
07-16 10:31:06.667   589  1744 I TEMP_CTL: [EN_SPEED_AUTO]--tempInc:30.000--fan_speed:88.000--target:45.000--current:42.000--env:25.000--minspeed:88--maxspeed:108
07-16 10:31:06.667   589  1744 I TEMP_CTL: Device_Fan_New_MCU setSpeed = 88
07-16 10:31:06.801   443   443 I [HAL_AUDIO_DumpDspInfo][14520][07629741]ADEC0 ESID: 00, FF|ES=0000(0000),PCM=0000|Type=<00,0>|play=0:<1194>,State=0,0(0)|frmCnt:0000,0000(0000),00,00,00,00,00|tag:000,000|AvDly=140(ext offset:0),STC=0,PTS=0,cPTS=0,|Td=0
07-16 10:31:06.801   443   443 I         : mute(0,0),acmode(5),ch_map(0x0)smp_rate(48000),bit_rate(0)
07-16 10:31:06.801   443   443 I         : SND vol mch:0x800000,ch5:0x800000,ch6:0x800000,ch7:0x800000,ch8:0x800000
07-16 10:31:06.861   589  1751 I PlatformSys: getCpuTempterature:51
07-16 10:31:06.861   589  1751 I TEMP_CTL: [run:1108]factory mode:1
07-16 10:31:06.889   589  1667 D XlabControl: xlabDaemonThread:1500 --- xlabDaemonThread start!
07-16 10:31:06.904   589  1706 D MCU_BUS : m_SystemMode:7
07-16 10:31:06.905   589  1706 D MCU_BUS : m_SystemMode:7
07-16 10:31:06.905   589  1706 D IOT_CTRL: setIotProjectorStatus: 7
07-16 10:31:06.913   589  1216 D XGIMI_RADAR_CTL: checkScanResult[271]:radarDistance:166
07-16 10:31:07.063   589  1751 D TEMP_CTL: get fan speed success :air_intake_fan:[1150][1100] air_out_fan[1150][0] dedust_DMD_fan[0][0]
07-16 10:31:07.064   589  1751 D TEMP_CTL: get fan speed success :air_intake_fan:[1150][1100] air_out_fan[1150][0] dedust_DMD_fan[0][0]
07-16 10:31:07.066   589  1751 D TEMP_CTL: get fan speed success :air_intake_fan:[1150][1100] air_out_fan[1150][0] dedust_DMD_fan[0][0]
07-16 10:31:07.073   589  1707 I TEMP_CTL: [EN_SPEED_AUTO]--tempInc:30.000--fan_speed:88.000--target:45.000--current:42.000--env:25.000--minspeed:88--maxspeed:108
07-16 10:31:07.073   589  1707 I TEMP_CTL: Device_Fan_New_MCU setSpeed = 88
07-16 10:31:07.173   589  1722 I TEMP_CTL: [EN_SPEED_AUTO]--tempInc:30.000--fan_speed:88.000--target:45.000--current:42.000--env:25.000--minspeed:88--maxspeed:108
07-16 10:31:07.173   589  1722 I TEMP_CTL: Device_Fan_New_MCU setSpeed = 88
07-16 10:31:07.179   589  1751 I PlatformSys: getCpuTempterature:51
07-16 10:31:07.245   589  1696 D Motion_det_ctl: (type:2:1)(0 0 0) (0 -8 0)
07-16 10:31:07.245   589  1696 D Motion_det_ctl: Ang Gyr Adjust Ing 2:(-8 0 0)
07-16 10:31:07.269   589  1744 I TEMP_CTL: [EN_SPEED_AUTO]--tempInc:30.000--fan_speed:88.000--target:45.000--current:42.000--env:25.000--minspeed:88--maxspeed:108
07-16 10:31:07.269   589  1744 I TEMP_CTL: Device_Fan_New_MCU setSpeed = 88
07-16 10:31:07.380   589  1751 I PlatformSys: getCpuTempterature:51
07-16 10:31:07.413   589  1216 D XGIMI_RADAR_CTL: checkScanResult[271]:radarDistance:166
07-16 10:31:07.507     0     0 I [    C3] [wlan][0]asicConnac2xRxPerfIndProcessRXV: (SW4 WARN) u4RxVector0 is 0
07-16 10:31:07.510     0     0 I [    C3] [wlan][0]asicConnac2xRxPerfIndProcessRXV: (SW4 WARN) u4RxVector0 is 0
07-16 10:31:07.513     0     0 I [    C3] [wlan][0]asicConnac2xRxPerfIndProcessRXV: (SW4 WARN) u4RxVector0 is 0
07-16 10:31:07.582   589  1751 I PlatformSys: getCpuTempterature:51
07-16 10:31:07.615     0     0 I [    C3] [wlan][0]asicConnac2xRxPerfIndProcessRXV: (SW4 WARN) u4RxVector0 is 0
07-16 10:31:07.618     0     0 I [    C3] [wlan][0]asicConnac2xRxPerfIndProcessRXV: (SW4 WARN) u4RxVector0 is 0
07-16 10:31:07.621     0     0 I [    C3] [wlan][0]asicConnac2xRxPerfIndProcessRXV: (SW4 WARN) u4RxVector0 is 0
07-16 10:31:07.625     0     0 I [    C3] [wlan][0]asicConnac2xRxPerfIndProcessRXV: (SW4 WARN) u4RxVector0 is 0
07-16 10:31:07.628     0     0 I [    C3] [wlan][0]asicConnac2xRxPerfIndProcessRXV: (SW4 WARN) u4RxVector0 is 0
07-16 10:31:07.631     0     0 I [    C3] [wlan][0]asicConnac2xRxPerfIndProcessRXV: (SW4 WARN) u4RxVector0 is 0
07-16 10:31:07.634     0     0 I [    C3] [wlan][0]asicConnac2xRxPerfIndProcessRXV: (SW4 WARN) u4RxVector0 is 0
07-16 10:31:07.675   589  1707 I TEMP_CTL: [EN_SPEED_AUTO]--tempInc:30.000--fan_speed:88.000--target:45.000--current:42.000--env:25.000--minspeed:88--maxspeed:108
07-16 10:31:07.675   589  1707 I TEMP_CTL: Device_Fan_New_MCU setSpeed = 88
07-16 10:31:07.709     0     0 I [    C3] [wlan][0]asicConnac2xRxPerfIndProcessRXV: (SW4 WARN) u4RxVector0 is 0
07-16 10:31:07.712     0     0 I [    C3] [wlan][0]asicConnac2xRxPerfIndProcessRXV: (SW4 WARN) u4RxVector0 is 0
07-16 10:31:07.715     0     0 I [    C3] [wlan][0]asicConnac2xRxPerfIndProcessRXV: (SW4 WARN) u4RxVector0 is 0
07-16 10:31:07.775   589  1722 I TEMP_CTL: [EN_SPEED_AUTO]--tempInc:30.000--fan_speed:88.000--target:45.000--current:42.000--env:25.000--minspeed:88--maxspeed:108
07-16 10:31:07.775   589  1722 I TEMP_CTL: Device_Fan_New_MCU setSpeed = 88
07-16 10:31:07.775  1166  1259 D MtkLog  : off
07-16 10:31:07.781  1409  1519 D MtkLog  : off
07-16 10:31:07.783   589  1751 I PlatformSys: getCpuTempterature:51
07-16 10:31:07.815     0     0 I [    C3] [wlan][0]asicConnac2xRxPerfIndProcessRXV: (SW4 WARN) u4RxVector0 is 0
07-16 10:31:07.871   589  1744 I TEMP_CTL: [EN_SPEED_AUTO]--tempInc:30.000--fan_speed:88.000--target:45.000--current:42.000--env:25.000--minspeed:88--maxspeed:108
07-16 10:31:07.871   589  1744 I TEMP_CTL: Device_Fan_New_MCU setSpeed = 88
07-16 10:31:07.890   589  1667 D XlabControl: xlabDaemonThread:1500 --- xlabDaemonThread start!
07-16 10:31:07.898   443   443 I [HAL_AUDIO_DumpDspInfo][14520][07630838]ADEC0 ESID: 00, FF|ES=0000(0000),PCM=0000|Type=<00,0>|play=0:<1194>,State=0,0(0)|frmCnt:0000,0000(0000),00,00,00,00,00|tag:000,000|AvDly=140(ext offset:0),STC=0,PTS=0,cPTS=0,|Td=0
07-16 10:31:07.898   443   443 I         : mute(0,0),acmode(5),ch_map(0x0)smp_rate(48000),bit_rate(0)
07-16 10:31:07.898   443   443 I         : SND vol mch:0x800000,ch5:0x800000,ch6:0x800000,ch7:0x800000,ch8:0x800000
07-16 10:31:07.913   589  1216 D XGIMI_RADAR_CTL: checkScanResult[271]:radarDistance:166
07-16 10:31:07.984   589  1751 I PlatformSys: getCpuTempterature:51
07-16 10:31:07.984   589  1751 I TEMP_CTL: [run:1108]factory mode:1
07-16 10:31:08.044  1048  1048 I [wlan][1048]mtk_cfg_get_txpower: (REQ WARN) STA doesn't support this function
07-16 10:31:08.186   589  1751 D TEMP_CTL: get fan speed success :air_intake_fan:[1150][1150] air_out_fan[1150][0] dedust_DMD_fan[0][0]
07-16 10:31:08.188   589  1751 D TEMP_CTL: get fan speed success :air_intake_fan:[1150][1150] air_out_fan[1150][0] dedust_DMD_fan[0][0]
07-16 10:31:08.189   589  1751 D TEMP_CTL: get fan speed success :air_intake_fan:[1150][1100] air_out_fan[1150][0] dedust_DMD_fan[0][0]
07-16 10:31:08.277   589  1707 I TEMP_CTL: [EN_SPEED_AUTO]--tempInc:30.000--fan_speed:88.000--target:45.000--current:42.000--env:25.000--minspeed:88--maxspeed:108
07-16 10:31:08.277   589  1707 I TEMP_CTL: Device_Fan_New_MCU setSpeed = 88
07-16 10:31:08.301   589  1751 I PlatformSys: getCpuTempterature:51
07-16 10:31:08.377   589  1722 I TEMP_CTL: [EN_SPEED_AUTO]--tempInc:30.000--fan_speed:88.000--target:45.000--current:42.000--env:25.000--minspeed:88--maxspeed:108
07-16 10:31:08.377   589  1722 I TEMP_CTL: Device_Fan_New_MCU setSpeed = 88
07-16 10:31:08.413   589  1216 D XGIMI_RADAR_CTL: checkScanResult[271]:radarDistance:166
07-16 10:31:08.473   589  1744 I TEMP_CTL: [EN_SPEED_AUTO]--tempInc:30.000--fan_speed:88.000--target:45.000--current:42.000--env:25.000--minspeed:88--maxspeed:108
07-16 10:31:08.474   589  1744 I TEMP_CTL: Device_Fan_New_MCU setSpeed = 88
07-16 10:31:08.503   589  1751 I PlatformSys: getCpuTempterature:51
07-16 10:31:08.704   589  1751 I PlatformSys: getCpuTempterature:51
07-16 10:31:08.879   589  1707 I TEMP_CTL: [EN_SPEED_AUTO]--tempInc:30.000--fan_speed:88.000--target:45.000--current:42.000--env:25.000--minspeed:88--maxspeed:108
07-16 10:31:08.879   589  1707 I TEMP_CTL: Device_Fan_New_MCU setSpeed = 88
07-16 10:31:08.890   589  1667 D XlabControl: xlabDaemonThread:1500 --- xlabDaemonThread start!
07-16 10:31:08.905   589  1751 I PlatformSys: getCpuTempterature:51
07-16 10:31:08.913   589  1216 D XGIMI_RADAR_CTL: checkScanResult[271]:radarDistance:166
07-16 10:31:08.979   589  1722 I TEMP_CTL: [EN_SPEED_AUTO]--tempInc:30.000--fan_speed:88.000--target:45.000--current:42.000--env:25.000--minspeed:88--maxspeed:108
07-16 10:31:08.980   589  1722 I TEMP_CTL: Device_Fan_New_MCU setSpeed = 88
07-16 10:31:08.996   443   443 I [HAL_AUDIO_DumpDspInfo][14520][07631936]ADEC0 ESID: 00, FF|ES=0000(0000),PCM=0000|Type=<00,0>|play=0:<1194>,State=0,0(0)|frmCnt:0000,0000(0000),00,00,00,00,00|tag:000,000|AvDly=140(ext offset:0),STC=0,PTS=0,cPTS=0,|Td=0
07-16 10:31:08.996   443   443 I         : mute(0,0),acmode(5),ch_map(0x0)smp_rate(48000),bit_rate(0)
07-16 10:31:08.996   443   443 I         : SND vol mch:0x800000,ch5:0x800000,ch6:0x800000,ch7:0x800000,ch8:0x800000
07-16 10:31:09.076   589  1744 I TEMP_CTL: [EN_SPEED_AUTO]--tempInc:30.000--fan_speed:88.000--target:45.000--current:42.000--env:25.000--minspeed:88--maxspeed:108
07-16 10:31:09.076   589  1744 I TEMP_CTL: Device_Fan_New_MCU setSpeed = 88
07-16 10:31:09.107   589  1751 I PlatformSys: getCpuTempterature:51
07-16 10:31:09.107   589  1751 I TEMP_CTL: [run:1108]factory mode:1
07-16 10:31:09.222   589   716 D GM_DISP_TEMPCOLOR: [TempColorThreadRun:389]wait timeout, ready=1, m_bMonitorEnable=1, m_WhiteBalanceState=0
07-16 10:31:09.309   589  1751 D TEMP_CTL: get fan speed success :air_intake_fan:[1150][1150] air_out_fan[1150][0] dedust_DMD_fan[0][0]
07-16 10:31:09.310   589  1751 D TEMP_CTL: get fan speed success :air_intake_fan:[1150][1150] air_out_fan[1150][0] dedust_DMD_fan[0][0]
07-16 10:31:09.312   589  1751 D TEMP_CTL: get fan speed success :air_intake_fan:[1150][1150] air_out_fan[1150][0] dedust_DMD_fan[0][0]
07-16 10:31:09.340   589  1696 D Motion_det_ctl: (type:2:1)(0 0 0) (0 -8 0)
07-16 10:31:09.340   589  1696 D Motion_det_ctl: Ang Gyr Adjust Ing 3:(-8 0 0)
07-16 10:31:09.413   589  1216 D XGIMI_RADAR_CTL: checkScanResult[271]:radarDistance:166
07-16 10:31:09.425   589  1751 I PlatformSys: getCpuTempterature:51
07-16 10:31:09.481   589  1707 I TEMP_CTL: [EN_SPEED_AUTO]--tempInc:30.000--fan_speed:88.000--target:45.000--current:42.000--env:25.000--minspeed:88--maxspeed:108
07-16 10:31:09.482   589  1707 I TEMP_CTL: Device_Fan_New_MCU setSpeed = 88
07-16 10:31:09.582   589  1722 I TEMP_CTL: [EN_SPEED_AUTO]--tempInc:30.000--fan_speed:88.000--target:45.000--current:42.000--env:25.000--minspeed:88--maxspeed:108
07-16 10:31:09.582   589  1722 I TEMP_CTL: Device_Fan_New_MCU setSpeed = 88
07-16 10:31:09.626   589  1751 I PlatformSys: getCpuTempterature:50
07-16 10:31:09.626   589  1751 I TEMP_CTL: [run:1094]CPU temperature:50
07-16 10:31:09.678   589  1744 I TEMP_CTL: [EN_SPEED_AUTO]--tempInc:30.000--fan_speed:88.000--target:45.000--current:42.000--env:25.000--minspeed:88--maxspeed:108
07-16 10:31:09.678   589  1744 I TEMP_CTL: Device_Fan_New_MCU setSpeed = 88
07-16 10:31:09.773     0     0 I [    C3] [wlan][0]asicConnac2xRxPerfIndProcessRXV: (SW4 WARN) u4RxVector0 is 0
07-16 10:31:09.781     0     0 I [    C3] [wlan][0]asicConnac2xRxPerfIndProcessRXV: (SW4 WARN) u4RxVector0 is 0
07-16 10:31:09.827   589  1751 I PlatformSys: getCpuTempterature:51
07-16 10:31:09.860     0     0 I [    C3] [wlan][0]asicConnac2xRxPerfIndProcessRXV: (SW4 WARN) u4RxVector0 is 0
07-16 10:31:09.890   589  1667 D XlabControl: xlabDaemonThread:1500 --- xlabDaemonThread start!
07-16 10:31:09.914   589  1216 D XGIMI_RADAR_CTL: checkScanResult[271]:radarDistance:166
07-16 10:31:10.029   589  1751 I PlatformSys: getCpuTempterature:51
07-16 10:31:10.067     0     0 I [    C3] [wlan][0]asicConnac2xRxPerfIndProcessRXV: (SW4 WARN) u4RxVector0 is 0
07-16 10:31:10.084   589  1707 I TEMP_CTL: [EN_SPEED_AUTO]--tempInc:30.000--fan_speed:88.000--target:45.000--current:42.000--env:25.000--minspeed:88--maxspeed:108
07-16 10:31:10.084   589  1707 I TEMP_CTL: Device_Fan_New_MCU setSpeed = 88
07-16 10:31:10.088   443   443 I [HAL_AUDIO_DumpDspInfo][14520][07633029]ADEC0 ESID: 00, FF|ES=0000(0000),PCM=0000|Type=<00,0>|play=0:<1194>,State=0,0(0)|frmCnt:0000,0000(0000),00,00,00,00,00|tag:000,000|AvDly=140(ext offset:0),STC=0,PTS=0,cPTS=0,|Td=0
07-16 10:31:10.088   443   443 I         : mute(0,0),acmode(5),ch_map(0x0)smp_rate(48000),bit_rate(0)
07-16 10:31:10.088   443   443 I         : SND vol mch:0x800000,ch5:0x800000,ch6:0x800000,ch7:0x800000,ch8:0x800000
07-16 10:31:10.184   589  1722 I TEMP_CTL: [EN_SPEED_AUTO]--tempInc:30.000--fan_speed:88.000--target:45.000--current:42.000--env:25.000--minspeed:88--maxspeed:108
07-16 10:31:10.184   589  1722 I TEMP_CTL: Device_Fan_New_MCU setSpeed = 88
07-16 10:31:10.230   589  1751 I PlatformSys: getCpuTempterature:51
07-16 10:31:10.230   589  1751 I TEMP_CTL: [run:1108]factory mode:1
07-16 10:31:10.268   589  1243 D GM_DISP_CTRL: [DlpLumensAdjust:10809]AdjState:3,Lock:0,Page/tbl=0,0,IntCfg:0->0,Condition:-1 0 -1,EnvTemp=255,Mode=0,Lvl=10 10 10 10,CustLvlType=0
07-16 10:31:10.280   589  1744 I TEMP_CTL: [EN_SPEED_AUTO]--tempInc:30.000--fan_speed:88.000--target:45.000--current:42.000--env:25.000--minspeed:88--maxspeed:108
07-16 10:31:10.280   589  1744 I TEMP_CTL: Device_Fan_New_MCU setSpeed = 88
07-16 10:31:10.414   589  1216 D XGIMI_RADAR_CTL: checkScanResult[271]:radarDistance:166
07-16 10:31:10.432   589  1751 D TEMP_CTL: get fan speed success :air_intake_fan:[1150][1150] air_out_fan[1150][0] dedust_DMD_fan[0][0]
07-16 10:31:10.434   589  1751 D TEMP_CTL: get fan speed success :air_intake_fan:[1150][1150] air_out_fan[1150][0] dedust_DMD_fan[0][0]
07-16 10:31:10.435   589  1751 D TEMP_CTL: get fan speed success :air_intake_fan:[1150][1150] air_out_fan[1150][0] dedust_DMD_fan[0][0]
07-16 10:31:10.547   589  1751 I PlatformSys: getCpuTempterature:51
07-16 10:31:10.686   589  1707 I TEMP_CTL: [EN_SPEED_AUTO]--tempInc:30.000--fan_speed:88.000--target:45.000--current:42.000--env:25.000--minspeed:88--maxspeed:108
07-16 10:31:10.686   589  1707 I TEMP_CTL: Device_Fan_New_MCU setSpeed = 88
07-16 10:31:10.748   589  1751 I PlatformSys: getCpuTempterature:51
07-16 10:31:10.786   589  1722 I TEMP_CTL: [EN_SPEED_AUTO]--tempInc:30.000--fan_speed:88.000--target:45.000--current:42.000--env:25.000--minspeed:88--maxspeed:108
07-16 10:31:10.786   589  1722 I TEMP_CTL: Device_Fan_New_MCU setSpeed = 88
07-16 10:31:10.882   589  1744 I TEMP_CTL: [EN_SPEED_AUTO]--tempInc:30.000--fan_speed:88.000--target:45.000--current:42.000--env:25.000--minspeed:88--maxspeed:108
07-16 10:31:10.882   589  1744 I TEMP_CTL: Device_Fan_New_MCU setSpeed = 88
07-16 10:31:10.890   589  1667 D XlabControl: xlabDaemonThread:1500 --- xlabDaemonThread start!
07-16 10:31:10.905   589  1706 D MCU_BUS : m_SystemMode:7
07-16 10:31:10.905   589  1706 D MCU_BUS : m_SystemMode:7
07-16 10:31:10.906   589  1706 D IOT_CTRL: setIotProjectorStatus: 7
07-16 10:31:10.914   589  1216 D XGIMI_RADAR_CTL: checkScanResult[271]:radarDistance:166
07-16 10:31:10.949   589  1751 I PlatformSys: getCpuTempterature:51
07-16 10:31:11.051  1048  1048 I [wlan][1048]mtk_cfg_get_txpower: (REQ WARN) STA doesn't support this function
07-16 10:31:11.151   589  1751 I PlatformSys: getCpuTempterature:51
07-16 10:31:11.182   443   443 I [HAL_AUDIO_DumpDspInfo][14520][07634122]ADEC0 ESID: 00, FF|ES=0000(0000),PCM=0000|Type=<00,0>|play=0:<1194>,State=0,0(0)|frmCnt:0000,0000(0000),00,00,00,00,00|tag:000,000|AvDly=140(ext offset:0),STC=0,PTS=0,cPTS=0,|Td=0
07-16 10:31:11.182   443   443 I         : mute(0,0),acmode(5),ch_map(0x0)smp_rate(48000),bit_rate(0)
07-16 10:31:11.182   443   443 I         : SND vol mch:0x800000,ch5:0x800000,ch6:0x800000,ch7:0x800000,ch8:0x800000
07-16 10:31:11.288   589  1707 I TEMP_CTL: [EN_SPEED_AUTO]--tempInc:30.000--fan_speed:88.000--target:45.000--current:42.000--env:25.000--minspeed:88--maxspeed:108
07-16 10:31:11.288   589  1707 I TEMP_CTL: Device_Fan_New_MCU setSpeed = 88
07-16 10:31:11.352   589  1751 I PlatformSys: getCpuTempterature:51
07-16 10:31:11.352   589  1751 I TEMP_CTL: [run:1108]factory mode:1
07-16 10:31:11.388   589  1722 I TEMP_CTL: [EN_SPEED_AUTO]--tempInc:30.000--fan_speed:88.000--target:45.000--current:42.000--env:25.000--minspeed:88--maxspeed:108
07-16 10:31:11.388   589  1722 I TEMP_CTL: Device_Fan_New_MCU setSpeed = 88
07-16 10:31:11.414   589  1216 D XGIMI_RADAR_CTL: checkScanResult[271]:radarDistance:166
07-16 10:31:11.435   589  1696 D Motion_det_ctl: (type:2:1)(0 0 0) (0 -8 0)
07-16 10:31:11.435   589  1696 D Motion_det_ctl: Ang Gyr Adjust Ing 4:(-8 0 0)
07-16 10:31:11.484   589  1744 I TEMP_CTL: [EN_SPEED_AUTO]--tempInc:30.000--fan_speed:88.000--target:45.000--current:42.000--env:25.000--minspeed:88--maxspeed:108
07-16 10:31:11.484   589  1744 I TEMP_CTL: Device_Fan_New_MCU setSpeed = 88
07-16 10:31:11.554   589  1751 D TEMP_CTL: get fan speed success :air_intake_fan:[1150][1100] air_out_fan[1150][0] dedust_DMD_fan[0][0]
07-16 10:31:11.555   589  1751 D TEMP_CTL: get fan speed success :air_intake_fan:[1150][1100] air_out_fan[1150][0] dedust_DMD_fan[0][0]
07-16 10:31:11.557   589  1751 D TEMP_CTL: get fan speed success :air_intake_fan:[1150][1100] air_out_fan[1150][0] dedust_DMD_fan[0][0]
07-16 10:31:11.571   589  1669 D GM_DISP_SCENE_V3: [_switchHlightTestMode:3019]LumensMode:0, BCLMode:18, bEnterBCL:0
07-16 10:31:11.614   589  1751 I TEMP_CTL: [run:1061]TempSensor[3] temperature:43
07-16 10:31:11.670   589  1751 I PlatformSys: getCpuTempterature:51
07-16 10:31:11.872   589  1751 I PlatformSys: getCpuTempterature:51
07-16 10:31:11.872   589  1751 I TEMP_CTL: [run:1094]CPU temperature:51
07-16 10:31:11.890   589  1707 I TEMP_CTL: [EN_SPEED_AUTO]--tempInc:30.000--fan_speed:88.000--target:45.000--current:42.000--env:25.000--minspeed:88--maxspeed:108
07-16 10:31:11.890   589  1707 I TEMP_CTL: Device_Fan_New_MCU setSpeed = 88
07-16 10:31:11.891   589  1667 D XlabControl: xlabDaemonThread:1500 --- xlabDaemonThread start!
07-16 10:31:11.914   589  1216 D XGIMI_RADAR_CTL: checkScanResult[271]:radarDistance:166
07-16 10:31:11.990   589  1722 I TEMP_CTL: [EN_SPEED_AUTO]--tempInc:30.000--fan_speed:88.000--target:45.000--current:42.000--env:25.000--minspeed:88--maxspeed:108
07-16 10:31:11.990   589  1722 I TEMP_CTL: Device_Fan_New_MCU setSpeed = 88
07-16 10:31:12.073   589  1751 I PlatformSys: getCpuTempterature:51
07-16 10:31:12.086   589  1744 I TEMP_CTL: [EN_SPEED_AUTO]--tempInc:30.000--fan_speed:88.000--target:45.000--current:42.000--env:25.000--minspeed:88--maxspeed:108
07-16 10:31:12.086   589  1744 I TEMP_CTL: Device_Fan_New_MCU setSpeed = 88
07-16 10:31:12.219  1344  1575 I bt_btif_dm: packages/modules/Bluetooth/system/btif/src/btif_dm.cc:694 btif_update_remote_properties: class of device (cod) is 0x00050c
07-16 10:31:12.275   589  1751 I PlatformSys: getCpuTempterature:51
07-16 10:31:12.280   443   443 I [HAL_AUDIO_DumpDspInfo][14520][07635221]ADEC0 ESID: 00, FF|ES=0000(0000),PCM=0000|Type=<00,0>|play=0:<1194>,State=0,0(0)|frmCnt:0000,0000(0000),00,00,00,00,00|tag:000,000|AvDly=140(ext offset:0),STC=0,PTS=0,cPTS=0,|Td=0
07-16 10:31:12.280   443   443 I         : mute(0,0),acmode(5),ch_map(0x0)smp_rate(48000),bit_rate(0)
07-16 10:31:12.280   443   443 I         : SND vol mch:0x800000,ch5:0x800000,ch6:0x800000,ch7:0x800000,ch8:0x800000
07-16 10:31:12.414   589  1216 D XGIMI_RADAR_CTL: checkScanResult[271]:radarDistance:166
07-16 10:31:12.421     0     0 I [    C3] [wlan][0]asicConnac2xRxPerfIndProcessRXV: (SW4 WARN) u4RxVector0 is 0
07-16 10:31:12.476   589  1751 I PlatformSys: getCpuTempterature:51
07-16 10:31:12.476   589  1751 I TEMP_CTL: [run:1108]factory mode:1
07-16 10:31:12.492   589  1707 I TEMP_CTL: [EN_SPEED_AUTO]--tempInc:30.000--fan_speed:88.000--target:45.000--current:42.000--env:25.000--minspeed:88--maxspeed:108
07-16 10:31:12.492   589  1707 I TEMP_CTL: Device_Fan_New_MCU setSpeed = 88
07-16 10:31:12.592   589  1722 I TEMP_CTL: [EN_SPEED_AUTO]--tempInc:30.000--fan_speed:88.000--target:45.000--current:42.000--env:25.000--minspeed:88--maxspeed:108
07-16 10:31:12.592   589  1722 I TEMP_CTL: Device_Fan_New_MCU setSpeed = 88
07-16 10:31:12.678   589  1751 D TEMP_CTL: get fan speed success :air_intake_fan:[1150][1100] air_out_fan[1100][0] dedust_DMD_fan[0][0]
07-16 10:31:12.679   589  1751 D TEMP_CTL: get fan speed success :air_intake_fan:[1150][1100] air_out_fan[1100][0] dedust_DMD_fan[0][0]
07-16 10:31:12.681   589  1751 D TEMP_CTL: get fan speed success :air_intake_fan:[1150][1100] air_out_fan[1100][0] dedust_DMD_fan[0][0]
07-16 10:31:12.688   589  1744 I TEMP_CTL: [EN_SPEED_AUTO]--tempInc:30.000--fan_speed:88.000--target:45.000--current:42.000--env:25.000--minspeed:88--maxspeed:108
07-16 10:31:12.688   589  1744 I TEMP_CTL: Device_Fan_New_MCU setSpeed = 88
07-16 10:31:12.793   589  1751 I PlatformSys: getCpuTempterature:51
07-16 10:31:12.891   589  1667 D XlabControl: xlabDaemonThread:1500 --- xlabDaemonThread start!
07-16 10:31:12.915   589  1216 D XGIMI_RADAR_CTL: checkScanResult[271]:radarDistance:166
07-16 10:31:12.994   589  1751 I PlatformSys: getCpuTempterature:51
07-16 10:31:13.094   589  1707 I TEMP_CTL: [EN_SPEED_AUTO]--tempInc:30.000--fan_speed:88.000--target:45.000--current:42.000--env:25.000--minspeed:88--maxspeed:108
07-16 10:31:13.094   589  1707 I TEMP_CTL: Device_Fan_New_MCU setSpeed = 88
07-16 10:31:13.194   589  1722 I TEMP_CTL: [EN_SPEED_AUTO]--tempInc:30.000--fan_speed:88.000--target:45.000--current:42.000--env:25.000--minspeed:88--maxspeed:108
07-16 10:31:13.194   589  1722 I TEMP_CTL: Device_Fan_New_MCU setSpeed = 88
07-16 10:31:13.196   589  1751 I PlatformSys: getCpuTempterature:51
07-16 10:31:13.290   589  1744 I TEMP_CTL: [EN_SPEED_AUTO]--tempInc:30.000--fan_speed:88.000--target:45.000--current:42.000--env:25.000--minspeed:88--maxspeed:108
07-16 10:31:13.290   589  1744 I TEMP_CTL: Device_Fan_New_MCU setSpeed = 88
07-16 10:31:13.350     0     0 I [    C3] [wlan][0]asicConnac2xRxPerfIndProcessRXV: (SW4 WARN) u4RxVector0 is 0
07-16 10:31:13.372   443   443 I [HAL_AUDIO_DumpDspInfo][14520][07636313]ADEC0 ESID: 00, FF|ES=0000(0000),PCM=0000|Type=<00,0>|play=0:<1194>,State=0,0(0)|frmCnt:0000,0000(0000),00,00,00,00,00|tag:000,000|AvDly=140(ext offset:0),STC=0,PTS=0,cPTS=0,|Td=0
07-16 10:31:13.372   443   443 I         : mute(0,0),acmode(5),ch_map(0x0)smp_rate(48000),bit_rate(0)
07-16 10:31:13.372   443   443 I         : SND vol mch:0x800000,ch5:0x800000,ch6:0x800000,ch7:0x800000,ch8:0x800000
07-16 10:31:13.397   589  1751 I PlatformSys: getCpuTempterature:51
07-16 10:31:13.415   589  1216 D XGIMI_RADAR_CTL: checkScanResult[271]:radarDistance:172
07-16 10:31:13.529   589  1696 D Motion_det_ctl: (type:2:1)(0 0 0) (1 -9 -1)
07-16 10:31:13.529   589  1696 D Motion_det_ctl: Ang Gyr Adjust Ing 5:(-9 1 -1)
07-16 10:31:13.598   589  1751 I PlatformSys: getCpuTempterature:51
07-16 10:31:13.598   589  1751 I TEMP_CTL: [run:1108]factory mode:1
07-16 10:31:13.696   589  1707 I TEMP_CTL: [EN_SPEED_AUTO]--tempInc:30.000--fan_speed:88.000--target:45.000--current:42.000--env:25.000--minspeed:88--maxspeed:108
07-16 10:31:13.696   589  1707 I TEMP_CTL: Device_Fan_New_MCU setSpeed = 88
07-16 10:31:13.760   565   565 D WVCdm   : [crypto_session.cpp(924):Open] Opening crypto session: requested_security_level = Default
07-16 10:31:13.761   565   565 I WVCdm   : [file_utils.cpp(38):Exists] stat failed: ENOENT
07-16 10:31:13.761   565   565 I WVCdm   : [file_utils.cpp(38):Exists] stat failed: ENOENT
07-16 10:31:13.761   565   565 I WVCdm   : [cdm_engine.cpp(216):OpenSession] New session: session_id = sid176
07-16 10:31:13.761   565   565 I WVCdm   : [cdm_engine.cpp(1050):QueryOemCryptoSessionId] session_id = sid176
07-16 10:31:13.762   565   565 I WVCdm   : [cdm_engine.cpp(955):QuerySessionStatus] session_id = sid176
07-16 10:31:13.763   565   565 I WVCdm   : [cdm_engine.cpp(261):CloseSession] session_id = sid176
07-16 10:31:13.764   565   565 I WVCdm   : [cdm_engine.cpp(1115):GetProvisioningRequest] cert_type = x509
07-16 10:31:13.764   565   565 D WVCdm   : [crypto_session.cpp(924):Open] Opening crypto session: requested_security_level = Default
07-16 10:31:13.796   589  1722 I TEMP_CTL: [EN_SPEED_AUTO]--tempInc:30.000--fan_speed:88.000--target:45.000--current:42.000--env:25.000--minspeed:88--maxspeed:108
07-16 10:31:13.796   589  1722 I TEMP_CTL: Device_Fan_New_MCU setSpeed = 88
07-16 10:31:13.800   589  1751 D TEMP_CTL: get fan speed success :air_intake_fan:[1150][1150] air_out_fan[1150][0] dedust_DMD_fan[0][0]
07-16 10:31:13.802   589  1751 D TEMP_CTL: get fan speed success :air_intake_fan:[1150][1150] air_out_fan[1150][0] dedust_DMD_fan[0][0]
07-16 10:31:13.803   589  1751 D TEMP_CTL: get fan speed success :air_intake_fan:[1150][1150] air_out_fan[1150][0] dedust_DMD_fan[0][0]
07-16 10:31:13.891   589  1667 D XlabControl: xlabDaemonThread:1500 --- xlabDaemonThread start!
07-16 10:31:13.892   589  1744 I TEMP_CTL: [EN_SPEED_AUTO]--tempInc:30.000--fan_speed:88.000--target:45.000--current:42.000--env:25.000--minspeed:88--maxspeed:108
07-16 10:31:13.892   589  1744 I TEMP_CTL: Device_Fan_New_MCU setSpeed = 88
07-16 10:31:13.914   589  1751 I PlatformSys: getCpuTempterature:53
07-16 10:31:13.915   589  1216 D XGIMI_RADAR_CTL: checkScanResult[271]:radarDistance:174
07-16 10:31:13.943 17088 17152 D cast_ClientAuthCredsWidevine: [ClientAuthCredsWidevine.java:321] PostRequest:https://www.googleapis.com/certificateprovisioning/v1/devicecertificates/create?key=AIzaSyB-5OLKTx2iU5mko18DfdwK5611JIjbUhE&signedRequest=CogaEgTrR4aEGhMIARIPY2FzdC5nb29nbGUuY29tKsgZCgx3aWRldmluZS5jb20SEFFDT-KkTHY7zCyCai1u-acakBchAvGYNY_dUtTHIm1-Nj91sIMIWuxFbKWGe5yAKw8c6Hzl64iBOJP86esNsQx36bmeUxJzNJFXayER8XrldJmalA4YKXiCZZTaWrpB8O-QK1ftqcsBpOB9H-0_yAwhNJ1VvT0eoX_8c7R2jmDyV_OxlO908Bzqf14gWMCtvlkDsHFGoBj1ozjzdAec8QdMFJCNzKt2fPxoGu4CzYampcODhOXlJvuoXqHIDIugh3RbcJpGvBfR7Ol_xMpEjNxIwqw_FIP2XzTM6MYO1n2xWk0StDD5ewWzPOSsPUks3pGgFXmVTC0j9n5K5tf5PX4g5IjkIqvyJ9V7LH7V5G9MVNccITyXU8PYKUSx3xrmB0nU3s7w2T2mHipVvhV2GSpPHbPg3cunrW0oX7i2sVhUY6oRJMNyFq4UBPZjoziOWFscJZEnjNwUHD3I6HCzYMO1sAiHsxV0O06H1P3u_3VvJuIyDiw4LUbdggZHt4uf1y1U9QWyEZBiM_N_-2PavW0lwbbuEGLErDRRrJeLW7hxcRED3oFcBQhoKK_mvB0Qezb2mdfVu32n2MKk7QCGxofYgySP2qCxftugOr9nsUCakjZddE3AhR38WJOdTZMK5dWobKX1ESLthBXQcVOn53gqkgjsygOksFrJFeJ4h6v74lfnOToKoH1VVpVoaFIuY4a6Q0Ni9D2Ohs0NA9ijsuzxU0YTCGI7t1z0eBZOAiChraZHQR-R4qBrqPKZOCBYaPmiIX8uxzdwaXkH4jdnbBLLUFmilcwv52PPlUwZlvblJ2oyLkx2hP2Cz4bpW_3AIS2PUCIAMleNepHhSN41Ls2BQCklrp8xZ7TFzQBG5UD7ZIgJu9wI5CES-Qz4olMr5JLgAJVIbfinipya71URmS-_K92OrKsJdLUUO9tEOlUnmCuDMU-ynKIAxC4grTp8SYJEPzO-mreEkR0sGHeqCNY8fhM-d5eLccs555ZP1y3hol3YbT80LD0iOSVFYsRboZM25BVnv951NvSCIIrfy4ok2vk0vI4t78qYPb4WMNmEC1gwu_Bwi9VI6BsBYkEWJMx4c1j4AMb3-iLsCQtmqwZSfbQrY0c4tFBh0je6bFJ1AeynBKFPu3y-ouWILh6qLCv2a78emNchyqx00zijLAPCjq3gkKsLd6PUfuiopazYo79onBAjfJPfg9hTahxXKqjNZW87pJlaHC52pj05UFPo2yWzXqGDKmLA9RlYuIccmjcF3N23baaua2FuydnSENNliuRQX2I6nmvZlFNc2S1hvLRhHY_S19rCjYGy799paf6LYrU8bBxHz9Z3uO8iWbk7-R607qM116eE27vDerVH0Zdk4G4jk_Stx2u3UDFziZadMIOqQMgrjcwmtrWPwEJyEhRjUrmYQrVt9TNU7JKaoPNC3c6DbXDorIX5Ey3ifSya2kCQc7tnwH5lbmvJdLw3IB-E7pKHSeN9YF2ltHN2fZg4WHSH6d6lGFndRZgculzpO0W_zoZ1oFU56jN6b3vBvC12s_AY7immV1g3VQ8Qnm8-_AlIZMEjcdBaAHL39gCMalwVehzYPI0Vpip9Rrr5_sV_scq1Vqo9CHKPyVAzWQbZ0Cyv8p-oZO3GHMWOQG3dUTrwZUOZZdCo8DJ8mRLuJK1TZ4dVpeVMUwvjWhw0xW6Lpjlscv26QBMnvd0K9vE6RUZPL5UpfkgxTleKE68VA-i8GsVLOGnClK9cxHdWzbaVezk6Gjfy9uPvDKSSKUc5y8mfw0iDF3KJV159RxfGu6xlxbZw312cfRPQzJzovj8lh7qUOhGlcbZbs5wlK6pA7rxsUbbPzX49CEcc8CcMwkFVPjMj2zocrOI8PIOSRpE1G1n1xHdh0hNGPvLHdAXe-FJDGI6dIyAg774Zb01t1HLUhhm1A2sS2ZxxH3tjxDBbFIWYuCre4DGA_KNcbPS0V0G0VUvQygJXj7reWfspuqORU2IBDEw9DiwdsDEawpnku82afNF_fsIF-VlmVghSXgfv0J00YtBwsO9KEZYL1H8pEeIRcoaD0Zo8w0o2-Ccm1W_KKn_qO5SeFuR4PMdmnAuJmr_7ZrRqkLhidFKnWyl6RDtdPwFUcRlX8jQ0HkpcK-Ke-n4ke7APmKH-R01kVCYrsgOWRtO30gBxwkhmkbUBi5gcHkg44zZ_gnVWJ2aA_FDWl2JzPqn3k5ZUQUL5JH3Uhe4JjirwBmOlUbqvS4vMLuKb8fgnQgSuZvH1wvYDy4I8QtBMKaXMrgTpXTSn-cUDbqqy-bLv2NcFD7-dVVpBgyQQMINPcuoZMLH4B-P6OG0xvNAK9dWTPDYIrzIKEqdyp-UwKhd9jzzGm5NuQ1KOTHRsbQuFGtgt-XOOimH_bzGKSS_02F3I_U9WdTBWS2Vd7mN2Kkx8kP6zXUQpI0kjOcayLm8xPTABn7z_ZeA9RUMYk4pzkO3Ut_P7ZnjDi0bWev5MUyTASDisUPVG8DfpS8uwL_6kjFi1Goa7nXFojPCDDMi1euFGr429BNxDJmMDuHe7QJ6UBj5-2gGS3KtYpvW2FAFjBL8qyrtA0aL86CENY5XGrJ8cIdIw7ZZpD8k-BfKo9MZo3jxQXoe6rb_y1zv8633_afYmyEbSVevkpPTkLj_tlytkEmljpMjjhncPR_AljbaW3z_N55vjqgiem7GJmqbS-nMwF9KkOjwTBuCWwBGXcU17PX1WpaFfIUiFWYo6GHLyQGXdxn-bdtdKPb9bnGULepFW_Zthmkgsds57UAvkynA5wqHYwXnl50C0Kco06UB6hHsrkIB54n0XhOCXFKlE0MU8qVR6o8wduFLRH1kATrm6NqqrIHFOhdFyiXjC7fmXeN1-RPN0oRS8s_S4A9X0hG9kIQYCLSw8514LPYAWOX9f-22ko-sbb6_cldN_hrvXhSIhpotV8RC6gq6uyrZg3Vk3Pp87maUsN4XyUmRMp0vVcLeErFJTWnH1ZXABpP1btpl_iAWjyDg2gf19TdSM-p2rmnpqqGvGO8gpo_NiKjlm3DUDyeM-H0x1qVK076Fb_F50HyWqP5eCLUGiHvdTWfnNXqMLfjWMKAHDbaXKrBHPYLQx7v6IrB5wW6vOOfPRWLVRgSOUNMnuxcVQ3cMZyTHHofXft1rypdPxzad4ScXCITyuE7WT5cxUf7Ibp6jIuXEiNj8SZu_oQr85DrYYSGZ9KycD-7ZYafmVxynjwnW5zwwaBv8cfZk8LBwB4Ygw2zaUnUyo42xdvuFZ1IQCSNSoGHgilo_61Jrkrq1rRNYk0bT41BsibjnKbNv6rCAM-UrCWKHGc-LQ-c39Lwk9ePYoDwq56sAmM9ciVYyxr_Frnj2Mu7vvFqkGPKA7oRGIdW6rhrIc9DN9jpkDZBYehhy6A3gYoklMBWeoWfE9qe2oPeKZVBcnMsePfB6MS7T8KcXzVbgiUnWdOPU0MUwgIgUjsdFkRTV04ejpk_pog7h67N7zeGYLiul2RIZuh9lVkENoP4JlaYHks61WFAE-bAoxUmvBOUR0OigPjGXuFPxH9NoBSJGHxnsy-HqlP_0F-XJyqH9_pyprQtWnbPbW6KjnkWoKlbcrfebw7QvOEBN_SCQPu_EtBSI-YxeW3bCt2_CM-tAhjhajAWLK2hTPTxFKFx_WTlRYwiAoN0mEuYIVkZGN05oSdJCberlHP9xTHyd-4Xkp4pDROOHPezT5pWNu3kIGKKynzRLhwUKUqi466opQQApD07dva8GUSYY5CKM-SJPDcJk2AuVv
07-16 10:31:13.945   384 23119 I resolv  : GetAddrInfoHandler::run: {107 107 107 983147 10062 0}
07-16 10:31:13.946   384 23120 I resolv  : res_nmkquery: (QUERY, IN, A)
07-16 10:31:14.060  1048  1048 I [wlan][1048]mtk_cfg_get_txpower: (REQ WARN) STA doesn't support this function
07-16 10:31:14.079   384 23120 I resolv  : res_nsend: used send_dg 292 terrno: 0
07-16 10:31:14.079   384 23120 I resolv  : doQuery: rcode=0, ancount=16, return value=292
07-16 10:31:14.082 17088 17152 D TrafficStats: tagSocket(272) with statsTag=0xffffffff, statsUid=-1
07-16 10:31:14.116   589  1751 I PlatformSys: getCpuTempterature:52
07-16 10:31:14.298   589  1707 I TEMP_CTL: [EN_SPEED_AUTO]--tempInc:30.000--fan_speed:88.000--target:45.000--current:42.000--env:25.000--minspeed:88--maxspeed:108
07-16 10:31:14.298   589  1707 I TEMP_CTL: Device_Fan_New_MCU setSpeed = 88
07-16 10:31:14.317   589  1751 I PlatformSys: getCpuTempterature:51
07-16 10:31:14.376   589  1243 D GM_DISP_CTRL: [UpdateTempLumesCfg:10508]Wait time to update TempCfg: LastDetectTime=7636656
07-16 10:31:14.398   589  1722 I TEMP_CTL: [EN_SPEED_AUTO]--tempInc:30.000--fan_speed:88.000--target:45.000--current:42.000--env:25.000--minspeed:88--maxspeed:108
07-16 10:31:14.398   589  1722 I TEMP_CTL: Device_Fan_New_MCU setSpeed = 88
07-16 10:31:14.415   589  1216 D XGIMI_RADAR_CTL: checkScanResult[271]:radarDistance:174
07-16 10:31:14.464   443   443 I [HAL_AUDIO_DumpDspInfo][14520][07637404]ADEC0 ESID: 00, FF|ES=0000(0000),PCM=0000|Type=<00,0>|play=0:<1194>,State=0,0(0)|frmCnt:0000,0000(0000),00,00,00,00,00|tag:000,000|AvDly=140(ext offset:0),STC=0,PTS=0,cPTS=0,|Td=0
07-16 10:31:14.464   443   443 I         : mute(0,0),acmode(5),ch_map(0x0)smp_rate(48000),bit_rate(0)
07-16 10:31:14.464   443   443 I         : SND vol mch:0x800000,ch5:0x800000,ch6:0x800000,ch7:0x800000,ch8:0x800000
07-16 10:31:14.494   589  1744 I TEMP_CTL: [EN_SPEED_AUTO]--tempInc:30.000--fan_speed:88.000--target:45.000--current:42.000--env:25.000--minspeed:88--maxspeed:108
07-16 10:31:14.494   589  1744 I TEMP_CTL: Device_Fan_New_MCU setSpeed = 88
07-16 10:31:14.518   589  1751 I PlatformSys: getCpuTempterature:51
07-16 10:31:14.720   589  1751 I PlatformSys: getCpuTempterature:51
07-16 10:31:14.720   589  1751 I TEMP_CTL: [run:1108]factory mode:1
07-16 10:31:14.724 17088 17152 E cast_ClientAuthCredsWidevine: Server returned HTTP error code 403
07-16 10:31:14.725 17088 17152 E cast_ClientAuthCredsWidevine: DRM request irreparably failed, giving up
07-16 10:31:14.725 17088 17152 E cast_ClientAuthCredsWidevine: com.google.android.apps.cast.ClientAuthCredsWidevine$AbandonAllHopeException: java.lang.RuntimeException: Server returned error code 403
07-16 10:31:14.725 17088 17152 E cast_ClientAuthCredsWidevine: 	at com.google.android.apps.cast.ClientAuthCredsWidevine.postRequest(ClientAuthCredsWidevine.java:345)
07-16 10:31:14.725 17088 17152 E cast_ClientAuthCredsWidevine: 	at com.google.android.apps.cast.ClientAuthCredsWidevine.postRequestWithRetry(ClientAuthCredsWidevine.java:366)
07-16 10:31:14.725 17088 17152 E cast_ClientAuthCredsWidevine: 	at com.google.android.apps.cast.ClientAuthCredsWidevine.provisionCredsSync(ClientAuthCredsWidevine.java:207)
07-16 10:31:14.725 17088 17152 E cast_ClientAuthCredsWidevine: 	at com.google.android.apps.mediashell.ClientAuthCredsProvisioning.attemptCredsProvisioning(ClientAuthCredsProvisioning.java:92)
07-16 10:31:14.725 17088 17152 E cast_ClientAuthCredsWidevine: 	at com.google.android.apps.mediashell.ClientAuthCredsProvisioning.access$000(ClientAuthCredsProvisioning.java:33)
07-16 10:31:14.725 17088 17152 E cast_ClientAuthCredsWidevine: 	at com.google.android.apps.mediashell.ClientAuthCredsProvisioning$1.run(ClientAuthCredsProvisioning.java:57)
07-16 10:31:14.725 17088 17152 E cast_ClientAuthCredsWidevine: 	at java.util.concurrent.Executors$RunnableAdapter.call(Executors.java:487)
07-16 10:31:14.725 17088 17152 E cast_ClientAuthCredsWidevine: 	at java.util.concurrent.FutureTask.run(FutureTask.java:264)
07-16 10:31:14.725 17088 17152 E cast_ClientAuthCredsWidevine: 	at java.util.concurrent.ScheduledThreadPoolExecutor$ScheduledFutureTask.run(ScheduledThreadPoolExecutor.java:307)
07-16 10:31:14.725 17088 17152 E cast_ClientAuthCredsWidevine: 	at java.util.concurrent.ThreadPoolExecutor.runWorker(ThreadPoolExecutor.java:1145)
07-16 10:31:14.725 17088 17152 E cast_ClientAuthCredsWidevine: 	at java.util.concurrent.ThreadPoolExecutor$Worker.run(ThreadPoolExecutor.java:644)
07-16 10:31:14.725 17088 17152 E cast_ClientAuthCredsWidevine: 	at java.lang.Thread.run(Thread.java:1012)
07-16 10:31:14.725 17088 17152 E cast_ClientAuthCredsWidevine: Caused by: java.lang.RuntimeException: Server returned error code 403
07-16 10:31:14.725 17088 17152 E cast_ClientAuthCredsWidevine: 	... 12 more
07-16 10:31:14.725 17088 17152 E cast_ClientAuthCredsWidevine: attemptCredsProvisioning. Received null response.
07-16 10:31:14.725 17088 17152 I cast_ClientAuthCredsProvisioning: ClientAuthCredsProvisioning. Next attempt(secs): 60
07-16 10:31:14.891   589  1667 D XlabControl: xlabDaemonThread:1500 --- xlabDaemonThread start!
07-16 10:31:14.900   589  1707 I TEMP_CTL: [EN_SPEED_AUTO]--tempInc:30.000--fan_speed:88.000--target:45.000--current:42.000--env:25.000--minspeed:88--maxspeed:108
07-16 10:31:14.900   589  1707 I TEMP_CTL: Device_Fan_New_MCU setSpeed = 88
07-16 10:31:14.906   589  1706 D MCU_BUS : m_SystemMode:7
