07-16 10:30:39.378   589  1707 I TEMP_CTL: [EN_SPEED_AUTO]--tempInc:35.000--fan_speed:88.000--target:46.000--current:43.000--env:25.000--minspeed:88--maxspeed:108
07-16 10:30:39.378   589  1707 I TEMP_CTL: Device_Fan_New_MCU setSpeed = 88
07-16 10:30:39.404   589  1216 D XGIMI_RADAR_CTL: checkScanResult[271]:radarDistance:246
07-16 10:30:39.474  1063  1093 V WindowManagerShell: Transition requested: android.os.BinderProxy@857197f TransitionRequestInfo { type = CLOSE, triggerTask = TaskInfo{userId=0 taskId=101 displayId=0 isRunning=false baseIntent=Intent { flg=0x50808000 pkg=com.google.android.tv.remote.service cmp=com.google.android.tv.remote.service/.pairing.PairingCodeActivity } baseActivity=null topActivity=null origActivity=null realActivity=ComponentInfo{com.google.android.tv.remote.service/com.google.android.tv.remote.service.pairing.PairingCodeActivity} numActivities=0 lastActiveTime=167983082 supportsMultiWindow=false resizeMode=1 isResizeable=true minWidth=-1 minHeight=-1 defaultMinSize=220 token=WCT{android.window.IWindowContainerToken$Stub$Proxy@e14bd4c} topActivityType=1 pictureInPictureParams=null shouldDockBigOverlays=false launchIntoPipHostTaskId=-1 lastParentTaskIdBeforePip=-1 displayCutoutSafeInsets=null topActivityInfo=null launchCookies=[] positionInParent=Point(0, 0) parentTaskId=-1 isFocused=true isVisible=true isVisibleRequested=true isSleeping=false topActivityInSizeCompat=false topActivityEligibleForLetterboxEducation= false topActivityLetterboxed= false isFromDoubleTap= false topActivityLetterboxVerticalPosition= -1 topActivityLetterboxHorizontalPosition= -1 topActivityLetterboxWidth=-1 topActivityLetterboxHeight=-1 locusId=null displayAreaFeatureId=1 cameraCompatControlState=hidden}, remoteTransition = null, displayChange = null }
07-16 10:30:39.474   589  1722 I TEMP_CTL: [EN_SPEED_AUTO]--tempInc:35.000--fan_speed:88.000--target:46.000--current:43.000--env:25.000--minspeed:88--maxspeed:108
07-16 10:30:39.474   589  1722 I TEMP_CTL: Device_Fan_New_MCU setSpeed = 88
07-16 10:30:39.485   580   580 I BpBinder: onLastStrongRef automatically unlinking death recipients: 
07-16 10:30:39.490   838  2617 E NotificationService: Suppressing toast from package com.google.android.tv.remote.service by user request.
07-16 10:30:39.492   838   991 D ConnectivityService: NetReassign [no changes] [c 0] [a 1] [i 1]
07-16 10:30:39.499  1409  1525 E OpenGLRenderer: Unable to match the desired swap behavior.
07-16 10:30:39.492   443   443 I [HAL_AUDIO_DumpDspInfo][14520][07602433]ADEC0 ESID: 00, FF|ES=0000(0000),PCM=0000|Type=<00,0>|play=0:<1194>,State=0,0(0)|frmCnt:0000,0000(0000),00,00,00,00,00|tag:000,000|AvDly=140(ext offset:0),STC=0,PTS=0,cPTS=0,|Td=0
07-16 10:30:39.492   443   443 I         : mute(0,0),acmode(5),ch_map(0x0)smp_rate(48000),bit_rate(0)
07-16 10:30:39.492   443   443 I         : SND vol mch:0x800000,ch5:0x800000,ch6:0x800000,ch7:0x800000,ch8:0x800000
07-16 10:30:39.506   511   511 D mali_gralloc: [allocator_allocate():288] allocating buffer (1920, 1080) usage=0x0x40000000000b00, format=0x0x1, size=8486912, heap_name=mtk_mali_gop_uncached
07-16 10:30:39.508   589  1751 I PlatformSys: getCpuTempterature:52
07-16 10:30:39.510   511   511 D mali_gralloc: [allocator_allocate():288] allocating buffer (1920, 1080) usage=0x0x40000000000b00, format=0x0x1, size=8486912, heap_name=mtk_mali_gop_uncached
07-16 10:30:39.515   838 12205 W AdbDebuggingManager: Ignoring tag 'keyStore'. Not recognized.
07-16 10:30:39.516  1409  1409 I WirelessDebuggingFrag: onEnabled(): connect_port=33667
07-16 10:30:39.517   511   511 D mali_gralloc: [allocator_allocate():288] allocating buffer (1920, 1080) usage=0x0x40000000000b00, format=0x0x1, size=8486912, heap_name=mtk_mali_gop_uncached
07-16 10:30:39.520   838   864 V WindowManager: Sent Transition #103 createdAt=07-16 10:30:39.473 via request=TransitionRequestInfo { type = CLOSE, triggerTask = TaskInfo{userId=0 taskId=101 displayId=0 isRunning=false baseIntent=Intent { flg=0x50808000 pkg=com.google.android.tv.remote.service cmp=com.google.android.tv.remote.service/.pairing.PairingCodeActivity } baseActivity=null topActivity=null origActivity=null realActivity=ComponentInfo{com.google.android.tv.remote.service/com.google.android.tv.remote.service.pairing.PairingCodeActivity} numActivities=0 lastActiveTime=167983082 supportsMultiWindow=false resizeMode=1 isResizeable=true minWidth=-1 minHeight=-1 defaultMinSize=220 token=WCT{RemoteToken{42f9cfb Task{46ddb0b #101 type=standard A=10061:com.google.android.tv.remote.service}}} topActivityType=1 pictureInPictureParams=null shouldDockBigOverlays=false launchIntoPipHostTaskId=-1 lastParentTaskIdBeforePip=-1 displayCutoutSafeInsets=null topActivityInfo=null launchCookies=[] positionInParent=Point(0, 0) parentTaskId=-1 isFocused=true isVisible=true isVisibleRequested=true isSleeping=false topActivityInSizeCompat=false topActivityEligibleForLetterboxEducation= false topActivityLetterboxed= false isFromDoubleTap= false topActivityLetterboxVerticalPosition= -1 topActivityLetterboxHorizontalPosition= -1 topActivityLetterboxWidth=-1 topActivityLetterboxHeight=-1 locusId=null displayAreaFeatureId=1 cameraCompatControlState=hidden}, remoteTransition = null, displayChange = null }
07-16 10:30:39.521  1063  1093 V WindowManagerShell: onTransitionReady android.os.BinderProxy@857197f: {id=103 t=CLOSE f=0x0 trk=0 r=[0@Point(0, 0)] c=[{WCT{android.window.IWindowContainerToken$Stub$Proxy@7766238} m=TO_FRONT f=NONE leash=Surface(name=Task=92)/@0x549f195 sb=Rect(0, 0 - 1920, 1080) eb=Rect(0, 0 - 1920, 1080) d=0},{WCT{android.window.IWindowContainerToken$Stub$Proxy@ea51211} m=CLOSE f=NONE leash=Surface(name=Task=101)/@0x65572aa sb=Rect(0, 0 - 1920, 1080) eb=Rect(0, 0 - 1920, 1080) d=0}]}
07-16 10:30:39.521  1063  1093 V WindowManagerShell: Playing animation for (#103)android.os.BinderProxy@857197f@0
07-16 10:30:39.521  1063  1093 V WindowManagerShell:  try handler com.android.wm.shell.keyguard.KeyguardTransitionHandler@1668db4
07-16 10:30:39.521  1063  1093 V WindowManagerShell:  try handler com.android.wm.shell.activityembedding.ActivityEmbeddingController@50f5ddd
07-16 10:30:39.521  1063  1093 V WindowManagerShell:  try handler com.android.wm.shell.pip.tv.TvPipTransition@c127d52
07-16 10:30:39.521  1063  1093 V WindowManagerShell:  try handler com.android.wm.shell.transition.RemoteTransitionHandler@57a8823
07-16 10:30:39.521  1063  1093 V WindowManagerShell: Transition doesn't have explicit remote, search filters for match for {id=103 t=CLOSE f=0x0 trk=0 r=[0@Point(0, 0)] c=[{WCT{android.window.IWindowContainerToken$Stub$Proxy@7766238} m=TO_FRONT f=NONE leash=Surface(name=Task=92)/@0x549f195 sb=Rect(0, 0 - 1920, 1080) eb=Rect(0, 0 - 1920, 1080) d=0},{WCT{android.window.IWindowContainerToken$Stub$Proxy@ea51211} m=CLOSE f=NONE leash=Surface(name=Task=101)/@0x65572aa sb=Rect(0, 0 - 1920, 1080) eb=Rect(0, 0 - 1920, 1080) d=0}]}
07-16 10:30:39.521  1063  1093 V WindowManagerShell:  Delegate animation for #103 to null
07-16 10:30:39.521  1063  1093 V WindowManagerShell:  try handler com.android.wm.shell.transition.DefaultTransitionHandler@8b8d120
07-16 10:30:39.521  1063  1093 V WindowManagerShell: start default transition animation, info = {id=103 t=CLOSE f=0x0 trk=0 r=[0@Point(0, 0)] c=[{WCT{android.window.IWindowContainerToken$Stub$Proxy@7766238} m=TO_FRONT f=NONE leash=Surface(name=Task=92)/@0x549f195 sb=Rect(0, 0 - 1920, 1080) eb=Rect(0, 0 - 1920, 1080) d=0},{WCT{android.window.IWindowContainerToken$Stub$Proxy@ea51211} m=CLOSE f=NONE leash=Surface(name=Task=101)/@0x65572aa sb=Rect(0, 0 - 1920, 1080) eb=Rect(0, 0 - 1920, 1080) d=0}]}
07-16 10:30:39.522  1063  1093 V WindowManagerShell: loadAnimation: anim=android.view.animation.AlphaAnimation@d4b69e4 animAttr=0xb type=CLOSE isEntrance=false
07-16 10:30:39.523   838   864 V WindowManager:     startWCT=WindowContainerTransaction { changes = {} hops = [] errorCallbackToken=null taskFragmentOrganizer=null }
07-16 10:30:39.523   838   864 V WindowManager:     info={id=103 t=CLOSE f=0x0 trk=0 r=[0@Point(0, 0)] c=[{WCT{RemoteToken{bfadf28 Task{65c1b99 #92 type=standard A=1000:com.android.tv.settings}}} m=TO_FRONT f=NONE leash=Surface(name=Task=92)/@0xc9b0a1a sb=Rect(0, 0 - 1920, 1080) eb=Rect(0, 0 - 1920, 1080) d=0},{WCT{RemoteToken{42f9cfb Task{46ddb0b #101 type=standard A=10061:com.google.android.tv.remote.service}}} m=CLOSE f=NONE leash=Surface(name=Task=101)/@0x79cae2c sb=Rect(0, 0 - 1920, 1080) eb=Rect(0, 0 - 1920, 1080) d=0}]}
07-16 10:30:39.524  1063  1093 V WindowManagerShell: loadAnimation: anim=android.view.animation.AlphaAnimation@fc5ad02 animAttr=0xa type=CLOSE isEntrance=true
07-16 10:30:39.526  1063  1093 V WindowManagerShell:  animated by com.android.wm.shell.transition.DefaultTransitionHandler@8b8d120
07-16 10:30:39.540   838  2617 I ImeTracker: com.android.tv.settings:84b90392: onRequestHide at ORIGIN_SERVER_HIDE_INPUT reason HIDE_UNSPECIFIED_WINDOW
07-16 10:30:39.540   838  2617 I ImeTracker: com.android.tv.settings:84b90392: onCancelled at PHASE_SERVER_SHOULD_HIDE
07-16 10:30:39.543 12692 12692 I GoogleInputMethodService: GoogleInputMethodService.onFinishInput():2097 
07-16 10:30:39.544 12692 12692 I Module  : DeviceLockedStatusModuleProvider$Module.updateDeviceLockedStatus():100 repeatCheckTimes = 0, locked = false
07-16 10:30:39.544 12692 12692 I GoogleInputMethodService: GoogleInputMethodService.onStartInput():1357 onStartInput(EditorInfo{EditorInfo{packageName=com.android.tv.settings, inputType=0, inputTypeString=NULL, enableLearning=false, autoCorrection=false, autoComplete=false, imeOptions=0, privateImeOptions=null, actionName=UNSPECIFIED, actionLabel=null, initialSelStart=-1, initialSelEnd=-1, initialCapsMode=0, label=null, fieldId=0, fieldName=null, extras=null, hintText=null, hintLocales=[]}}, false)
07-16 10:30:39.546 12692 12692 I Module  : DeviceLockedStatusModuleProvider$Module.updateDeviceLockedStatus():100 repeatCheckTimes = 1, locked = false
07-16 10:30:39.546   838  2617 W PackageConfigPersister: App-specific configuration not found for packageName: com.android.tv.settings and userId: 0
07-16 10:30:39.570   555   555 D hwcomposer3: HWCLayer::mapLayerMmpIova: layer[ 161] data.fd = '66', data.addr = 0x8933068800
07-16 10:30:39.573   589  1744 I TEMP_CTL: [EN_SPEED_AUTO]--tempInc:35.000--fan_speed:88.000--target:46.000--current:43.000--env:25.000--minspeed:88--maxspeed:108
07-16 10:30:39.573   589  1744 I TEMP_CTL: Device_Fan_New_MCU setSpeed = 88
07-16 10:30:39.582  1063  1093 D WindowManagerShell: TvPipController: onTaskStackChanged()
07-16 10:30:39.603 21752 21784 D TrafficStats: tagSocket(136) with statsTag=0xffffffff, statsUid=-1
07-16 10:30:39.604 21752 21784 I AtvRemote.TcpWakePortServer: Knock knock on wake port: 192.168.3.98
07-16 10:30:39.606 21752 21784 D AtvRemote.ConnectedClients: Client 192.168.3.98:40309 connecting
07-16 10:30:39.606 21752 21784 I AtvRemote.TcpWakePortServer: Client 192.168.3.98:40309 connecting
07-16 10:30:39.607 21752 21784 I AtvRemote.TcpWakePortServer: Adding wake lock
07-16 10:30:39.607 21752 23086 I AtvRemote.PacketReaderThread: Communication starting with 192.168.3.98:40309
07-16 10:30:39.709   589  1751 I PlatformSys: getCpuTempterature:51
07-16 10:30:39.883   589  1667 D XlabControl: xlabDaemonThread:1500 --- xlabDaemonThread start!
07-16 10:30:39.904   589  1216 D XGIMI_RADAR_CTL: checkScanResult[271]:radarDistance:246
07-16 10:30:39.911   589  1751 I PlatformSys: getCpuTempterature:51
07-16 10:30:39.911   589  1751 I TEMP_CTL: [run:1108]factory mode:1
07-16 10:30:39.937  1063  1093 V WindowManagerShell: Transition animation finished (aborted=false), notifying core (#103)android.os.BinderProxy@857197f@0
07-16 10:30:39.939   838   864 V WindowManager: Finish Transition #103: created at 07-16 10:30:39.473 collect-started=0.073ms request-sent=0.209ms started=3.992ms ready=8.397ms sent=44.397ms finished=465.8ms
07-16 10:30:39.941  1063  1093 V WindowManagerShell: Track 0 became idle
07-16 10:30:39.941  1063  1093 V WindowManagerShell: All active transition animations finished
07-16 10:30:39.962 21752 21752 I PrimesLoggerHolder: missing firstDraw timestamp
07-16 10:30:39.962 21752 21752 W WindowOnBackDispatcher: sendCancelIfRunning: isInProgress=falsecallback=android.view.ViewRootImpl$$ExternalSyntheticLambda11@dca256
07-16 10:30:39.963   838  2617 D CoreBackPreview: Window{46ba39 u0 com.google.android.tv.remote.service/com.google.android.tv.remote.service.pairing.PairingCodeActivity}: Setting back callback null
07-16 10:30:39.963   838  2617 W InputManager-JNI: Input channel object '46ba39 com.google.android.tv.remote.service/com.google.android.tv.remote.service.pairing.PairingCodeActivity (client)' was disposed without first being removed with the input manager!
07-16 10:30:39.980   589  1707 I TEMP_CTL: [EN_SPEED_AUTO]--tempInc:30.000--fan_speed:88.000--target:46.000--current:43.000--env:25.000--minspeed:88--maxspeed:108
07-16 10:30:39.980   589  1707 I TEMP_CTL: Device_Fan_New_MCU setSpeed = 88
07-16 10:30:40.015   589  1696 D Motion_det_ctl: (type:2:1)(0 0 0) (-1 -9 -1)
07-16 10:30:40.015   589  1696 D Motion_det_ctl: Ang Gyr Adjust Ing 10:(-9 -1 -1)
07-16 10:30:40.022 17389 17423 I Finsky:background: [57] Stats for Executor: LightweightExecutor lqi@fcaa3d1[Running, pool size = 3, active threads = 0, queued tasks = 0, completed tasks = 3724]
07-16 10:30:40.076   589  1722 I TEMP_CTL: [EN_SPEED_AUTO]--tempInc:30.000--fan_speed:88.000--target:46.000--current:43.000--env:25.000--minspeed:88--maxspeed:108
07-16 10:30:40.076   589  1722 I TEMP_CTL: Device_Fan_New_MCU setSpeed = 88
07-16 10:30:40.109 17389 17423 I Finsky:background: [57] Stats for Executor: bgExecutor lqi@bd79e36[Running, pool size = 4, active threads = 0, queued tasks = 0, completed tasks = 2346]
07-16 10:30:40.113   589  1751 D TEMP_CTL: get fan speed success :air_intake_fan:[1150][1100] air_out_fan[1100][0] dedust_DMD_fan[0][0]
07-16 10:30:40.114   589  1751 D TEMP_CTL: get fan speed success :air_intake_fan:[1150][1100] air_out_fan[1100][0] dedust_DMD_fan[0][0]
07-16 10:30:40.116   589  1751 D TEMP_CTL: get fan speed success :air_intake_fan:[1150][1100] air_out_fan[1100][0] dedust_DMD_fan[0][0]
07-16 10:30:40.163 21752 23086 W AtvRemote.TcpWakePortClient: Incoming connection for WakePortClient from unknown device 192.168.3.98:40309
07-16 10:30:40.163 21752 23086 W AtvRemote.PacketReaderThread: Failed to prepare input stream for 192.168.3.98:40309
07-16 10:30:40.164 21752 23085 W AtvRemote.ConnectedClients: Client 192.168.3.98:40309 connecting failure
07-16 10:30:40.175   589  1744 I TEMP_CTL: [EN_SPEED_AUTO]--tempInc:30.000--fan_speed:88.000--target:46.000--current:43.000--env:25.000--minspeed:88--maxspeed:108
07-16 10:30:40.175   589  1744 I TEMP_CTL: Device_Fan_New_MCU setSpeed = 88
07-16 10:30:40.177 17389 17423 I Finsky:background: [57] Stats for Executor: BlockingExecutor lqi@c70137[Running, pool size = 0, active threads = 0, queued tasks = 0, completed tasks = 326]
07-16 10:30:40.184 21752 21782 D TrafficStats: tagSocket(88) with statsTag=0xffffffff, statsUid=-1
07-16 10:30:40.186 21752 21782 D AtvRemote.ConnectedClients: Client 192.168.3.98:44703 connecting
07-16 10:30:40.187 21752 23089 I AtvRemote.PacketReaderThread: Communication starting with 192.168.3.98:44703
07-16 10:30:40.228   589  1751 I PlatformSys: getCpuTempterature:51
07-16 10:30:40.351 21752 23089 I AtvRemote.ConnectedClients: Client 192.168.3.98:44703 connected
07-16 10:30:40.352 21752 23089 I AtvRemote.FmrFeature: FMR is not enabled
07-16 10:30:40.393 21752 23089 I AtvRemote.ConnectedClient: Build information received: device_model='Pixel 2' device_manufacturer=Google os=android os_version=11 app_name=com.google.android.videos app_version=4.39.3208.781521181.6-release
07-16 10:30:40.394 21752 23089 I AtvRemote.AudioBridgeX: Total number of connected audio devices is 1
07-16 10:30:40.394 21752 23089 D TvRemoteProvider: openRemoteInputBridge() for virtual-remote: success
07-16 10:30:40.395   838  2617 I TvRemote-native-uiBridge: Registering uinput device virtual-remote: touch pad size 1x1, max pointers 1.
07-16 10:30:40.387  2617  2617 I input   : virtual-remote as /devices/virtual/input/input65
07-16 10:30:40.403   838   944 W EventHub: Unable to disable kernel key repeat for /dev/input/event7: Function not implemented
07-16 10:30:40.403   838   944 I EventHub: usingClockIoctl=true
07-16 10:30:40.404   838   944 I EventHub: New device: id=52, fd=452, path='/dev/input/event7', name='virtual-remote', classes=KEYBOARD | DPAD | GAMEPAD | MIC | EXTERNAL, configuration='/product/usr/idc/virtual-remote.idc', keyLayout='/vendor/usr/keylayout/Vendor_18d1_Product_0100.kl', keyCharacterMap='/product/usr/keychars/virtual-remote.kcm', builtinKeyboard=false, 
07-16 10:30:40.404   589  1216 D XGIMI_RADAR_CTL: checkScanResult[271]:radarDistance:246
07-16 10:30:40.404   838   944 I InputReader: Device added: id=39, eventHubId=52, name='virtual-remote', descriptor='aa7585455b7d669a2819097ca354750eeb36106f',sources=KEYBOARD | DPAD | GAMEPAD
07-16 10:30:40.406   838   867 W IPCThreadState: Sending oneway calls to frozen process.
07-16 10:30:40.429   589  1751 I PlatformSys: getCpuTempterature:51
07-16 10:30:40.582   589  1707 I TEMP_CTL: [EN_SPEED_AUTO]--tempInc:30.000--fan_speed:88.000--target:46.000--current:43.000--env:25.000--minspeed:88--maxspeed:108
07-16 10:30:40.582   589  1707 I TEMP_CTL: Device_Fan_New_MCU setSpeed = 88
07-16 10:30:40.587   443   443 I [HAL_AUDIO_DumpDspInfo][14520][07603527]ADEC0 ESID: 00, FF|ES=0000(0000),PCM=0000|Type=<00,0>|play=0:<1194>,State=0,0(0)|frmCnt:0000,0000(0000),00,00,00,00,00|tag:000,000|AvDly=140(ext offset:0),STC=0,PTS=0,cPTS=0,|Td=0
07-16 10:30:40.587   443   443 I         : mute(0,0),acmode(5),ch_map(0x0)smp_rate(48000),bit_rate(0)
07-16 10:30:40.587   443   443 I         : SND vol mch:0x800000,ch5:0x800000,ch6:0x800000,ch7:0x800000,ch8:0x800000
07-16 10:30:40.631   589  1751 I PlatformSys: getCpuTempterature:50
07-16 10:30:40.678   589  1722 I TEMP_CTL: [EN_SPEED_AUTO]--tempInc:30.000--fan_speed:88.000--target:46.000--current:43.000--env:25.000--minspeed:88--maxspeed:108
07-16 10:30:40.679   589  1722 I TEMP_CTL: Device_Fan_New_MCU setSpeed = 88
07-16 10:30:40.777   589  1744 I TEMP_CTL: [EN_SPEED_AUTO]--tempInc:30.000--fan_speed:88.000--target:46.000--current:43.000--env:25.000--minspeed:88--maxspeed:108
07-16 10:30:40.778   589  1744 I TEMP_CTL: Device_Fan_New_MCU setSpeed = 88
07-16 10:30:40.832   589  1751 I PlatformSys: getCpuTempterature:51
07-16 10:30:40.883   589  1667 D XlabControl: xlabDaemonThread:1500 --- xlabDaemonThread start!
07-16 10:30:40.904   589  1216 D XGIMI_RADAR_CTL: checkScanResult[271]:radarDistance:246
07-16 10:30:40.978  1048  1048 I [wlan][1048]mtk_cfg_get_txpower: (REQ WARN) STA doesn't support this function
07-16 10:30:41.034   589  1751 I PlatformSys: getCpuTempterature:50
07-16 10:30:41.034   589  1751 I TEMP_CTL: [run:1108]factory mode:1
07-16 10:30:41.100     0     0 I [    C3] [wlan][0]asicConnac2xRxPerfIndProcessRXV: (SW4 WARN) u4RxVector0 is 0
07-16 10:30:41.184   589  1707 I TEMP_CTL: [EN_SPEED_AUTO]--tempInc:30.000--fan_speed:88.000--target:46.000--current:43.000--env:25.000--minspeed:88--maxspeed:108
07-16 10:30:41.184   589  1707 I TEMP_CTL: Device_Fan_New_MCU setSpeed = 88
07-16 10:30:41.235   589  1751 D TEMP_CTL: get fan speed success :air_intake_fan:[1150][1100] air_out_fan[1150][0] dedust_DMD_fan[0][0]
07-16 10:30:41.237   589  1751 D TEMP_CTL: get fan speed success :air_intake_fan:[1150][1100] air_out_fan[1150][0] dedust_DMD_fan[0][0]
07-16 10:30:41.239   589  1751 D TEMP_CTL: get fan speed success :air_intake_fan:[1150][1100] air_out_fan[1150][0] dedust_DMD_fan[0][0]
07-16 10:30:41.281   589  1722 I TEMP_CTL: [EN_SPEED_AUTO]--tempInc:30.000--fan_speed:88.000--target:46.000--current:43.000--env:25.000--minspeed:88--maxspeed:108
07-16 10:30:41.281   589  1722 I TEMP_CTL: Device_Fan_New_MCU setSpeed = 88
07-16 10:30:41.296   589  1751 I TEMP_CTL: [run:1061]TempSensor[2] temperature:39
07-16 10:30:41.309   589  1243 D GM_DISP_CTRL: [DlpLumensAdjust:10809]AdjState:3,Lock:0,Page/tbl=0,0,IntCfg:0->0,Condition:-1 0 -1,EnvTemp=255,Mode=0,Lvl=10 10 10 10,CustLvlType=0
07-16 10:30:41.352   589  1751 I PlatformSys: getCpuTempterature:51
07-16 10:30:41.380   589  1744 I TEMP_CTL: [EN_SPEED_AUTO]--tempInc:30.000--fan_speed:88.000--target:46.000--current:43.000--env:25.000--minspeed:88--maxspeed:108
07-16 10:30:41.380   589  1744 I TEMP_CTL: Device_Fan_New_MCU setSpeed = 88
07-16 10:30:41.404   589  1216 D XGIMI_RADAR_CTL: checkScanResult[271]:radarDistance:246
07-16 10:30:41.553   589  1751 I PlatformSys: getCpuTempterature:51
07-16 10:30:41.682   443   443 I [HAL_AUDIO_DumpDspInfo][14520][07604622]ADEC0 ESID: 00, FF|ES=0000(0000),PCM=0000|Type=<00,0>|play=0:<1194>,State=0,0(0)|frmCnt:0000,0000(0000),00,00,00,00,00|tag:000,000|AvDly=140(ext offset:0),STC=0,PTS=0,cPTS=0,|Td=0
07-16 10:30:41.682   443   443 I         : mute(0,0),acmode(5),ch_map(0x0)smp_rate(48000),bit_rate(0)
07-16 10:30:41.682   443   443 I         : SND vol mch:0x800000,ch5:0x800000,ch6:0x800000,ch7:0x800000,ch8:0x800000
07-16 10:30:41.755   589  1751 I PlatformSys: getCpuTempterature:50
07-16 10:30:41.786   589  1707 I TEMP_CTL: [EN_SPEED_AUTO]--tempInc:30.000--fan_speed:88.000--target:46.000--current:43.000--env:25.000--minspeed:88--maxspeed:108
07-16 10:30:41.786   589  1707 I TEMP_CTL: Device_Fan_New_MCU setSpeed = 88
07-16 10:30:41.883   589  1722 I TEMP_CTL: [EN_SPEED_AUTO]--tempInc:30.000--fan_speed:88.000--target:46.000--current:43.000--env:25.000--minspeed:88--maxspeed:108
07-16 10:30:41.883   589  1722 I TEMP_CTL: Device_Fan_New_MCU setSpeed = 88
07-16 10:30:41.884   589  1667 D XlabControl: xlabDaemonThread:1500 --- xlabDaemonThread start!
07-16 10:30:41.905   589  1216 D XGIMI_RADAR_CTL: checkScanResult[271]:radarDistance:246
07-16 10:30:41.956   589  1751 I PlatformSys: getCpuTempterature:51
07-16 10:30:41.982   589  1744 I TEMP_CTL: [EN_SPEED_AUTO]--tempInc:30.000--fan_speed:88.000--target:46.000--current:43.000--env:25.000--minspeed:88--maxspeed:108
07-16 10:30:41.982   589  1744 I TEMP_CTL: Device_Fan_New_MCU setSpeed = 88
07-16 10:30:42.024   384   423 I netd    : setProcSysNet(4, 2, wlan0, retrans_time_ms, 1000) <0.16ms>
07-16 10:30:42.024   384   423 I netd    : setProcSysNet(4, 2, wlan0, ucast_solicit, 15) <0.08ms>
07-16 10:30:42.025   384   423 I netd    : setProcSysNet(6, 2, wlan0, retrans_time_ms, 1000) <0.08ms>
07-16 10:30:42.025   384   423 I netd    : setProcSysNet(6, 2, wlan0, ucast_solicit, 15) <0.05ms>
07-16 10:30:42.110   589  1696 D Motion_det_ctl: (type:2:1)(0 0 0) (-2 -8 0)
07-16 10:30:42.110   589  1696 D Motion_det_ctl: Ang Gyr Adjust Ing 11:(-8 -2 0)
07-16 10:30:42.157   589  1751 I PlatformSys: getCpuTempterature:51
07-16 10:30:42.158   589  1751 I TEMP_CTL: [run:1108]factory mode:1
07-16 10:30:42.325     0     0 I [    C3] [wlan][0]asicConnac2xRxPerfIndProcessRXV: (SW4 WARN) u4RxVector0 is 0
07-16 10:30:42.359   589  1751 D TEMP_CTL: get fan speed success :air_intake_fan:[1150][1150] air_out_fan[1150][0] dedust_DMD_fan[0][0]
07-16 10:30:42.361   589  1751 D TEMP_CTL: get fan speed success :air_intake_fan:[1150][1150] air_out_fan[1150][0] dedust_DMD_fan[0][0]
07-16 10:30:42.362   589  1751 D TEMP_CTL: get fan speed success :air_intake_fan:[1150][1150] air_out_fan[1150][0] dedust_DMD_fan[0][0]
07-16 10:30:42.388   589  1707 I TEMP_CTL: [EN_SPEED_AUTO]--tempInc:30.000--fan_speed:88.000--target:46.000--current:43.000--env:25.000--minspeed:88--maxspeed:108
07-16 10:30:42.388   589  1707 I TEMP_CTL: Device_Fan_New_MCU setSpeed = 88
07-16 10:30:42.405   589  1216 D XGIMI_RADAR_CTL: checkScanResult[271]:radarDistance:246
07-16 10:30:42.474   589  1751 I PlatformSys: getCpuTempterature:51
07-16 10:30:42.485   589  1722 I TEMP_CTL: [EN_SPEED_AUTO]--tempInc:30.000--fan_speed:88.000--target:46.000--current:43.000--env:25.000--minspeed:88--maxspeed:108
07-16 10:30:42.485   589  1722 I TEMP_CTL: Device_Fan_New_MCU setSpeed = 88
07-16 10:30:42.526     0     0 I [    C3] [wlan][0]asicConnac2xRxPerfIndProcessRXV: (SW4 WARN) u4RxVector0 is 0
07-16 10:30:42.584   589  1744 I TEMP_CTL: [EN_SPEED_AUTO]--tempInc:30.000--fan_speed:88.000--target:46.000--current:43.000--env:25.000--minspeed:88--maxspeed:108
07-16 10:30:42.584   589  1744 I TEMP_CTL: Device_Fan_New_MCU setSpeed = 88
07-16 10:30:42.676   589  1751 I PlatformSys: getCpuTempterature:50
07-16 10:30:42.776   443   443 I [HAL_AUDIO_DumpDspInfo][14520][07605717]ADEC0 ESID: 00, FF|ES=0000(0000),PCM=0000|Type=<00,0>|play=0:<1194>,State=0,0(0)|frmCnt:0000,0000(0000),00,00,00,00,00|tag:000,000|AvDly=140(ext offset:0),STC=0,PTS=0,cPTS=0,|Td=0
07-16 10:30:42.776   443   443 I         : mute(0,0),acmode(5),ch_map(0x0)smp_rate(48000),bit_rate(0)
07-16 10:30:42.776   443   443 I         : SND vol mch:0x800000,ch5:0x800000,ch6:0x800000,ch7:0x800000,ch8:0x800000
07-16 10:30:42.877   589  1751 I PlatformSys: getCpuTempterature:50
07-16 10:30:42.884   589  1667 D XlabControl: xlabDaemonThread:1500 --- xlabDaemonThread start!
07-16 10:30:42.899   589  1706 D MCU_BUS : m_SystemMode:7
07-16 10:30:42.899   589  1706 D MCU_BUS : m_SystemMode:7
07-16 10:30:42.899   589  1706 D IOT_CTRL: setIotProjectorStatus: 7
07-16 10:30:42.905   589  1216 D XGIMI_RADAR_CTL: checkScanResult[271]:radarDistance:246
07-16 10:30:42.990   589  1707 I TEMP_CTL: [EN_SPEED_AUTO]--tempInc:30.000--fan_speed:88.000--target:46.000--current:43.000--env:25.000--minspeed:88--maxspeed:108
07-16 10:30:42.990   589  1707 I TEMP_CTL: Device_Fan_New_MCU setSpeed = 88
07-16 10:30:43.078   589  1751 I PlatformSys: getCpuTempterature:50
07-16 10:30:43.087   589  1722 I TEMP_CTL: [EN_SPEED_AUTO]--tempInc:30.000--fan_speed:88.000--target:46.000--current:43.000--env:25.000--minspeed:88--maxspeed:108
07-16 10:30:43.087   589  1722 I TEMP_CTL: Device_Fan_New_MCU setSpeed = 88
07-16 10:30:43.186   589  1744 I TEMP_CTL: [EN_SPEED_AUTO]--tempInc:30.000--fan_speed:88.000--target:46.000--current:43.000--env:25.000--minspeed:88--maxspeed:108
07-16 10:30:43.186   589  1744 I TEMP_CTL: Device_Fan_New_MCU setSpeed = 88
07-16 10:30:43.256     0     0 I         : [    C3] [wlan]Drop Gratuitous ARP from [7e:fd:0d:1c:47:05] [192:168:3:192]
07-16 10:30:43.256     0     0 I [    C3] [wlan][0]qmHandleRxPackets: (QM WARN) Mark NULL the Packet for Dropped Packet 0
07-16 10:30:43.279   589  1751 I PlatformSys: getCpuTempterature:50
07-16 10:30:43.279   589  1751 I TEMP_CTL: [run:1108]factory mode:1
07-16 10:30:43.405   589  1216 D XGIMI_RADAR_CTL: checkScanResult[271]:radarDistance:246
07-16 10:30:43.481   589  1751 D TEMP_CTL: get fan speed success :air_intake_fan:[1100][1150] air_out_fan[1150][0] dedust_DMD_fan[0][0]
07-16 10:30:43.483   589  1751 D TEMP_CTL: get fan speed success :air_intake_fan:[1100][1150] air_out_fan[1150][0] dedust_DMD_fan[0][0]
07-16 10:30:43.484   589  1751 D TEMP_CTL: get fan speed success :air_intake_fan:[1100][1150] air_out_fan[1150][0] dedust_DMD_fan[0][0]
07-16 10:30:43.592   589  1707 I TEMP_CTL: [EN_SPEED_AUTO]--tempInc:30.000--fan_speed:88.000--target:46.000--current:43.000--env:25.000--minspeed:88--maxspeed:108
07-16 10:30:43.592   589  1707 I TEMP_CTL: Device_Fan_New_MCU setSpeed = 88
07-16 10:30:43.597   589  1751 I PlatformSys: getCpuTempterature:50
07-16 10:30:43.689   589  1722 I TEMP_CTL: [EN_SPEED_AUTO]--tempInc:30.000--fan_speed:88.000--target:46.000--current:43.000--env:25.000--minspeed:88--maxspeed:108
07-16 10:30:43.689   589  1722 I TEMP_CTL: Device_Fan_New_MCU setSpeed = 88
07-16 10:30:43.788   589  1744 I TEMP_CTL: [EN_SPEED_AUTO]--tempInc:30.000--fan_speed:88.000--target:46.000--current:43.000--env:25.000--minspeed:88--maxspeed:108
07-16 10:30:43.788   589  1744 I TEMP_CTL: Device_Fan_New_MCU setSpeed = 88
07-16 10:30:43.799   589  1751 I PlatformSys: getCpuTempterature:51
07-16 10:30:43.864   443   443 I [HAL_AUDIO_DumpDspInfo][14520][07606805]ADEC0 ESID: 00, FF|ES=0000(0000),PCM=0000|Type=<00,0>|play=0:<1194>,State=0,0(0)|frmCnt:0000,0000(0000),00,00,00,00,00|tag:000,000|AvDly=140(ext offset:0),STC=0,PTS=0,cPTS=0,|Td=0
07-16 10:30:43.864   443   443 I         : mute(0,0),acmode(5),ch_map(0x0)smp_rate(48000),bit_rate(0)
07-16 10:30:43.864   443   443 I         : SND vol mch:0x800000,ch5:0x800000,ch6:0x800000,ch7:0x800000,ch8:0x800000
07-16 10:30:43.884   589  1667 D XlabControl: xlabDaemonThread:1500 --- xlabDaemonThread start!
07-16 10:30:43.905   589  1216 D XGIMI_RADAR_CTL: checkScanResult[271]:radarDistance:246
07-16 10:30:43.985  1048  1048 I [wlan][1048]mtk_cfg_get_txpower: (REQ WARN) STA doesn't support this function
07-16 10:30:44.000   589  1751 I PlatformSys: getCpuTempterature:50
07-16 10:30:44.125   384 23090 I resolv  : GetAddrInfoHandler::run: {107 107 107 983147 10065 0}
07-16 10:30:44.126   384 23091 I resolv  : res_nmkquery: (QUERY, IN, AAAA)
07-16 10:30:44.126   384 23092 I resolv  : res_nmkquery: (QUERY, IN, A)
07-16 10:30:44.126   384 23091 I resolv  : resolv_cache_lookup: FOUND IN CACHE entry=0xf2383ec0
07-16 10:30:44.126   384 23091 I resolv  : doQuery: rcode=0, ancount=4, return value=162
07-16 10:30:44.139   384 23092 I resolv  : res_nsend: used send_dg 306 terrno: 0
07-16 10:30:44.140   384 23092 I resolv  : doQuery: rcode=0, ancount=16, return value=306
07-16 10:30:44.194   589  1707 I TEMP_CTL: [EN_SPEED_AUTO]--tempInc:30.000--fan_speed:88.000--target:46.000--current:43.000--env:25.000--minspeed:88--maxspeed:108
07-16 10:30:44.194   589  1707 I TEMP_CTL: Device_Fan_New_MCU setSpeed = 88
07-16 10:30:44.201   589  1751 I PlatformSys: getCpuTempterature:50
07-16 10:30:44.204   589  1696 D Motion_det_ctl: (type:2:1)(0 0 0) (0 -9 0)
07-16 10:30:44.204   589  1696 D Motion_det_ctl: Ang Gyr Adjust Ing 12:(-9 0 0)
07-16 10:30:44.291   589  1722 I TEMP_CTL: [EN_SPEED_AUTO]--tempInc:30.000--fan_speed:88.000--target:46.000--current:43.000--env:25.000--minspeed:88--maxspeed:108
07-16 10:30:44.291   589  1722 I TEMP_CTL: Device_Fan_New_MCU setSpeed = 88
07-16 10:30:44.390   589  1744 I TEMP_CTL: [EN_SPEED_AUTO]--tempInc:30.000--fan_speed:88.000--target:46.000--current:43.000--env:25.000--minspeed:88--maxspeed:108
07-16 10:30:44.390   589  1744 I TEMP_CTL: Device_Fan_New_MCU setSpeed = 88
07-16 10:30:44.403   589  1751 I PlatformSys: getCpuTempterature:50
07-16 10:30:44.403   589  1751 I TEMP_CTL: [run:1108]factory mode:1
07-16 10:30:44.405   589  1216 D XGIMI_RADAR_CTL: checkScanResult[271]:radarDistance:256
07-16 10:30:44.605   589  1751 D TEMP_CTL: get fan speed success :air_intake_fan:[1150][1150] air_out_fan[1150][0] dedust_DMD_fan[0][0]
07-16 10:30:44.606   589  1751 D TEMP_CTL: get fan speed success :air_intake_fan:[1150][1150] air_out_fan[1150][0] dedust_DMD_fan[0][0]
07-16 10:30:44.608   589  1751 D TEMP_CTL: get fan speed success :air_intake_fan:[1150][1150] air_out_fan[1150][0] dedust_DMD_fan[0][0]
07-16 10:30:44.611     0     0 I         : [    C3] [wlan]Drop Gratuitous ARP from [7e:fd:0d:1c:47:05] [192:168:3:192]
07-16 10:30:44.611     0     0 I [    C3] [wlan][0]qmHandleRxPackets: (QM WARN) Mark NULL the Packet for Dropped Packet 0
07-16 10:30:44.630   384 23093 I resolv  : GetAddrInfoHandler::run: {107 262251 107 983147 10071 0}
07-16 10:30:44.630   384 23095 I resolv  : GetAddrInfoHandler::run: {107 262251 107 983147 10071 0}
07-16 10:30:44.630   384 23094 I resolv  : res_nmkquery: (QUERY, IN, A)
07-16 10:30:44.631   384 23096 I resolv  : res_nmkquery: (QUERY, IN, A)
07-16 10:30:44.648   384 23094 I resolv  : res_nsend: used send_dg 45 terrno: 0
07-16 10:30:44.648   384 23096 I resolv  : res_nsend: used send_dg 73 terrno: 0
07-16 10:30:44.649   384 23094 I resolv  : doQuery: rcode=0, ancount=1, return value=45
07-16 10:30:44.649   384 23096 I resolv  : doQuery: rcode=0, ancount=2, return value=73
07-16 10:30:44.719   589  1751 I PlatformSys: getCpuTempterature:51
07-16 10:30:44.796   589  1707 I TEMP_CTL: [EN_SPEED_AUTO]--tempInc:30.000--fan_speed:88.000--target:46.000--current:43.000--env:25.000--minspeed:88--maxspeed:108
07-16 10:30:44.796   589  1707 I TEMP_CTL: Device_Fan_New_MCU setSpeed = 88
07-16 10:30:44.884   589  1667 D XlabControl: xlabDaemonThread:1500 --- xlabDaemonThread start!
07-16 10:30:44.893   589  1722 I TEMP_CTL: [EN_SPEED_AUTO]--tempInc:30.000--fan_speed:88.000--target:46.000--current:43.000--env:25.000--minspeed:88--maxspeed:108
07-16 10:30:44.893   589  1722 I TEMP_CTL: Device_Fan_New_MCU setSpeed = 88
07-16 10:30:44.905   589  1216 D XGIMI_RADAR_CTL: checkScanResult[271]:radarDistance:270
07-16 10:30:44.921   589  1751 I PlatformSys: getCpuTempterature:50
07-16 10:30:44.960   443   443 I [HAL_AUDIO_DumpDspInfo][14520][07607901]ADEC0 ESID: 00, FF|ES=0000(0000),PCM=0000|Type=<00,0>|play=0:<1194>,State=0,0(0)|frmCnt:0000,0000(0000),00,00,00,00,00|tag:000,000|AvDly=140(ext offset:0),STC=0,PTS=0,cPTS=0,|Td=0
07-16 10:30:44.960   443   443 I         : mute(0,0),acmode(5),ch_map(0x0)smp_rate(48000),bit_rate(0)
07-16 10:30:44.960   443   443 I         : SND vol mch:0x800000,ch5:0x800000,ch6:0x800000,ch7:0x800000,ch8:0x800000
07-16 10:30:44.992   589  1744 I TEMP_CTL: [EN_SPEED_AUTO]--tempInc:30.000--fan_speed:88.000--target:46.000--current:43.000--env:25.000--minspeed:88--maxspeed:108
07-16 10:30:44.992   589  1744 I TEMP_CTL: Device_Fan_New_MCU setSpeed = 88
07-16 10:30:45.122   589  1751 I PlatformSys: getCpuTempterature:51
07-16 10:30:45.323   589  1751 I PlatformSys: getCpuTempterature:50
07-16 10:30:45.398   589  1707 I TEMP_CTL: [EN_SPEED_AUTO]--tempInc:30.000--fan_speed:88.000--target:46.000--current:43.000--env:25.000--minspeed:88--maxspeed:108
07-16 10:30:45.398   589  1707 I TEMP_CTL: Device_Fan_New_MCU setSpeed = 88
07-16 10:30:45.406   589  1216 D XGIMI_RADAR_CTL: checkScanResult[271]:radarDistance:220
07-16 10:30:45.416   589  1243 D GM_DISP_CTRL: [UpdateTempLumesCfg:10508]Wait time to update TempCfg: LastDetectTime=7607597
07-16 10:30:45.495   589  1722 I TEMP_CTL: [EN_SPEED_AUTO]--tempInc:30.000--fan_speed:88.000--target:46.000--current:43.000--env:25.000--minspeed:88--maxspeed:108
07-16 10:30:45.495   589  1722 I TEMP_CTL: Device_Fan_New_MCU setSpeed = 88
07-16 10:30:45.525   589  1751 I PlatformSys: getCpuTempterature:51
07-16 10:30:45.525   589  1751 I TEMP_CTL: [run:1108]factory mode:1
07-16 10:30:45.594   589  1744 I TEMP_CTL: [EN_SPEED_AUTO]--tempInc:30.000--fan_speed:88.000--target:46.000--current:43.000--env:25.000--minspeed:88--maxspeed:108
07-16 10:30:45.594   589  1744 I TEMP_CTL: Device_Fan_New_MCU setSpeed = 88
07-16 10:30:45.726   589  1751 D TEMP_CTL: get fan speed success :air_intake_fan:[1150][1150] air_out_fan[1100][0] dedust_DMD_fan[0][0]
07-16 10:30:45.728   589  1751 D TEMP_CTL: get fan speed success :air_intake_fan:[1150][1150] air_out_fan[1100][0] dedust_DMD_fan[0][0]
07-16 10:30:45.730   589  1751 D TEMP_CTL: get fan speed success :air_intake_fan:[1150][1150] air_out_fan[1100][0] dedust_DMD_fan[0][0]
07-16 10:30:45.840   589  1751 I TEMP_CTL: [run:1061]TempSensor[6] temperature:42
07-16 10:30:45.842   589  1751 I PlatformSys: getCpuTempterature:51
07-16 10:30:45.884   589  1667 D XlabControl: xlabDaemonThread:1500 --- xlabDaemonThread start!
07-16 10:30:45.906   589  1216 D XGIMI_RADAR_CTL: checkScanResult[271]:radarDistance:220
07-16 10:30:46.000   589  1707 I TEMP_CTL: [EN_SPEED_AUTO]--tempInc:30.000--fan_speed:88.000--target:45.000--current:42.000--env:25.000--minspeed:88--maxspeed:108
07-16 10:30:46.000   589  1707 I TEMP_CTL: Device_Fan_New_MCU setSpeed = 88
07-16 10:30:46.002   838   864 D AutofillManagerService: Close system dialogs
07-16 10:30:46.004  1945  1945 D misckey : BroadcastReceiver ACTION_CLOSE_SYSTEM_DIALOGS form:null reason:homekey
07-16 10:30:46.004  1945  1945 D misckey : [(com.xgimi.keystone.view.keystone.ZoomWind.java:332)#isWindowShow] isAttachedToWindow:false
07-16 10:30:46.004  1945  1945 D misckey : cancelAdapt
07-16 10:30:46.004  1945  1945 D misckey : hideKeyStoneWind start
07-16 10:30:46.004  1390  1390 D WindowSystem: [(com.xgimi.windowsystem.WondowService$3.java.java:87)#onServiceConnected] closeDialog
07-16 10:30:46.004  1390  1390 D WindowSystem: [(com.xgimi.windowsystem.WondowService.java:140)#closeDialogAllSystemUIServices] dialogCancel
07-16 10:30:46.004  1945  1945 W ContextImpl: Calling a method in the system process without a qualified user: android.app.ContextImpl.sendBroadcast:1220 android.content.ContextWrapper.sendBroadcast:504 com.xgimi.misckey.component.MiscKeyService.sendNoti:580 com.xgimi.misckey.component.MiscKeyService.hideKeyStoneWind:507 com.xgimi.misckey.component.MiscKeyService.-$$Nest$mhideKeyStoneWind:0 
07-16 10:30:46.004  1166  1188 D MonitorActivityController: ** Activity starting: Intent { act=android.intent.action.MAIN cat=[android.intent.category.HOME] cmp=com.google.android.apps.tv.launcherx/.home.HomeActivity } : com.google.android.apps.tv.launcherx
07-16 10:30:46.004  1390  1390 D WindowSystem: [(com.xgimi.windowsystem.WondowService.java:147)#closeDialogAllSystemUIServices] running[0]=com.xgimi.windowsystem.global.focus.FocusUI@aea364c
07-16 10:30:46.004  1390  1390 D WindowSystem: hideFocusAdjustz 自动对焦界面hide false, isFromRemoteControl = false
07-16 10:30:46.005  1390  1390 D WindowSystem: [(com.xgimi.windowsystem.WondowService.java:147)#closeDialogAllSystemUIServices] running[1]=com.xgimi.windowsystem.global.TurboLightUI@d0c7695
07-16 10:30:46.005  1063  1093 D WindowManagerShell: TvPipMenuController: closeMenu()
07-16 10:30:46.005  1063  1093 D WindowManagerShell: TvPipMenuController: switchToMenuMode: from=MODE_NO_MENU, to=MODE_NO_MENU
07-16 10:30:46.005  1390  1390 D WindowSystem: [(com.xgimi.windowsystem.WondowService.java:147)#closeDialogAllSystemUIServices] running[2]=com.xgimi.windowsystem.global.mcu.McuUpdateUI@6ae13aa
07-16 10:30:46.005  1390  1390 D WindowSystem: [(com.xgimi.windowsystem.WondowService.java:154)#closeDialogAllSystemUIServices] end
07-16 10:30:46.005   838  2047 E ActivityManager: Sending non-protected broadcast com.xgimi.action.Notifications from system 1945:com.xgimi.misckey/1000 pkg com.xgimi.misckey
07-16 10:30:46.005   838  2047 E ActivityManager: java.lang.Throwable
07-16 10:30:46.005   838  2047 E ActivityManager: 	at com.android.server.am.ActivityManagerService.checkBroadcastFromSystem(ActivityManagerService.java:14348)
07-16 10:30:46.005   838  2047 E ActivityManager: 	at com.android.server.am.ActivityManagerService.broadcastIntentLockedTraced(ActivityManagerService.java:15173)
07-16 10:30:46.005   838  2047 E ActivityManager: 	at com.android.server.am.ActivityManagerService.broadcastIntentLocked(ActivityManagerService.java:14412)
07-16 10:30:46.005   838  2047 E ActivityManager: 	at com.android.server.am.ActivityManagerService.broadcastIntentWithFeature(ActivityManagerService.java:15378)
07-16 10:30:46.005   838  2047 E ActivityManager: 	at android.app.IActivityManager$Stub.onTransact(IActivityManager.java:2653)
07-16 10:30:46.005   838  2047 E ActivityManager: 	at com.android.server.am.ActivityManagerService.onTransact(ActivityManagerService.java:2730)
07-16 10:30:46.005   838  2047 E ActivityManager: 	at android.os.Binder.execTransactInternal(Binder.java:1339)
07-16 10:30:46.005   838  2047 E ActivityManager: 	at android.os.Binder.execTransact(Binder.java:1275)
07-16 10:30:46.006  1063  1063 I vol.VolumeDialogImpl: mDialog.dismiss() reason: volume_controller from: com.android.systemui.volume.VolumeDialogImpl$7.onDismissRequested:3
07-16 10:30:46.007  1945  1945 D misckey : [(com.xgimi.keystone.view.keystone.ZoomWind.java:332)#isWindowShow] isAttachedToWindow:false
07-16 10:30:46.007  1945  1945 E KeyStoneWind: false
07-16 10:30:46.007  1945  1945 D misckey : [(com.xgimi.keystone.view.keystone.ZoomWind.java:332)#isWindowShow] isAttachedToWindow:false
07-16 10:30:46.007  1945  1945 D misckey : [(com.xgimi.keystone.view.keystone.ZoomWind.java:332)#isWindowShow] isAttachedToWindow:false
07-16 10:30:46.007  1945  1945 D misckey : hideKeyStoneWind end
07-16 10:30:46.009  1166 23097 D MonitorActivityController: className: com.google.android.apps.tv.launcherx.home.HomeActivity
07-16 10:30:46.010  1166 23097 I TvAgent_LiveTVLauncher: start mCompleted: true, mEnabled: 0, pkg: com.google.android.apps.tv.launcherx, settingsChanged: true
07-16 10:30:46.011  1166  1361 D NetflixController: Start activity pkgName= com.google.android.apps.tv.launcherx launchControl= Netflix_None
07-16 10:30:46.012   838   865 E CellBroadcastUtils: getDefaultCellBroadcastReceiverPackageName: no package found
07-16 10:30:46.013   549   579 D audio_hw_primary: adev_set_parameters: foreground_app_change=com.google.android.apps.tv.launcherx
07-16 10:30:46.004     1     1 I init    : processing action (sys.mtk.running.application=*) from (/vendor/etc/init/hw/init.common.rc:612)
07-16 10:30:46.017  1166 15738 E SoundProvider: KEY_RUNNING_PACKAGE_NAME:settingItemId = running_package_name
07-16 10:30:46.020  1166 15738 D SoundProvider: runningPkg = com.google.android.apps.tv.launcherx || preRunningPkg = com.google.android.tv.remote.service
07-16 10:30:46.021  1166 15738 D SoundProvider: getSeparateBalance: [false]
07-16 10:30:46.021  1166 15738 D SoundProvider: getSeparateBalance: [false]
07-16 10:30:46.022  1166 15738 D SoundProvider: spdif = Auto
07-16 10:30:46.024  1063  1093 V WindowManagerShell: Transition requested: android.os.BinderProxy@ae8117c TransitionRequestInfo { type = OPEN, triggerTask = TaskInfo{userId=0 taskId=86 displayId=0 isRunning=true baseIntent=Intent { act=android.intent.action.MAIN cat=[android.intent.category.HOME] flg=0x10800000 pkg=com.google.android.apps.tv.launcherx cmp=com.google.android.apps.tv.launcherx/.home.HomeActivity } baseActivity=ComponentInfo{com.google.android.apps.tv.launcherx/com.google.android.apps.tv.launcherx.home.HomeActivity} topActivity=ComponentInfo{com.google.android.apps.tv.launcherx/com.google.android.apps.tv.launcherx.home.HomeActivity} origActivity=null realActivity=ComponentInfo{com.google.android.apps.tv.launcherx/com.google.android.apps.tv.launcherx.home.HomeActivity} numActivities=1 lastActiveTime=167999273 supportsMultiWindow=false resizeMode=0 isResizeable=false minWidth=-1 minHeight=-1 defaultMinSize=220 token=WCT{android.window.IWindowContainerToken$Stub$Proxy@c0b6a05} topActivityType=2 pictureInPictureParams=null shouldDockBigOverlays=true launchIntoPipHostTaskId=-1 lastParentTaskIdBeforePip=-1 displayCutoutSafeInsets=null topActivityInfo=ActivityInfo{7da5a com.google.android.apps.tv.launcherx.home.HomeActivity} launchCookies=[] positionInParent=Point(0, 0) parentTaskId=-1 isFocused=true isVisible=false isVisibleRequested=true isSleeping=false topActivityInSizeCompat=false topActivityEligibleForLetterboxEducation= false topActivityLetterboxed= false isFromDoubleTap= false topActivityLetterboxVerticalPosition= -1 topActivityLetterboxHorizontalPosition= -1 topActivityLetterboxWidth=-1 topActivityLetterboxHeight=-1 locusId=null displayAreaFeatureId=1 cameraCompatControlState=hidden}, remoteTransition = null, displayChange = null }
07-16 10:30:46.026   838   865 I ActivityTaskManager: START u0 {act=android.intent.action.MAIN cat=[android.intent.category.HOME] flg=0x10000100 cmp=com.google.android.apps.tv.launcherx/.home.HomeActivity (has extras)} with LAUNCH_SINGLE_TASK from uid 0 (BAL_ALLOW_ALLOWLISTED_UID) result code=2
07-16 10:30:46.029 16455 16455 W AccountSelectorDataServ: Single user condition 1 [true]
07-16 10:30:46.030 16455 16455 W AccountSelectorDataServ: Single user condition 2 [true]
07-16 10:30:46.030 16455 16455 W AccountSelectorDataServ: Single user condition 3 [true]
07-16 10:30:46.031 16455 16455 W AccountSelectorDataServ: Single user condition 4 [true]
07-16 10:30:46.033   838   867 W ProcessStats: Tracking association SourceState{4fabc3d com.google.android.apps.tv.launcherx/10069 BTop #34750} whose proc state 2 is better than process ProcessState{84aec32 com.google.android.gms.persistent/10068 pkg=com.google.android.gms} proc state 3 (11 skipped)
07-16 10:30:46.043   589  1751 I PlatformSys: getCpuTempterature:52
07-16 10:30:46.044 17088 17088 D cast_MediashellMediaRouteProviderService: [MediashellMediaRouteProviderService.java:37] Returning null binder.
07-16 10:30:46.052   580   580 I BpBinder: onLastStrongRef automatically unlinking death recipients: 
07-16 10:30:46.053   443   443 I [HAL_AUDIO_DumpDspInfo][14520][07608993]ADEC0 ESID: 00, FF|ES=0000(0000),PCM=0000|Type=<00,0>|play=0:<1194>,State=0,0(0)|frmCnt:0000,0000(0000),00,00,00,00,00|tag:000,000|AvDly=140(ext offset:0),STC=0,PTS=0,cPTS=0,|Td=0
07-16 10:30:46.053   443   443 I         : mute(0,0),acmode(5),ch_map(0x0)smp_rate(48000),bit_rate(0)
07-16 10:30:46.053   443   443 I         : SND vol mch:0x800000,ch5:0x800000,ch6:0x800000,ch7:0x800000,ch8:0x800000
07-16 10:30:46.064   838  2047 D ActivityManager: sync unfroze 22358 com.android.providers.tv for 7
07-16 10:30:46.070   555   555 D hwcomposer3: HWCLayer::mapLayerMmpIova: layer[ 161] data.fd = '63', data.addr = 0x8955105280
07-16 10:30:46.080 17313 17313 D BoundBrokerSvc: onRebind: Intent { act=com.google.android.gms.auth.aang.events.services.START dat=chimera-action:/... cmp=com.google.android.gms/.chimera.PersistentApiService }
07-16 10:30:46.096 16455 16455 W HomeActivityPeerImpl: Wake by home key, stop dispatch
07-16 10:30:46.097   589  1722 I TEMP_CTL: [EN_SPEED_AUTO]--tempInc:30.000--fan_speed:88.000--target:45.000--current:42.000--env:25.000--minspeed:88--maxspeed:108
07-16 10:30:46.097   589  1722 I TEMP_CTL: Device_Fan_New_MCU setSpeed = 88
07-16 10:30:46.107 16455 16455 W Settings: Setting development_settings_enabled has moved from android.provider.Settings.Secure to android.provider.Settings.Global.
07-16 10:30:46.109 16455 16455 W BootModeAppToForeground: LauncherX to foreground
07-16 10:30:46.112 16455 16475 W BootModeAppToForeground: LauncherX to foreground. The context is com.google.android.apps.tv.launcherx.home.HomeActivity.
07-16 10:30:46.112 16455 16475 W BootModeAppToForeground: Update active account last used time.
07-16 10:30:46.115   838   923 D CompatibilityChangeReporter: Compat change id reported: 265195908; UID 10067; state: ENABLED
07-16 10:30:46.118  1063  1093 D WindowManagerShell: TvPipController: onTaskStackChanged()
07-16 10:30:46.123   838  2047 D ActivityManager: sync unfroze 22337 com.google.android.apps.tv.dreamx:smarthome for 7
07-16 10:30:46.134   838  2025 D ActivityManager: sync unfroze 17347 com.google.android.gms for 6
07-16 10:30:46.148 16455 16481 E OpenGLRenderer: Unable to match the desired swap behavior.
07-16 10:30:46.163 16455 23101 E ActivityThread: Failed to find provider info for com.google.android.apps.youtube.tvunplugged.client.provider
07-16 10:30:46.179   511   511 D mali_gralloc: [allocator_allocate():288] allocating buffer (1920, 1080) usage=0x0x40000000000b00, format=0x0x1, size=8486912, heap_name=mtk_mali_gop_uncached
07-16 10:30:46.183 17347 17347 D BoundBrokerSvc: onBind: Intent { act=com.google.android.gms.auth.service.START pkg=com.google.android.gms }
07-16 10:30:46.183 17347 17347 D BoundBrokerSvc: Loading bound service for intent: Intent { act=com.google.android.gms.auth.service.START pkg=com.google.android.gms }
07-16 10:30:46.184 16455 16478 W BootModeNotificationMan: Mark criteria LauncherX in foreground: tif_in_foreground_on_screen_off = [false], dispatch_to_amati_home = [true], launcherx_in_foreground = [true].
07-16 10:30:46.189  1166 15738 D TvAgent_GTVModeObserver: onChange: content://com.google.android.apps.tv.launcherx.coreservices.DeviceModeContentProvider/queryDeviceMode
07-16 10:30:46.189  1166 15738 D TvAgent_GTVModeObserver: updateGoogleTvMode: 
07-16 10:30:46.196   589  1744 I TEMP_CTL: [EN_SPEED_AUTO]--tempInc:30.000--fan_speed:88.000--target:45.000--current:42.000--env:25.000--minspeed:88--maxspeed:108
07-16 10:30:46.196   589  1744 I TEMP_CTL: Device_Fan_New_MCU setSpeed = 88
07-16 10:30:46.207 22337 22437 W SetupWithMediaShellFallbackCastIdProvider: Got empty cast Id from setup, falling back to MediaShell.
07-16 10:30:46.207   384 23104 I resolv  : GetAddrInfoHandler::run: {107 107 107 983147 10069 0}
07-16 10:30:46.208 22337 22437 W EligibilityManagerImpl: SmartHome: Cast ID not found
07-16 10:30:46.208   384 23105 I resolv  : res_nmkquery: (QUERY, IN, A)
07-16 10:30:46.209 16455 16479 W DeviceCustomizationsImp: Cached DeviceCustomizations found.
07-16 10:30:46.213 16455 16475 W CustomizationsConversio: Setting power on mode to HOME.
07-16 10:30:46.214 16455 16475 W LastUsedInputProtoDataS: Mark Home as last input
07-16 10:30:46.216 16455 16479 W BootModeAppToForeground: Background timeout condition 1 [false]
07-16 10:30:46.216 16455 16479 W BootModeAppToForeground: Background timeout condition 2 [true]
07-16 10:30:46.217 16455 16479 W BootModeAppToForeground: Background timeout condition 3 [true]
07-16 10:30:46.218 16455 16479 W BootModeAppToForeground: Background timeout condition 4 [false]
07-16 10:30:46.245   589  1751 I PlatformSys: getCpuTempterature:55
07-16 10:30:46.245   589  1751 I TEMP_CTL: [run:1094]CPU temperature:51
07-16 10:30:46.260  1166  1326 D TvAgent_GTVModeObserver: isGTVMode: 0 ,isNeedUpdateGtvMode: true
07-16 10:30:46.260  1166  1326 D TvAgent_GTVModeObserver: isGTVMode: 0
07-16 10:30:46.268  1063  1093 V WindowManagerShell: onTransitionReady android.os.BinderProxy@ae8117c: {id=104 t=OPEN f=0x0 trk=0 r=[0@Point(0, 0)] c=[{WCT{android.window.IWindowContainerToken$Stub$Proxy@6594226} m=TO_FRONT f=MOVE_TO_TOP leash=Surface(name=Task=85)/@0x37b948b sb=Rect(0, 0 - 1920, 1080) eb=Rect(0, 0 - 1920, 1080) d=0},{WCT{android.window.IWindowContainerToken$Stub$Proxy@58cee67} m=TO_BACK f=NONE leash=Surface(name=Task=92)/@0x162c968 sb=Rect(0, 0 - 1920, 1080) eb=Rect(0, 0 - 1920, 1080) d=0}]}
07-16 10:30:46.268  1063  1093 V WindowManagerShell: Playing animation for (#104)android.os.BinderProxy@ae8117c@0
